Conteúdo excluído.[12/12/2017 18:06:05] Datbruno: ae adm, chegae
[12/12/2017 19:50:22] Kiritooni: a quest do metagross precisa de 3 itens e de vip ne 
[13/12/2017 20:28:11] Panoramic: Luiz, o comando love foi retirado? Meio que o pokemon fica triste, ai termina ficando fraco kk
[14/12/2017 00:43:17] Reiiziinhoo: afs fiz quest milotic mais n ganhei o feebas -,-
[16/12/2017 00:07:32] Ares: 23:06 Loot of a quagsire: a Water Stone, 2 water pendants, 100 water gems.
[16/12/2017 18:00:16] Netflix: algume ajuda n consigo completa o tutorial '-' ?
[17/12/2017 20:03:40] Nordestino Brabo: como da tp?
[17/12/2017 21:21:37] Nordestino Brabo: Algume?
[17/12/2017 23:23:22] Marco Aurelio: luiz quest ta bugada dinovo
[21/12/2017 21:20:52] Reiiziinhoo: crl q dano e esse da rock machine? mds em
[21/12/2017 21:59:13] Marco Aurelio: adm
[21/12/2017 22:16:17] Yoon: Aonde fica a quest inicial
[22/12/2017 00:30:32] Yoon: hi
[22/12/2017 00:56:22] Yoon: Aonde vende comida pro pokemon
[22/12/2017 03:15:29] Yoon: Oq é online bonus?
[23/12/2017 14:44:23] Kiko: adm achei
[23/12/2017 14:46:18] Kiko: adm vem aki
[23/12/2017 14:51:08] Kiko: pera
[24/12/2017 10:46:49] Nynx: adm on?
[24/12/2017 20:54:00] Zalucard: como deixa o poke feliz?
[24/12/2017 21:44:21] Ruflos: adm vc mecheu o capiturar ??
[24/12/2017 21:51:49] Ruflos: !telepor singer
[25/12/2017 02:45:33] Nynx: ei
[25/12/2017 04:06:47] Hesmione: cadê a porra da barra de move?
[25/12/2017 09:14:46] Marco Aurelio: hi
[25/12/2017 17:29:16] Yahu: Alguém ae?
[25/12/2017 17:41:42] Yahu: Aluem ae?
[25/12/2017 19:29:32] Lool: !bug
[25/12/2017 21:29:02] Acougueiro: cade os cara pra ajuda tem um s.onix n da pra passa
[26/12/2017 00:37:26] Sr suado jr: Oi
[26/12/2017 22:43:12] Dark Phoenyx: aqui no server tem quest das stones iniciais?
[27/12/2017 09:09:52] Kurt Kobain Two: oq sao essas rocket machine?
[27/12/2017 09:18:53] Marco Aurelio: Kurt Kobain Two- eledropao pikachu doll
[27/12/2017 10:11:11] Kurt Kobain Two: todo rocket machine tem um zorua junto ?
[27/12/2017 14:05:35] Onde Escreve: como coloca order na hotkay?
[27/12/2017 14:21:55] Onde Escreve: onde fica o cp
[27/12/2017 15:10:04] Kurt Kobain Two: onde tem nossepass
[27/12/2017 17:04:54] Onde Escreve: admin onde ta o full map?
[27/12/2017 17:15:24] Onde Escreve: 0coe admin da uma atenção
[27/12/2017 20:04:59] Dark Phoenyx: autoloot funciona?
[27/12/2017 20:32:32] Kurt Kobain Two: pq meus pokes tao sem portrait? a foto em cima da ball
[27/12/2017 20:49:59] Boruto: tem como fazer aparecer as habilidades do pokemon ?
[28/12/2017 00:12:07] Riiczera: O mini mapa esta bugado ou é problema aqui?
[28/12/2017 07:19:45] Pudin Stt: adm
[29/12/2017 22:02:58] Dark Phoenyx: hi
[29/12/2017 22:45:02] The Master Killer: alguem?
[29/12/2017 22:48:13] The Master Killer: !bug
[29/12/2017 23:06:08] Lexos: vai reiniciar?
[29/12/2017 23:35:00] The Master Killer: luiz??
[30/12/2017 00:06:17] The Master Killer: como crio guild
[30/12/2017 00:43:29] Lexos: !bu
[30/12/2017 00:44:30] Lexos: adm tá on?]
[30/12/2017 00:55:53] The Master Killer: Lexos -> Sem perguntas assim no help.
[30/12/2017 01:07:05] Sr suado jr: Solicitem no grupo novo, quem solicitar vai ganhar um bomboM, é pra agora.. la você pode fazer publicações, sugestões, reclamar de bug e aprender novas coisas, AGORA! -> https://www.facebook.com/groups/2302499139763861/
[30/12/2017 01:11:40] [GM] Yago: Sr Suado Jr, sem isso tipo de mensagem aqui! divulgue em outro local.
[30/12/2017 01:14:47] Lord-matador: ice claro
[30/12/2017 01:15:04] Forever You: n tenho lv '-'
[30/12/2017 01:15:14] The Master Killer: Sr Suado-> Sem isso aqui. /////////// Queremos pesadelo sim! //////// Forever You >> sem isso aqui
[30/12/2017 01:15:18] Linux: S
[30/12/2017 01:15:18] Reiiziinhoo: quem vai solar?
[30/12/2017 01:15:28] Yoon: Qual o premio?
[30/12/2017 01:15:42] Matmast: go pesade amanha
[30/12/2017 01:16:10] [GM] Yago: Vou fazer uma enquete no 2 grupo, se não solicitou solicita lá, e vota! -> https://www.facebook.com/groups/2302499139763861/
[30/12/2017 01:16:43] Reiiziinhoo: hi
[30/12/2017 01:22:50] Lexos: hi
[30/12/2017 01:29:19] Sr suado jr: Lexos _> Cuidado Help aberto!
[30/12/2017 01:49:34] Dog Mau: ae alguem sabe se o luiz add a missao pra ganhar a outfit obeso christimas??
[30/12/2017 01:58:37] Dog Mau: hi
[30/12/2017 02:00:15] The Master Killer: Reizinho/ Lexos/ Dog Mau --> sem isso auqi
[30/12/2017 12:11:24] The red slayer: mano, divulga mais o serve
[30/12/2017 12:41:17] Thekiira: aonde tem o npc pra compra comida pro poke ?
[30/12/2017 12:56:29] Thekiira: aonde fica o npc de comida ?
[30/12/2017 13:06:54] [DVL] Patatti: oi
[30/12/2017 13:13:21] Thekiira: Aonde fica o npc de comida pra pokemon ???????
[30/12/2017 13:33:36] Thekiira: tem como deixa o maap full ?
[30/12/2017 13:37:11] [Tutor] Marcos Aurelio: Exprorando
[30/12/2017 13:37:26] [GM] HuuL: ,
[30/12/2017 13:39:19] Thekiira: tipo tem como deixa o mapa grandao ?
[30/12/2017 13:39:45] The Master Killer: Thekiira -->> Não, o tamanho dele é esse que aparece na tela, não tem como esticar.
[30/12/2017 13:41:11] Thekiira: a ok pensei que tinha alguma tecla tipo contra + tab tendeu ? se nao tiver vlw e desculpa
[30/12/2017 13:42:10] The Master Killer: Thekiira --> sem comentários no help.
[30/12/2017 13:42:21] [Tutor] Marcos Aurelio: Thekiira- sem issu aqui pf
[30/12/2017 13:42:43] Thekiira: tem comando de loot ?
[30/12/2017 13:43:12] The Master Killer: Thekiira --> Sim, !autoloot
[30/12/2017 13:44:16] Morte: Thekiira - sim, !autoloot e o nome do item 
[30/12/2017 13:45:19] [Tutor] Marcos Aurelio: Thekiira-!autoloot
[30/12/2017 13:51:14] [ADM] Luiz: facil
[30/12/2017 13:51:46] [ADM] Luiz: enter!autoloot
[30/12/2017 13:51:52] [ADM] Luiz: enter!autoloot add,2160
[30/12/2017 13:52:22] [Tutor] Marcos Aurelio: [ADM] Luiz-sem issu aqui
[30/12/2017 13:53:23] Thekiira: Nao consigo colocar itens no autoloot! alguem pode me falar como faço isso ?
[30/12/2017 14:03:00] Thekiira: Nao consigo colocar itens no autoloot! alguem pode me falar como faço isso ?
[30/12/2017 14:04:39] [Tutor] Marco Aurelio: Thekiira- estabugado
[30/12/2017 14:06:15] Thekiira: Nao consigo colocar itens no autoloot! alguem pode me falar como faço isso ?
[30/12/2017 14:08:12] Kakapokotyuxv: yTF
[30/12/2017 14:09:13] Kakapokotyuxv: estou respondendo pgts 
[30/12/2017 14:10:19] [Help] Empreguete Do Yago: Kakapokotyuxv -- Sem isso aq
[30/12/2017 14:11:16] The Master Killer: Kakapokotyuxv --> Sem comentários no help.
[30/12/2017 14:13:45] [Tutor] Marco Aurelio: Kakapokotyuxv-Sem Issu No Help
[30/12/2017 14:48:39] Guichazks: quando dropa stone, aparece algum tipo de aviso vindo do pokemon ou somente olhando?
[30/12/2017 14:50:42] [Help] Sem Noção: Guichazks--Sim, Aparece uma exclamaçao azul
[30/12/2017 14:55:12] Guichazks: o mapa é igual o dos outros ots?
[30/12/2017 14:58:45] The Master Killer: Guichanks-->> Sim; semelhante ao OTP
[30/12/2017 14:59:15] [Help] Sem Noção: Guichazks--Sim, é o mapa do otp
[30/12/2017 15:25:34] The Master Killer: !bug
[30/12/2017 15:31:32] Guichazks: huntail ou gorebyss?
[30/12/2017 15:44:06] [Help] Sem Noção: Guichazks--Vai da sua escolha
[30/12/2017 15:50:13] Guichazks: o mark compra as eletric box?
[30/12/2017 15:50:28] [Help] Sem Noção: Guichazks--Sim
[30/12/2017 15:55:25] The Master Killer: como crio guiild/
[30/12/2017 15:56:23] [Help] Sem Noção: The Master Killer--Fala .!createguild e o nome da guild
[30/12/2017 16:00:19] [Help] Sem Noção: é nada
[30/12/2017 17:37:44] Rafa: algum help online ?
[30/12/2017 18:01:03] Jeisel: como coloko a pesca nos atalhos
[30/12/2017 19:46:50] Thekiira: como faço pra colocar 1 intem no autolook ?
[30/12/2017 19:53:57] Thekiira: !bug
[30/12/2017 20:33:37] Moouse: alguem manda link do client novo
[30/12/2017 20:51:19] Moouse: alguem manda client baixei o q tinha no site e tava errado tbm 
[30/12/2017 20:54:57] Lukas: Moouse--->>> http://www.mediafire.com/file/exuuubo5b1y4bm1/Pokemon+Fenix+V2.2.rar Baixa ai e Bom Jogo !!
[30/12/2017 21:06:07] [Help] Dorminhoca: Moouse--http://www.mediafire.com/file/exuuubo5b1y4bm1/Pokemon+Fenix+V2.2.rar  Só baixar, tenho um bom game
[30/12/2017 21:42:46] Qs Crazy: Que lvl compra house?
[30/12/2017 21:43:47] Lukas: Qs Crazy-->> Lvl 100 + ... 
[30/12/2017 22:57:49] The Wps: man koe n da pra entra com outra ball no safari , blz ai eu entro e n me deram nenhuma ball como vou catch meu sedoot
[30/12/2017 23:22:28] The Master Killer: marco
[31/12/2017 02:28:21] Onde Escreve: wtf 
[31/12/2017 02:34:34] The Master Killer: Onde Escreve --> sem isso aqui,
[31/12/2017 03:03:05] The red slayer: alguem ai pf? me manda pm se tiver
[31/12/2017 03:18:14] The Master Killer: The Red Slayer --> sem comentarios no help
[31/12/2017 05:15:09] The Wps: como ta o nome da crystal stone ( nao esta crystal ) kk
[31/12/2017 11:28:47] Caique Brandao: Alguem me doa pokeee? :V
[31/12/2017 11:31:57] Bruxinha: Caique Brandao-- Sem isso aq, peça em outro local
[31/12/2017 14:14:06] Tio Xande: e facil dropa stone ?
[31/12/2017 14:23:41] Rayto: luiz on ?
[31/12/2017 16:06:30] Lukiz: Afff, jogo deu rollback :/
[31/12/2017 16:26:45] Caique Brandao: Alguem on pode me tirar duvida?
[13/05/2020 21:11:38] [Help]King: qa
[14/05/2020 17:22:33] Fistpoke: 0jogo ta lagado?
[14/05/2020 17:43:07] Fistpoke: adm ta ae?
[14/05/2020 17:44:14] Fistpoke: adm, gm tem como dar goto em mim ae?
[23/09/2025 16:31:18] [GM] Eduardo: d
