Conteúdo excluído.[25/08/2017 23:51:37] Lyndi: Buy Crystal stone
[13/12/2017 22:44:08] Amanda Nuds: Sell Sh Venu Pm 
[14/12/2017 00:44:26] Reiiziinhoo: alquem on?
[16/12/2017 19:24:09] Venku: buy leaf stone
[23/12/2017 15:05:40] Empty Mormont: BUY WATER STONE
[23/12/2017 15:13:29] Empty Mormont: BUY WATER STONE
[23/12/2017 15:18:49] Empty Mormont: BUY WATER STONE
[23/12/2017 21:50:34] Tibiazeiro: SELL BOOST STONE
[23/12/2017 22:47:59] Sr suado jr: corer
[23/12/2017 22:54:45] Sr suado jr: !bug
[24/12/2017 01:21:02] Vivianesz: SELL META M
[24/12/2017 01:24:05] Vivianesz: hi
[25/12/2017 21:55:33] Srdragonite: Buy Heart Stone
[26/12/2017 01:04:58] Dark Phoenyx: 9!bug
[26/12/2017 22:19:39] Dark Phoenyx: buy enigma stone
[26/12/2017 22:31:39] Dark Phoenyx: buy enigma e cocon stone
[26/12/2017 23:27:08] Sr suado jr: Man quero mora cmg? kk
[27/12/2017 14:42:00] Gold: SELL BOOST STONE
[27/12/2017 21:52:42] Dark Phoenyx: hi
[30/12/2017 12:39:25] Furyuzz: Sell Meta
[30/12/2017 21:09:21] Lukas: Buy Leaf stone Pm aki
[31/12/2017 16:32:49] Lukiz: Buy Alakazam M
