[12/05/2020 21:27:12] /t
[13/05/2020 00:12:31] /m mew
[13/05/2020 00:13:10] /m mew
[13/05/2020 00:13:26] /m mew
[13/05/2020 00:14:23] /r
[13/05/2020 15:16:28] /addskill King,lvl,14
[13/05/2020 15:18:37] /goto [Tutor]Meno The One
[13/05/2020 15:22:47] /t
[13/05/2020 15:22:50] /ghost
[13/05/2020 15:22:55] /goto King
[13/05/2020 15:23:31] /goto King
[13/05/2020 15:25:27] /goto King
[13/05/2020 15:42:42] /t
[13/05/2020 16:23:13] /goto [Tutor]Meno The One
[13/05/2020 16:23:21] /ghost
[13/05/2020 16:23:29] /ghost
[13/05/2020 16:24:40] /c [Tutor]Meno The One
[13/05/2020 17:54:20] /c King
[13/05/2020 17:55:48] /newtype 2100,king
[13/05/2020 17:57:57] /newtype 340
[13/05/2020 17:58:01] /newtype 342
[13/05/2020 17:58:07] /newtype 411
[13/05/2020 17:58:12] /newtype 3
[13/05/2020 17:58:18] /newtype 103
[13/05/2020 17:58:24] /newtype 100
[13/05/2020 17:58:32] /newtype 299
[13/05/2020 17:58:40] /newtype 3100
[13/05/2020 17:59:28] /goto king
[13/05/2020 17:59:52] /goto king
[13/05/2020 18:01:00] /r
[13/05/2020 18:06:37] /goto king
[13/05/2020 18:07:09] /goto king
[13/05/2020 18:08:58] /c king
[13/05/2020 18:09:51] /c King
[13/05/2020 18:10:15] /c king
[13/05/2020 18:10:16] /c king
[13/05/2020 18:10:17] /c king
[13/05/2020 18:10:17] /c king
[13/05/2020 18:10:18] /c king
[13/05/2020 18:10:20] /c king/c king/c king/c king/c king/c king/c king
[13/05/2020 18:10:29] /c king
[13/05/2020 18:11:00] /goto king
[13/05/2020 18:11:02] /goto king
[13/05/2020 18:11:04] /goto king
[13/05/2020 18:11:06] /goto king
[13/05/2020 18:11:08] /goto king
[13/05/2020 18:11:18] /goto king
[13/05/2020 18:12:26] /i 2150
[13/05/2020 18:12:41] /i 2114
[13/05/2020 18:12:46] /i 2120
[13/05/2020 18:12:49] /i 2125
[14/05/2020 13:49:03] /goto [Tutor]Meno The One
[14/05/2020 14:24:09] /t
[14/05/2020 14:24:17] /goto virgem negra
[14/05/2020 14:27:58] /i punch stonr
[14/05/2020 14:28:14] /i punch stone
[14/05/2020 14:35:35] /goto [Tutor]Meno The One
[14/05/2020 17:38:58] /goto  [ADM] WALKER
[14/05/2020 17:40:26] /addskill [ADM] WALKER,lvl,500
[14/05/2020 17:43:14] /c Nick Name
[14/05/2020 17:45:47] /addskill Fistpoker,lvl,14
[14/05/2020 17:46:38] /c Fistpoker
[14/05/2020 19:01:00] /ghost 
[14/05/2020 19:01:03] /ghost
[14/05/2020 19:01:06] /goto Ngc Daddy
[14/05/2020 19:02:00] /addskill Ngc Daddy,lvl,14
[14/05/2020 19:03:02] /c Ngc Daddy
[14/05/2020 19:03:12] /ghost
[14/05/2020 19:03:35] /i bikebox
[14/05/2020 19:03:40] /i bike box
[14/05/2020 19:05:12] /t
[14/05/2020 19:55:55] /town vermilion
[14/05/2020 20:05:12] /town saffron
[15/05/2020 14:29:27] /t
[15/05/2020 14:30:29] /t [Cm]Meno The One
[15/05/2020 14:30:33] /c [Cm]Meno The One
[15/05/2020 14:32:00] /i box
[15/05/2020 15:33:16] /goto Orrik
[15/05/2020 15:34:19] /goto [gm] virgem negra
[15/05/2020 15:34:48] /goto [gm]Virgem Negra
[15/05/2020 15:35:11] /c zorua
[15/05/2020 15:36:15] /m zorua
[15/05/2020 15:37:17] /t
[15/05/2020 15:37:23] /c [ADM] WALKER
[15/05/2020 15:37:54] /goto [ADM] WALKER
[15/05/2020 15:38:47] /goto Virgem Negra
[15/05/2020 15:38:55] /c [gm] Virgem Negra
[15/05/2020 15:39:16] /newtype 2101
[15/05/2020 15:39:51] /b sla
[15/05/2020 16:06:29] /t
[15/05/2020 16:31:42] /goto [ADM] WALKER
[15/05/2020 16:48:27] /i addon box
[15/05/2020 16:48:56] /c marowak
[15/05/2020 17:05:56] /c [ADM] WALKER
[15/05/2020 17:07:10] /t
[15/05/2020 17:07:50] /goto Orrik
[15/05/2020 17:08:18] /t
