[04/11/2019 20:10:13] /t
[04/11/2019 21:05:20] /t
[09/05/2020 23:20:54] /m mew
[09/08/2020 20:14:29] /t
[09/08/2020 20:14:47] /town viridian
[10/08/2020 16:45:11] /t
[10/08/2020 16:47:08] /town
[10/08/2020 16:47:13] /town cinnabar
[10/08/2020 16:56:33] /goto gloom
[10/08/2020 21:05:15] /town cinnabar
[10/08/2020 21:07:56] /m zorua
[07/11/2020 17:00:11] /t
[08/11/2020 11:04:57] /t
[08/11/2020 11:19:48] /m carterpie
[08/11/2020 11:19:49] /m carterpie
[08/11/2020 11:19:50] /m carterpie
[08/11/2020 11:19:51] /m carterpie
[08/11/2020 11:19:51] /m carterpie
[08/11/2020 11:19:59] /m caterpie
[08/11/2020 11:20:00] /m caterpie
[08/11/2020 11:20:01] /m caterpie
[08/11/2020 11:20:01] /m caterpie
[08/11/2020 11:20:02] /m caterpie
[08/11/2020 11:20:02] /m caterpie
[08/11/2020 11:32:34] /m caterpie
[08/11/2020 11:32:35] /m caterpie
[08/11/2020 11:32:35] /m caterpie
[08/11/2020 11:32:36] /m caterpie
[08/11/2020 11:32:37] /m caterpie
[08/11/2020 13:57:32] /goto mew
[08/11/2020 13:59:31] /t
[08/11/2020 14:05:19] /goto mew
[08/11/2020 14:10:16] /t
[08/11/2020 14:16:53] /t
[08/11/2020 14:22:44] /t
[08/11/2020 14:40:52] /t
[08/11/2020 19:40:29] /m caterpie
[08/11/2020 22:22:07] /t
