[13/08/2020 15:52:38] /addskill teste,lvl,14
[13/08/2020 15:52:40] /t
[13/08/2020 15:56:05] /m caterpie
[13/08/2020 16:12:55] /i 2589
[13/08/2020 16:13:12] /i leaf stone
[13/08/2020 16:13:22] /i water stone
[13/08/2020 16:13:35] /i fire stone
[13/08/2020 16:13:51] /i insect stone
[13/08/2020 16:15:23] /i enigma stone
[13/08/2020 16:15:36] /i enigma stone
[13/08/2020 16:16:12] /i psychic stone
[13/08/2020 16:16:35] /i dusk stone
[13/08/2020 16:16:47] /i rock stone
[13/08/2020 16:17:04] /i earth stone
[13/08/2020 16:17:47] /i enigma stone
[13/08/2020 16:18:32] /i venom stone
[13/08/2020 16:19:30] /i heart stone
[13/08/2020 16:20:03] /i thuner stone
[13/08/2020 16:20:18] /i thuder stone
[13/08/2020 16:20:28] /i thunder stone
[13/08/2020 16:23:39] /newtype 2
[13/08/2020 16:24:33] /addskill [ADM]teiú-branco
[13/08/2020 16:24:42] /addskill [ADM]teiú-branco,lvl,1000
[13/08/2020 19:43:53] /m caterpie
[13/08/2020 19:44:31] /i 2160
[13/08/2020 21:10:19] /goto zorua
[13/08/2020 21:10:34] /t
[13/08/2020 22:18:02] /m caterpie
[14/08/2020 11:18:04] /b m
[14/08/2020 11:18:17] /b matheus é foda
[14/08/2020 11:20:41] /i bike box
[14/08/2020 11:22:00] /i boost stone
[14/08/2020 11:22:23] /t
[14/08/2020 11:22:40] /i shiny stone
[14/08/2020 11:22:40] /i shiny stone
[14/08/2020 11:22:41] /i shiny stone
[14/08/2020 11:22:41] /i shiny stone
[14/08/2020 11:22:42] /i shiny stone
[14/08/2020 11:22:43] /i shiny stone/i shiny stone
[14/08/2020 11:22:43] /i shiny stone
[14/08/2020 11:22:44] /i shiny stone
[14/08/2020 11:22:44] /i shiny stone
[14/08/2020 11:22:45] /i shiny stone
[14/08/2020 11:22:45] /i shiny stone
[14/08/2020 11:22:46] /i shiny stone
[14/08/2020 11:22:46] /i shiny stone
[14/08/2020 11:22:47] /i shiny stone
[14/08/2020 11:32:02] /town cinnabar
[14/08/2020 16:13:05] /t
[14/08/2020 16:15:01] /r
[14/08/2020 16:15:04] /r 1000
[14/08/2020 16:16:00] /r
[14/08/2020 16:16:48] /i 10494
[14/08/2020 23:07:09] /i leaf stone
[14/08/2020 23:44:50] /r
[14/08/2020 23:44:54] /r
[14/08/2020 23:44:58] /r
[14/08/2020 23:45:00] /r
[14/08/2020 23:45:06] /r 1000
[14/08/2020 23:46:22] /i dark stone
[14/08/2020 23:46:54] /a 10
[14/08/2020 23:46:57] /a 10
[14/08/2020 23:47:41] /t
[14/08/2020 23:47:56] /i Dusk Stone
[14/08/2020 23:48:54] /r 
[14/08/2020 23:48:55] /r 
[14/08/2020 23:48:58] /r 
[14/08/2020 23:48:59] /r 
[14/08/2020 23:49:03] /r  100
[14/08/2020 23:49:04] /r  100
[14/08/2020 23:50:16] /b alfha 
[15/08/2020 00:09:49] /b alfha 
[15/08/2020 22:16:24] /t
[17/08/2020 15:23:03] /i bike box
[17/08/2020 16:07:51] /t
[17/08/2020 16:25:55] /t
[10/11/2020 11:12:53] /t
[10/11/2020 11:13:49] /i 2050
[10/11/2020 11:13:52] /i 2050
[10/11/2020 11:14:37] /t
[10/11/2020 11:14:49] /i addon box
[10/11/2020 11:20:37] /i bike box
[10/11/2020 11:21:15] /goto mew
[10/11/2020 11:22:06] /t
[10/11/2020 11:40:42] /t
[10/11/2020 11:41:09] /goto alakazam
[10/11/2020 16:45:29] /r
[10/11/2020 16:45:33] /r
[10/11/2020 16:45:40] /r
[10/11/2020 16:45:45] /r
[10/11/2020 16:45:47] /r
[10/11/2020 16:45:49] /r
[10/11/2020 16:45:50] /r
[10/11/2020 16:45:52] /r
[10/11/2020 16:45:54] /r
[10/11/2020 17:01:09] /r
[10/11/2020 17:01:13] /r
[10/11/2020 17:32:02] /t
[10/11/2020 23:06:50] /t
[10/11/2020 23:09:21] /i shiny stone
[10/11/2020 23:09:28] /i shiny stone
[10/11/2020 23:09:29] /i shiny stone
[10/11/2020 23:09:29] /i shiny stone
[10/11/2020 23:09:30] /i shiny stone
[10/11/2020 23:09:30] /i shiny stone
[10/11/2020 23:09:31] /i shiny stone
[10/11/2020 23:09:31] /i shiny stone
[10/11/2020 23:09:32] /i shiny stone
[10/11/2020 23:09:32] /i shiny stone
[10/11/2020 23:24:10] /i leaf stone
[10/11/2020 23:25:55] /t
[11/11/2020 10:46:34] /addskill [adm]teiu-branco,lvl,100
[11/11/2020 10:46:35] /addskill [adm]teiu-branco,lvl,100
[11/11/2020 10:46:39] /addskill [adm]teiu branco,lvl,100
[11/11/2020 10:46:50] /addskill [adm]teiú branco,lvl,100
[11/11/2020 10:47:04] /addskill [ADM]teiú-branco,lvl,100
[11/11/2020 10:47:05] /addskill [ADM]teiú-branco,lvl,100
[11/11/2020 10:47:05] /addskill [ADM]teiú-branco,lvl,100
[11/11/2020 10:47:06] /addskill [ADM]teiú-branco,lvl,100
[11/11/2020 10:47:06] /addskill [ADM]teiú-branco,lvl,100
[11/11/2020 10:47:07] /addskill [ADM]teiú-branco,lvl,100
[11/11/2020 10:47:07] /addskill [ADM]teiú-branco,lvl,100
[11/11/2020 10:47:08] /addskill [ADM]teiú-branco,lvl,100
[11/11/2020 10:52:23] /t
[11/11/2020 10:55:01] /r
[11/11/2020 10:55:07] /r
[11/11/2020 10:55:56] /t
[11/11/2020 10:57:20] /t
[11/11/2020 11:09:49] /ghost
[11/11/2020 11:28:59] /ghost
[11/11/2020 11:51:07] /goto shiny alakzam
[11/11/2020 11:51:18] /goto shiny alakazam
[11/11/2020 12:05:33] /t
[11/11/2020 12:55:18] /t
[12/11/2020 11:34:55] /t
[12/11/2020 11:40:28] /t
[12/11/2020 11:44:36] /t
[12/11/2020 11:45:30] /town snger
[12/11/2020 11:45:34] /town singer
[12/11/2020 11:55:04] /t
[12/11/2020 11:56:04] /t
[12/11/2020 11:58:33] /goto Darkrai
[12/11/2020 12:00:27] /t
[12/11/2020 13:43:48] /t
[12/11/2020 13:51:39] /goto zoura
[12/11/2020 13:51:44] /goto zorua
[12/11/2020 13:51:53] /t
[12/11/2020 13:54:46] /t
[12/11/2020 14:00:06] /t
[12/11/2020 14:02:27] /r
[12/11/2020 14:29:03] /t
[12/11/2020 14:30:30] /t
[12/11/2020 14:40:23] /town 1
[12/11/2020 14:40:28] /town 0
[12/11/2020 14:40:30] /town 2
[12/11/2020 14:40:32] /town 10
[12/11/2020 14:40:34] /town 3
[12/11/2020 14:40:37] /town 4
[12/11/2020 14:40:39] /town 5
[12/11/2020 14:40:42] /town 6
[12/11/2020 14:40:45] /town 7
[12/11/2020 14:40:47] /town 8
[12/11/2020 14:40:50] /town 9
[12/11/2020 14:40:52] /town 11
[12/11/2020 14:40:55] /town 12
[12/11/2020 14:40:57] /town 13
[12/11/2020 14:40:59] /town 14
[12/11/2020 14:41:02] /town 15
[12/11/2020 14:41:04] /town 16
[12/11/2020 14:41:06] /town 17
[12/11/2020 14:41:27] /town 18
[12/11/2020 14:41:31] /town 19
[12/11/2020 14:41:41] /town 19
[12/11/2020 14:41:59] /town 2
[12/11/2020 14:42:00] /town 20
[12/11/2020 14:42:03] /town 23
[12/11/2020 14:42:08] /town 24
[12/11/2020 14:42:10] /town 25
[12/11/2020 14:42:12] /town 26
[12/11/2020 14:42:13] /town 27
[12/11/2020 14:42:15] /town 28
[12/11/2020 14:42:17] /town 29
[12/11/2020 14:42:24] /town 30
[12/11/2020 14:42:25] /town 31
[12/11/2020 14:42:27] /town 32
[12/11/2020 14:42:28] /town 33
[12/11/2020 14:42:30] /town 33
[12/11/2020 14:43:13] /town 32
[12/11/2020 14:43:16] /town 31
[12/11/2020 14:43:34] /town 30
[12/11/2020 14:46:18] /t
[12/11/2020 14:49:32] /t
[12/11/2020 14:49:39] /town cinnabar
[12/11/2020 14:50:33] /i boost stone
[12/11/2020 14:50:37] /t
[12/11/2020 14:55:15] /t
[12/11/2020 14:57:22] /t
[13/11/2020 11:33:19] /goto shiny alakazam
[13/11/2020 12:16:02] /t
[13/11/2020 12:19:33] /t
[13/11/2020 12:42:20] /t
[13/11/2020 14:59:35] /t
[13/11/2020 15:22:56] /i leaf stone
[13/11/2020 15:23:01] /t
[13/11/2020 15:23:06] /i leaf stone
[13/11/2020 15:23:11] /t
[13/11/2020 15:23:18] /i water stone
[13/11/2020 15:23:19] /t
[14/11/2020 12:19:00] /t
[14/11/2020 12:19:16] /i addon box
[14/11/2020 12:19:32] /i addon box
[14/11/2020 12:23:38] /t
[14/11/2020 12:23:52] /i addon box
[14/11/2020 12:24:07] /i 2438
[14/11/2020 12:28:47] /t
[14/11/2020 12:28:50] /i addon box
[14/11/2020 12:29:51] /i 13394
[14/11/2020 12:40:53] /town 1
[14/11/2020 12:40:55] /town 2
[14/11/2020 12:40:58] /town 3
[14/11/2020 12:41:00] /town 4
[14/11/2020 12:41:02] /town 5
[14/11/2020 12:41:05] /town 6
[14/11/2020 12:41:07] /town 17
[14/11/2020 12:41:15] /town 18
[14/11/2020 12:41:17] /town 11
[14/11/2020 12:41:19] /town 12
[14/11/2020 12:41:20] /town 13
[14/11/2020 12:41:21] /town 14
[14/11/2020 12:41:22] /town 15
[14/11/2020 12:41:24] /town 166
[14/11/2020 12:41:26] /town 40
[14/11/2020 12:41:30] /town 39
[14/11/2020 13:11:08] /t
[14/11/2020 13:16:55] /goto shiny alakazam
[14/11/2020 13:29:52] /t
[14/11/2020 13:38:45] /t
[14/11/2020 13:44:43] /t
[14/11/2020 13:50:12] /t
[14/11/2020 15:19:55] /t
[14/11/2020 15:43:12] /i boost stone
[14/11/2020 15:43:38] /goto shiny alakaza
[14/11/2020 15:43:44] /goto shiny alakazam
[14/11/2020 15:50:26] /r
[14/11/2020 15:50:28] /t
[14/11/2020 15:50:59] /r
[14/11/2020 23:30:57] /a 1
[15/11/2020 10:58:01] /t
[15/11/2020 11:11:50] /i leaf stone
[15/11/2020 13:36:15] /i shiny vileplume
[15/11/2020 14:02:36] /goto shiny alakazam
[15/11/2020 14:05:19] /t
[15/11/2020 14:07:51] /r
[15/11/2020 14:08:20] /r
[15/11/2020 14:08:21] /t
[15/11/2020 14:14:35] /t
[15/11/2020 14:29:25] /r
[15/11/2020 14:33:13] /m caterpie
[15/11/2020 14:33:13] /m caterpie
[15/11/2020 14:33:13] /m caterpie
[15/11/2020 14:33:14] /m caterpie
[15/11/2020 14:33:14] /m caterpie
[15/11/2020 14:33:16] /m caterpie/m caterpie
[15/11/2020 14:33:16] /m caterpie
[15/11/2020 14:33:17] /m caterpie
[15/11/2020 14:35:04] /t
[15/11/2020 14:35:16] /i bike box
[15/11/2020 14:55:20] /goto shiny alakazam
[15/11/2020 14:56:22] /t
[15/11/2020 15:13:10] /t
[15/11/2020 15:13:36] /i 7024
[15/11/2020 15:13:40] /r
[15/11/2020 15:25:34] /t
[15/11/2020 15:47:31] /t
[15/11/2020 21:04:37] /goto shiny alakazam
[15/11/2020 21:05:12] /goto shiny alakazam
[15/11/2020 21:07:11] /t
[15/11/2020 21:11:10] /i fire stone
[16/11/2020 13:20:31] /t
[16/11/2020 13:31:22] /t
[16/11/2020 13:33:29] /t
[16/11/2020 13:37:29] /t
[17/11/2020 17:35:39] /goto shiny alakazam
[17/11/2020 17:36:47] /goto shiny alakzam
[17/11/2020 17:43:20] /goto shiny alakazam
[17/11/2020 17:46:55] /goto shiny alakazam
[17/11/2020 17:49:55] /goto shiny alakazam
[17/11/2020 17:52:13] /up
[17/11/2020 17:52:14] /up
[17/11/2020 17:52:15] /up
[17/11/2020 17:52:17] /up
[17/11/2020 17:53:26] /up
[17/11/2020 17:53:27] /up
[17/11/2020 17:53:40] /up
[17/11/2020 17:53:41] /up
[17/11/2020 17:55:48] /t
[17/11/2020 17:59:24] /t
[17/11/2020 18:01:17] /t
[17/11/2020 18:09:19] /t
[17/11/2020 18:15:27] /t
[17/11/2020 18:19:35] /t
[17/11/2020 18:28:40] /t
[18/11/2020 00:01:26] /t
[18/11/2020 00:08:35] /town singer
[18/11/2020 00:13:00] /t
[18/11/2020 00:13:41] /t
[18/11/2020 00:41:14] /t
[18/11/2020 00:41:35] /t
[18/11/2020 00:56:42] /goto charizard
[18/11/2020 00:56:51] /goto mew
[18/11/2020 11:07:29] /t
[18/11/2020 11:43:15] /goto shiny alakazam
[18/11/2020 11:46:21] /t
[18/11/2020 11:56:48] /t
[18/11/2020 12:10:22] /t
[18/11/2020 12:10:40] /town 3
[18/11/2020 12:10:48] /t
[18/11/2020 12:25:59] /t
[18/11/2020 12:50:24] /t
[18/11/2020 12:54:12] /t
[18/11/2020 13:55:28] /t
[18/11/2020 14:12:08] /goto caterpie
[18/11/2020 14:18:44] /t
[18/11/2020 14:57:56] /goto shiny alakazam
[18/11/2020 14:58:36] /goto shiny alakazam
[18/11/2020 14:58:46] /t
[18/11/2020 15:40:32] /t
[18/11/2020 15:44:45] /t
[18/11/2020 15:48:25] /t
[18/11/2020 15:50:09] /t
[18/11/2020 15:55:44] /t
[18/11/2020 16:42:54] /t
[18/11/2020 16:50:41] /goto shiny alakazam
[19/11/2020 10:11:14] /t
