[09/05/2020 23:35:29] /m alakazam
[09/05/2020 23:36:22] /addskill [ADM]DonoMatheus,lvl,50000
[09/05/2020 23:37:11] /m milotic
[11/08/2020 20:41:47] /addskill [adm]donomatheus,lvl,1000
[11/08/2020 20:41:47] /addskill [adm]donomatheus,lvl,1000
[11/08/2020 20:41:48] /addskill [adm]donomatheus,lvl,1000
[11/08/2020 20:41:48] /addskill [adm]donomatheus,lvl,1000
[11/08/2020 20:41:49] /addskill [adm]donomatheus,lvl,1000
[11/08/2020 20:41:49] /addskill [adm]donomatheus,lvl,1000
[11/08/2020 20:54:59] /town cinnabar
[12/08/2020 22:49:20] /b kkkkkk
[12/08/2020 22:49:32] /t
[12/08/2020 22:59:21] /addskill [adm
[13/08/2020 00:06:11] /t
[13/08/2020 00:07:41] /t
[13/08/2020 00:08:03] /t
[13/08/2020 00:08:13] /town cinnabar
[13/08/2020 00:32:53] /i fire stone
[13/08/2020 00:33:04] /i water stone
[13/08/2020 00:33:15] /i leaf stone
[13/08/2020 00:33:36] /i darkness  stone
[13/08/2020 00:33:43] /i dark  stone
[13/08/2020 00:33:56] /i enigma stone
[13/08/2020 00:34:06] /i stone enigma
[13/08/2020 00:34:19] /i poison stone
[13/08/2020 00:34:35] /i punch stone
[13/08/2020 00:34:46] /i rock stone
[13/08/2020 00:35:01] /i thunder stone
[13/08/2020 00:35:19] /i insect stone
[13/08/2020 00:35:38] /i earth  stone
[13/08/2020 00:38:22] /t
[13/08/2020 00:39:07] /addskill [adm]donomatheus,lvl,100
[13/08/2020 00:58:00] /newtype 2
[13/08/2020 00:58:47] /addskill [adm]donomatheus,lvl,2000
[13/08/2020 00:59:08] /i fire stone
[13/08/2020 00:59:13] /i water stone
[13/08/2020 00:59:21] /i leaf stone
[13/08/2020 00:59:28] /i earth stone
[13/08/2020 00:59:56] /i thunder stone
[13/08/2020 01:00:12] /i rock stone
[13/08/2020 01:00:24] /i punch stone
[13/08/2020 01:00:29] /i poison stone
[13/08/2020 01:00:41] /i insect stone
[13/08/2020 01:00:51] /i hearth stone
[13/08/2020 14:39:15] /m caterpie
[13/08/2020 15:29:24] /i 2587
[13/08/2020 15:29:29] /i 2589
[13/08/2020 15:29:33] /i 2590
[13/08/2020 15:29:38] /i 2591
[13/08/2020 15:29:44] /i 2592
[13/08/2020 15:29:49] /i 2593
[13/08/2020 15:30:00] /i 2588
[13/08/2020 15:30:48] /addskill [adm]donomatheus,lvl,1000
[13/08/2020 15:32:34] /i 2150
[13/08/2020 15:32:41] /i 2114
[13/08/2020 15:32:43] /i 211
[13/08/2020 15:32:46] /i 2119
[13/08/2020 15:32:49] /i 2118
