[12/05/2020 18:23:15] /goto [gm]snow
[12/05/2020 18:23:28] /goto shiny alakazam
[12/05/2020 18:23:34] /c [gm]snow
[12/05/2020 18:23:46] /ghost
[12/05/2020 18:24:23] /addskill [ADM]Fllair Scarllate ,lvl, 10
[12/05/2020 18:25:13] /addskill [ADM]Fllair Scarllate ,lvl, 100
[12/05/2020 18:25:22] /r
[12/05/2020 18:25:22] /r
[12/05/2020 18:25:23] /r
[12/05/2020 18:28:10] /addskill [ADM]Fllair Scarllate ,lvl, 100
[12/05/2020 18:29:20] /town saff
[12/05/2020 18:29:23] /town saffron
[12/05/2020 18:29:42] /r
[12/05/2020 18:29:45] /r
[12/05/2020 18:29:45] /r
[12/05/2020 18:29:47] /r
[12/05/2020 18:29:47] /r
[12/05/2020 18:29:50] /goto lugia
[12/05/2020 18:30:43] /goto moltres
[12/05/2020 18:30:53] /c [gm]snow
[12/05/2020 18:31:26] /goto kyogre
[12/05/2020 18:31:35] /goto darkray
[12/05/2020 18:31:42] /goto darkrai
[12/05/2020 18:32:19] /goto [Adm]Lordoritos
[12/05/2020 18:32:40] /c [gm]snow
[12/05/2020 18:32:41] /c [gm]snow
[12/05/2020 18:32:41] /c [gm]snow
[12/05/2020 18:32:41] /c [gm]snow
[12/05/2020 18:32:41] /c [gm]snow
[12/05/2020 18:32:41] /c [gm]snow
[12/05/2020 18:32:41] /c [gm]snow
[12/05/2020 18:32:41] /c [gm]snow
[12/05/2020 18:32:41] /c [gm]snow
[12/05/2020 18:32:41] /c [gm]snow
[12/05/2020 18:32:41] /c [gm]snow
[12/05/2020 18:32:41] /c [gm]snow
[12/05/2020 18:32:41] /c [gm]snow
[12/05/2020 18:32:42] /c [gm]snow
[12/05/2020 18:32:42] /c [gm]snow
[12/05/2020 18:32:42] /c [gm]snow
[12/05/2020 18:32:42] /c [gm]snow
[12/05/2020 18:32:42] /c [gm]snow
[12/05/2020 18:32:42] /c [gm]snow
[12/05/2020 18:32:42] /c [gm]snow
[12/05/2020 18:32:42] /c [gm]snow
[12/05/2020 18:32:42] /c [gm]snow
[12/05/2020 18:32:42] /c [gm]snow
[12/05/2020 18:32:42] /c [gm]snow
[12/05/2020 18:32:42] /c [gm]snow
[12/05/2020 18:32:42] /c [gm]snow
[12/05/2020 18:32:42] /c [gm]snow
[12/05/2020 18:32:42] /c [gm]snow
[12/05/2020 18:32:42] /c [gm]snow
[12/05/2020 18:32:42] /c [gm]snow
[12/05/2020 18:32:42] /c [gm]snow
[12/05/2020 18:32:42] /c [gm]snow
[12/05/2020 18:32:42] /c [gm]snow
[12/05/2020 18:32:42] /c [gm]snow
[12/05/2020 18:32:43] /c [gm]snow
[12/05/2020 18:32:43] /c [gm]snow
[12/05/2020 18:32:43] /c [gm]snow
[12/05/2020 18:32:43] /c [gm]snow
[12/05/2020 18:32:43] /c [gm]snow
[12/05/2020 18:32:43] /c [gm]snow
[12/05/2020 18:32:43] /c [gm]snow
[12/05/2020 18:32:43] /c [gm]snow
[12/05/2020 18:32:43] /c [gm]snow
[12/05/2020 18:32:43] /c [gm]snow
[12/05/2020 18:32:43] /c [gm]snow
[12/05/2020 18:32:43] /c [gm]snow
[12/05/2020 18:32:43] /c [gm]snow
[12/05/2020 18:32:43] /c [gm]snow
[12/05/2020 18:32:43] /c [gm]snow
[12/05/2020 18:32:43] /c [gm]snow
[12/05/2020 18:32:43] /c [gm]snow
[12/05/2020 18:32:43] /c [gm]snow
[12/05/2020 18:32:43] /c [gm]snow
[12/05/2020 18:32:44] /c [gm]snow
[12/05/2020 18:32:44] /c [gm]snow
[12/05/2020 18:32:44] /c [gm]snow
[12/05/2020 18:32:44] /c [gm]snow
[12/05/2020 18:32:44] /c [gm]snow
[12/05/2020 18:32:44] /c [gm]snow
[12/05/2020 18:32:44] /c [gm]snow
[12/05/2020 18:32:44] /c [gm]snow
[12/05/2020 18:32:44] /c [gm]snow
[12/05/2020 18:32:44] /c [gm]snow
[12/05/2020 18:32:44] /c [gm]snow
[12/05/2020 18:32:44] /c [gm]snow
[12/05/2020 18:32:44] /c [gm]snow
[12/05/2020 18:32:44] /c [gm]snow
[12/05/2020 18:32:44] /c [gm]snow
[12/05/2020 18:32:44] /c [gm]snow
[12/05/2020 18:32:44] /c [gm]snow
[12/05/2020 18:32:44] /c [gm]snow
[12/05/2020 18:32:44] /c [gm]snow
[12/05/2020 18:32:44] /c [gm]snow
[12/05/2020 18:32:44] /c [gm]snow
[12/05/2020 18:32:44] /c [gm]snow
[12/05/2020 18:32:44] /c [gm]snow
[12/05/2020 18:32:45] /c [gm]snow
[12/05/2020 18:32:45] /c [gm]snow
[12/05/2020 18:32:45] /c [gm]snow
[12/05/2020 18:32:45] /c [gm]snow
[12/05/2020 18:32:45] /c [gm]snow
[12/05/2020 18:32:45] /c [gm]snow
[12/05/2020 18:32:45] /c [gm]snow
[12/05/2020 18:32:45] /c [gm]snow
[12/05/2020 18:32:45] /c [gm]snow
[12/05/2020 18:32:45] /c [gm]snow
[12/05/2020 18:32:45] /c [gm]snow
[12/05/2020 18:32:45] /c [gm]snow
[12/05/2020 18:32:45] /c [gm]snow
[12/05/2020 18:32:45] /c [gm]snow
[12/05/2020 18:32:45] /c [gm]snow
[12/05/2020 18:32:45] /c [gm]snow
[12/05/2020 18:32:45] /c [gm]snow
[12/05/2020 18:32:45] /c [gm]snow
[12/05/2020 18:32:45] /c [gm]snow
[12/05/2020 18:32:45] /c [gm]snow
[12/05/2020 18:32:45] /c [gm]snow
[12/05/2020 18:32:45] /c [gm]snow
[12/05/2020 18:32:46] /c [gm]snow
[12/05/2020 18:32:46] /c [gm]snow
[12/05/2020 18:32:46] /c [gm]snow
[12/05/2020 18:32:46] /c [gm]snow
[12/05/2020 18:32:46] /c [gm]snow
[12/05/2020 18:32:46] /c [gm]snow
[12/05/2020 18:32:46] /c [gm]snow
[12/05/2020 18:32:46] /c [gm]snow
[12/05/2020 18:32:46] /c [gm]snow
[12/05/2020 18:32:46] /c [gm]snow
[12/05/2020 18:32:46] /c [gm]snow
[12/05/2020 18:32:46] /c [gm]snow
[12/05/2020 18:32:46] /c [gm]snow
[12/05/2020 18:32:46] /c [gm]snow
[12/05/2020 18:32:46] /c [gm]snow
[12/05/2020 18:32:46] /c [gm]snow
[12/05/2020 18:32:46] /c [gm]snow
[12/05/2020 18:32:46] /c [gm]snow
[12/05/2020 18:32:46] /c [gm]snow
[12/05/2020 18:32:46] /c [gm]snow
[12/05/2020 18:32:46] /c [gm]snow
[12/05/2020 18:32:46] /c [gm]snow
[12/05/2020 18:32:46] /c [gm]snow
[12/05/2020 18:32:47] /c [gm]snow
[12/05/2020 18:32:47] /c [gm]snow
[12/05/2020 18:32:47] /c [gm]snow
[12/05/2020 18:32:47] /c [gm]snow
[12/05/2020 18:32:47] /c [gm]snow
[12/05/2020 18:32:47] /c [gm]snow
[12/05/2020 18:32:47] /c [gm]snow
[12/05/2020 18:32:47] /c [gm]snow
[12/05/2020 18:32:47] /c [gm]snow
[12/05/2020 18:32:47] /c [gm]snow
[12/05/2020 18:32:47] /c [gm]snow
[12/05/2020 18:32:47] /c [gm]snow
[12/05/2020 18:32:47] /c [gm]snow
[12/05/2020 18:32:47] /c [gm]snow
[12/05/2020 18:32:47] /c [gm]snow
[12/05/2020 18:32:47] /c [gm]snow
[12/05/2020 18:32:47] /c [gm]snow
[12/05/2020 18:32:47] /c [gm]snow
[12/05/2020 18:32:47] /c [gm]snow
[12/05/2020 18:32:47] /c [gm]snow
[12/05/2020 18:32:47] /c [gm]snow
[12/05/2020 18:32:47] /c [gm]snow
[12/05/2020 18:32:47] /c [gm]snow
[12/05/2020 18:32:48] /c [gm]snow
[12/05/2020 18:32:48] /c [gm]snow
[12/05/2020 18:32:48] /c [gm]snow
[12/05/2020 18:32:48] /c [gm]snow
[12/05/2020 18:32:48] /c [gm]snow
[12/05/2020 18:32:48] /c [gm]snow
[12/05/2020 18:32:48] /c [gm]snow
[12/05/2020 18:32:48] /c [gm]snow
[12/05/2020 18:32:48] /c [gm]snow
[12/05/2020 18:32:48] /c [gm]snow
[12/05/2020 18:32:48] /c [gm]snow
[12/05/2020 18:32:48] /c [gm]snow
[12/05/2020 18:32:48] /c [gm]snow
[12/05/2020 18:32:48] /c [gm]snow
[12/05/2020 18:32:48] /c [gm]snow
[12/05/2020 18:32:48] /c [gm]snow
[12/05/2020 18:32:48] /c [gm]snow
[12/05/2020 18:32:48] /c [gm]snow
[12/05/2020 18:32:48] /c [gm]snow
[12/05/2020 18:32:48] /c [gm]snow
[12/05/2020 18:32:48] /c [gm]snow
[12/05/2020 18:32:49] /c [gm]snow
[12/05/2020 18:32:49] /c [gm]snow
[12/05/2020 18:32:49] /c [gm]snow
[12/05/2020 18:32:49] /c [gm]snow
[12/05/2020 18:32:49] /c [gm]snow
[12/05/2020 18:32:49] /c [gm]snow
[12/05/2020 18:32:49] /c [gm]snow
[12/05/2020 18:32:49] /c [gm]snow
[12/05/2020 18:32:49] /c [gm]snow
[12/05/2020 18:32:49] /c [gm]snow
[12/05/2020 18:32:49] /c [gm]snow
[12/05/2020 18:32:49] /c [gm]snow
[12/05/2020 18:32:49] /c [gm]snow
[12/05/2020 18:32:49] /c [gm]snow
[12/05/2020 18:32:49] /c [gm]snow
[12/05/2020 18:32:49] /c [gm]snow
[12/05/2020 18:32:49] /c [gm]snow
[12/05/2020 18:32:49] /c [gm]snow
[12/05/2020 18:32:49] /c [gm]snow
[12/05/2020 18:32:49] /c [gm]snow
[12/05/2020 18:32:49] /c [gm]snow
[12/05/2020 18:32:49] /c [gm]snow
[12/05/2020 18:32:50] /c [gm]snow
[12/05/2020 18:32:50] /c [gm]snow
[12/05/2020 18:32:50] /c [gm]snow
[12/05/2020 18:32:50] /c [gm]snow
[12/05/2020 18:32:50] /c [gm]snow
[12/05/2020 18:32:50] /c [gm]snow
[12/05/2020 18:32:50] /c [gm]snow
[12/05/2020 18:32:50] /c [gm]snow
[12/05/2020 18:32:50] /c [gm]snow
[12/05/2020 18:32:50] /c [gm]snow
[12/05/2020 18:32:50] /c [gm]snow
[12/05/2020 18:32:50] /c [gm]snow
[12/05/2020 18:32:50] /c [gm]snow
[12/05/2020 18:32:50] /c [gm]snow
[12/05/2020 18:32:50] /c [gm]snow
[12/05/2020 18:32:50] /c [gm]snow
[12/05/2020 18:32:50] /c [gm]snow
[12/05/2020 18:32:50] /c [gm]snow
[12/05/2020 18:32:50] /c [gm]snow
[12/05/2020 18:32:50] /c [gm]snow
[12/05/2020 18:32:50] /c [gm]snow
[12/05/2020 18:32:50] /c [gm]snow
[12/05/2020 18:32:50] /c [gm]snow
[12/05/2020 18:32:50] /c [gm]snow
[12/05/2020 18:32:50] /c [gm]snow
[12/05/2020 18:32:50] /c [gm]snow
[12/05/2020 18:32:51] /c [gm]snow
[12/05/2020 18:32:51] /c [gm]snow
[12/05/2020 18:32:51] /c [gm]snow
[12/05/2020 18:32:51] /c [gm]snow
[12/05/2020 18:32:51] /c [gm]snow
[12/05/2020 18:32:51] /c [gm]snow
[12/05/2020 18:32:52] /c [gm]snow
[12/05/2020 18:32:52] /c [gm]snow
[12/05/2020 18:32:54] /c [gm]snow
[12/05/2020 18:32:55] /c [gm]snow
[12/05/2020 18:32:56] /c [gm]snow
[12/05/2020 18:32:56] /c [gm]snow
[12/05/2020 18:32:57] /c [gm]snow
[12/05/2020 18:32:58] /c [gm]snow
[12/05/2020 18:32:59] /c [gm]snow
[12/05/2020 18:33:03] /c [gm]snow
[12/05/2020 18:33:03] /c [gm]snow
[12/05/2020 18:33:03] /c [gm]snow
[12/05/2020 18:33:03] /c [gm]snow
[12/05/2020 18:33:03] /c [gm]snow
[12/05/2020 18:33:03] /c [gm]snow
[12/05/2020 18:33:04] /c [gm]snow
[12/05/2020 18:33:04] /c [gm]snow
[12/05/2020 18:33:04] /c [gm]snow
[12/05/2020 18:33:04] /c [gm]snow
[12/05/2020 18:33:04] /c [gm]snow
[12/05/2020 18:33:04] /c [gm]snow
[12/05/2020 18:33:04] /c [gm]snow
[12/05/2020 18:33:04] /c [gm]snow
[12/05/2020 18:33:04] /c [gm]snow
[12/05/2020 18:33:04] /c [gm]snow
[12/05/2020 18:33:04] /c [gm]snow
[12/05/2020 18:33:04] /c [gm]snow
[12/05/2020 18:33:04] /c [gm]snow
[12/05/2020 18:33:04] /c [gm]snow
[12/05/2020 18:33:04] /c [gm]snow
[12/05/2020 18:33:04] /c [gm]snow
[12/05/2020 18:33:04] /c [gm]snow
[12/05/2020 18:33:04] /c [gm]snow
[12/05/2020 18:33:04] /c [gm]snow
[12/05/2020 18:33:04] /c [gm]snow
[12/05/2020 18:33:04] /c [gm]snow
[12/05/2020 18:33:04] /c [gm]snow
[12/05/2020 18:33:05] /c [gm]snow
[12/05/2020 18:33:05] /c [gm]snow
[12/05/2020 18:33:05] /c [gm]snow
[12/05/2020 18:33:05] /c [gm]snow
[12/05/2020 18:33:05] /c [gm]snow
[12/05/2020 18:33:05] /c [gm]snow
[12/05/2020 18:33:05] /c [gm]snow
[12/05/2020 18:33:05] /c [gm]snow
[12/05/2020 18:33:05] /c [gm]snow
[12/05/2020 18:33:05] /c [gm]snow
[12/05/2020 18:33:05] /c [gm]snow
[12/05/2020 18:33:05] /c [gm]snow
[12/05/2020 18:33:05] /c [gm]snow
[12/05/2020 18:33:05] /c [gm]snow
[12/05/2020 18:33:05] /c [gm]snow
[12/05/2020 18:33:05] /c [gm]snow
[12/05/2020 18:33:05] /c [gm]snow
[12/05/2020 18:33:05] /c [gm]snow
[12/05/2020 18:33:05] /c [gm]snow
[12/05/2020 18:33:05] /c [gm]snow
[12/05/2020 18:33:06] /c [gm]snow
[12/05/2020 18:33:06] /c [gm]snow
[12/05/2020 18:33:06] /c [gm]snow
[12/05/2020 18:33:06] /c [gm]snow
[12/05/2020 18:33:06] /c [gm]snow
[12/05/2020 18:33:06] /c [gm]snow
[12/05/2020 18:33:06] /c [gm]snow
[12/05/2020 18:33:06] /c [gm]snow
[12/05/2020 18:33:06] /c [gm]snow
[12/05/2020 18:33:06] /c [gm]snow
[12/05/2020 18:33:06] /c [gm]snow
[12/05/2020 18:33:06] /c [gm]snow
[12/05/2020 18:33:06] /c [gm]snow
[12/05/2020 18:33:06] /c [gm]snow
[12/05/2020 18:33:06] /c [gm]snow
[12/05/2020 18:33:06] /c [gm]snow
[12/05/2020 18:33:06] /c [gm]snow
[12/05/2020 18:33:06] /c [gm]snow
[12/05/2020 18:33:06] /c [gm]snow
[12/05/2020 18:33:06] /c [gm]snow
[12/05/2020 18:33:07] /c [gm]snow
[12/05/2020 18:33:07] /c [gm]snow
[12/05/2020 18:33:07] /c [gm]snow
[12/05/2020 18:33:07] /c [gm]snow
[12/05/2020 18:33:07] /c [gm]snow
[12/05/2020 18:33:07] /c [gm]snow
[12/05/2020 18:33:07] /c [gm]snow
[12/05/2020 18:33:07] /c [gm]snow
[12/05/2020 18:33:07] /c [gm]snow
[12/05/2020 18:33:07] /c [gm]snow
[12/05/2020 18:33:07] /c [gm]snow
[12/05/2020 18:33:07] /c [gm]snow
[12/05/2020 18:33:07] /c [gm]snow
[12/05/2020 18:33:07] /c [gm]snow
[12/05/2020 18:33:07] /c [gm]snow
[12/05/2020 18:33:07] /c [gm]snow
[12/05/2020 18:33:07] /c [gm]snow
[12/05/2020 18:33:07] /c [gm]snow
[12/05/2020 18:33:07] /c [gm]snow
[12/05/2020 18:33:07] /c [gm]snow
[12/05/2020 18:33:07] /c [gm]snow
[12/05/2020 18:33:07] /c [gm]snow
[12/05/2020 18:33:08] /c [gm]snow
[12/05/2020 18:33:08] /c [gm]snow
[12/05/2020 18:33:08] /c [gm]snow
[12/05/2020 18:33:08] /c [gm]snow
[12/05/2020 18:33:08] /c [gm]snow
[12/05/2020 18:33:08] /c [gm]snow
[12/05/2020 18:33:08] /c [gm]snow
[12/05/2020 18:33:08] /c [gm]snow
[12/05/2020 18:33:08] /c [gm]snow
[12/05/2020 18:33:08] /c [gm]snow
[12/05/2020 18:33:08] /c [gm]snow
[12/05/2020 18:33:08] /c [gm]snow
[12/05/2020 18:33:08] /c [gm]snow
[12/05/2020 18:33:08] /c [gm]snow
[12/05/2020 18:33:08] /c [gm]snow
[12/05/2020 18:33:08] /c [gm]snow
[12/05/2020 18:33:08] /c [gm]snow
[12/05/2020 18:33:08] /c [gm]snow
[12/05/2020 18:33:08] /c [gm]snow
[12/05/2020 18:33:08] /c [gm]snow
[12/05/2020 18:33:08] /c [gm]snow
[12/05/2020 18:33:08] /c [gm]snow
[12/05/2020 18:33:09] /c [gm]snow
[12/05/2020 18:33:09] /c [gm]snow
[12/05/2020 18:33:09] /c [gm]snow
[12/05/2020 18:33:09] /c [gm]snow
[12/05/2020 18:33:09] /c [gm]snow
[12/05/2020 18:33:09] /c [gm]snow
[12/05/2020 18:33:09] /c [gm]snow
[12/05/2020 18:33:09] /c [gm]snow
[12/05/2020 18:33:09] /c [gm]snow
[12/05/2020 18:33:09] /c [gm]snow
[12/05/2020 18:33:09] /c [gm]snow
[12/05/2020 18:33:09] /c [gm]snow
[12/05/2020 18:33:09] /c [gm]snow
[12/05/2020 18:33:09] /c [gm]snow
[12/05/2020 18:33:09] /c [gm]snow
[12/05/2020 18:33:09] /c [gm]snow
[12/05/2020 18:33:09] /c [gm]snow
[12/05/2020 18:33:09] /c [gm]snow
[12/05/2020 18:33:09] /c [gm]snow
[12/05/2020 18:33:09] /c [gm]snow
[12/05/2020 18:33:09] /c [gm]snow
[12/05/2020 18:33:09] /c [gm]snow
[12/05/2020 18:33:10] /c [gm]snow
[12/05/2020 18:33:10] /c [gm]snow
[12/05/2020 18:33:10] /c [gm]snow
[12/05/2020 18:33:10] /c [gm]snow
[12/05/2020 18:33:10] /c [gm]snow
[12/05/2020 18:33:10] /c [gm]snow
[12/05/2020 18:33:10] /c [gm]snow
[12/05/2020 18:33:10] /c [gm]snow
[12/05/2020 18:33:10] /c [gm]snow
[12/05/2020 18:33:10] /c [gm]snow
[12/05/2020 18:33:10] /c [gm]snow
[12/05/2020 18:33:10] /c [gm]snow
[12/05/2020 18:33:10] /c [gm]snow
[12/05/2020 18:33:10] /c [gm]snow
[12/05/2020 18:33:10] /c [gm]snow
[12/05/2020 18:33:10] /c [gm]snow
[12/05/2020 18:33:10] /c [gm]snow
[12/05/2020 18:33:10] /c [gm]snow
[12/05/2020 18:33:10] /c [gm]snow
[12/05/2020 18:33:10] /c [gm]snow
[12/05/2020 18:33:11] /c [gm]snow
[12/05/2020 18:33:11] /c [gm]snow
[12/05/2020 18:33:11] /c [gm]snow
[12/05/2020 18:33:11] /c [gm]snow
[12/05/2020 18:33:11] /c [gm]snow
[12/05/2020 18:33:11] /c [gm]snow
[12/05/2020 18:33:11] /c [gm]snow
[12/05/2020 18:33:11] /c [gm]snow
[12/05/2020 18:33:11] /c [gm]snow
[12/05/2020 18:33:11] /c [gm]snow
[12/05/2020 18:33:11] /c [gm]snow
[12/05/2020 18:33:11] /c [gm]snow
[12/05/2020 18:33:11] /c [gm]snow
[12/05/2020 18:33:11] /c [gm]snow
[12/05/2020 18:33:11] /c [gm]snow
[12/05/2020 18:33:11] /c [gm]snow
[12/05/2020 18:33:11] /c [gm]snow
[12/05/2020 18:33:11] /c [gm]snow
[12/05/2020 18:33:11] /c [gm]snow
[12/05/2020 18:33:11] /c [gm]snow
[12/05/2020 18:33:11] /c [gm]snow
[12/05/2020 18:33:11] /c [gm]snow
[12/05/2020 18:33:11] /c [gm]snow
[12/05/2020 18:33:11] /c [gm]snow
[12/05/2020 18:33:12] /c [gm]snow
[12/05/2020 18:33:12] /c [gm]snow
[12/05/2020 18:33:12] /c [gm]snow
[12/05/2020 18:33:12] /c [gm]snow
[12/05/2020 18:33:12] /c [gm]snow
[12/05/2020 18:33:12] /c [gm]snow
[12/05/2020 18:33:15] /c [gm]snow
[12/05/2020 18:33:16] /c [gm]snow
[12/05/2020 18:33:16] /c [gm]snow
[12/05/2020 18:33:17] /c [gm]snow
[12/05/2020 18:33:17] /c [gm]snow
[12/05/2020 18:33:18] /c [gm]snow
[12/05/2020 18:33:18] /c [gm]snow
[12/05/2020 18:33:19] /c [gm]snow
[12/05/2020 18:33:19] /c [gm]snow
[12/05/2020 18:33:20] /c [gm]snow
[12/05/2020 18:33:20] /c [gm]snow
[12/05/2020 18:33:20] /c [gm]snow
[12/05/2020 18:33:20] /c [gm]snow
[12/05/2020 18:33:20] /c [gm]snow
[12/05/2020 18:33:21] /c [gm]snow
[12/05/2020 18:33:21] /c [gm]snow
[12/05/2020 18:33:21] /c [gm]snow
[12/05/2020 18:33:21] /c [gm]snow
[12/05/2020 18:33:21] /c [gm]snow
[12/05/2020 18:33:21] /c [gm]snow
[12/05/2020 18:33:21] /c [gm]snow
[12/05/2020 18:33:21] /c [gm]snow
[12/05/2020 18:33:21] /c [gm]snow
[12/05/2020 18:33:21] /c [gm]snow
[12/05/2020 18:33:21] /c [gm]snow
[12/05/2020 18:33:21] /c [gm]snow
[12/05/2020 18:33:21] /c [gm]snow
[12/05/2020 18:33:21] /c [gm]snow
[12/05/2020 18:33:21] /c [gm]snow
[12/05/2020 18:33:21] /c [gm]snow
[12/05/2020 18:33:21] /c [gm]snow
[12/05/2020 18:33:21] /c [gm]snow
[12/05/2020 18:33:21] /c [gm]snow
[12/05/2020 18:33:21] /c [gm]snow
[12/05/2020 18:33:21] /c [gm]snow
[12/05/2020 18:33:22] /c [gm]snow
[12/05/2020 18:33:23] /c [gm]snow
[12/05/2020 18:33:23] /c [gm]snow
[12/05/2020 18:33:24] /c [gm]snow
[12/05/2020 18:33:24] /c [gm]snow
[12/05/2020 18:33:25] /c [gm]snow
[12/05/2020 18:33:25] /c [gm]snow
[12/05/2020 18:33:25] /c [gm]snow
[12/05/2020 18:33:26] /c [gm]snow
[12/05/2020 18:33:26] /c [gm]snow
[12/05/2020 18:33:26] /c [gm]snow
[12/05/2020 18:33:26] /c [gm]snow
[12/05/2020 18:33:27] /c [gm]snow
[12/05/2020 18:33:27] /c [gm]snow
[12/05/2020 18:33:27] /c [gm]snow
[12/05/2020 18:33:27] /c [gm]snow
[12/05/2020 18:33:27] /c [gm]snow
[12/05/2020 18:33:27] /c [gm]snow
[12/05/2020 18:33:27] /c [gm]snow
[12/05/2020 18:33:27] /c [gm]snow
[12/05/2020 18:33:27] /c [gm]snow
[12/05/2020 18:33:27] /c [gm]snow
[12/05/2020 18:33:27] /c [gm]snow
[12/05/2020 18:33:28] /c [gm]snow
[12/05/2020 18:33:28] /c [gm]snow
[12/05/2020 18:33:28] /c [gm]snow
[12/05/2020 18:33:28] /c [gm]snow
[12/05/2020 18:33:28] /c [gm]snow
[12/05/2020 18:33:28] /c [gm]snow
[12/05/2020 18:33:28] /c [gm]snow
[12/05/2020 18:33:28] /c [gm]snow
[12/05/2020 18:33:28] /c [gm]snow
[12/05/2020 18:33:28] /c [gm]snow
[12/05/2020 18:33:28] /c [gm]snow
[12/05/2020 18:33:28] /c [gm]snow
[12/05/2020 18:33:28] /c [gm]snow
[12/05/2020 18:33:28] /c [gm]snow
[12/05/2020 18:33:28] /c [gm]snow
[12/05/2020 18:33:28] /c [gm]snow
[12/05/2020 18:33:28] /c [gm]snow
[12/05/2020 18:33:28] /c [gm]snow
[12/05/2020 18:33:28] /c [gm]snow
[12/05/2020 18:33:28] /c [gm]snow
[12/05/2020 18:33:28] /c [gm]snow
[12/05/2020 18:33:28] /c [gm]snow
[12/05/2020 18:33:28] /c [gm]snow
[12/05/2020 18:33:28] /c [gm]snow
[12/05/2020 18:33:29] /c [gm]snow
[12/05/2020 18:33:29] /c [gm]snow
[12/05/2020 18:33:29] /c [gm]snow
[12/05/2020 18:33:29] /c [gm]snow
[12/05/2020 18:33:29] /c [gm]snow
[12/05/2020 18:33:29] /c [gm]snow
[12/05/2020 18:33:29] /c [gm]snow
[12/05/2020 18:33:29] /c [gm]snow
[12/05/2020 18:33:29] /c [gm]snow
[12/05/2020 18:33:29] /c [gm]snow
[12/05/2020 18:33:29] /c [gm]snow
[12/05/2020 18:33:29] /c [gm]snow
[12/05/2020 18:33:29] /c [gm]snow
[12/05/2020 18:33:29] /c [gm]snow
[12/05/2020 18:33:29] /c [gm]snow
[12/05/2020 18:33:29] /c [gm]snow
[12/05/2020 18:33:29] /c [gm]snow
[12/05/2020 18:33:29] /c [gm]snow
[12/05/2020 18:33:29] /c [gm]snow
[12/05/2020 18:33:29] /c [gm]snow
[12/05/2020 18:33:30] /c [gm]snow
[12/05/2020 18:33:30] /c [gm]snow
[12/05/2020 18:33:30] /c [gm]snow
[12/05/2020 18:33:30] /c [gm]snow
[12/05/2020 18:33:30] /c [gm]snow
[12/05/2020 18:33:30] /c [gm]snow
[12/05/2020 18:33:30] /c [gm]snow
[12/05/2020 18:33:30] /c [gm]snow
[12/05/2020 18:33:30] /c [gm]snow
[12/05/2020 18:33:30] /c [gm]snow
[12/05/2020 18:33:30] /c [gm]snow
[12/05/2020 18:33:30] /c [gm]snow
[12/05/2020 18:33:30] /c [gm]snow
[12/05/2020 18:33:30] /c [gm]snow
[12/05/2020 18:33:30] /c [gm]snow
[12/05/2020 18:33:30] /c [gm]snow
[12/05/2020 18:33:30] /c [gm]snow
[12/05/2020 18:33:30] /c [gm]snow
[12/05/2020 18:33:30] /c [gm]snow
[12/05/2020 18:33:30] /c [gm]snow
[12/05/2020 18:33:31] /c [gm]snow
[12/05/2020 18:33:31] /c [gm]snow
[12/05/2020 18:33:31] /c [gm]snow
[12/05/2020 18:33:31] /c [gm]snow
[12/05/2020 18:33:31] /c [gm]snow
[12/05/2020 18:33:31] /c [gm]snow
[12/05/2020 18:33:31] /c [gm]snow
[12/05/2020 18:33:31] /c [gm]snow
[12/05/2020 18:33:31] /c [gm]snow
[12/05/2020 18:33:31] /c [gm]snow
[12/05/2020 18:33:31] /c [gm]snow
[12/05/2020 18:33:31] /c [gm]snow
[12/05/2020 18:33:31] /c [gm]snow
[12/05/2020 18:33:31] /c [gm]snow
[12/05/2020 18:33:31] /c [gm]snow
[12/05/2020 18:33:31] /c [gm]snow
[12/05/2020 18:33:31] /c [gm]snow
[12/05/2020 18:33:31] /c [gm]snow
[12/05/2020 18:33:31] /c [gm]snow
[12/05/2020 18:33:32] /c [gm]snow
[12/05/2020 18:33:32] /c [gm]snow
[12/05/2020 18:33:32] /c [gm]snow
[12/05/2020 18:33:32] /c [gm]snow
[12/05/2020 18:33:32] /c [gm]snow
[12/05/2020 18:33:32] /c [gm]snow
[12/05/2020 18:33:32] /c [gm]snow
[12/05/2020 18:33:32] /c [gm]snow
[12/05/2020 18:33:32] /c [gm]snow
[12/05/2020 18:33:32] /c [gm]snow
[12/05/2020 18:33:32] /c [gm]snow
[12/05/2020 18:33:32] /c [gm]snow
[12/05/2020 18:33:32] /c [gm]snow
[12/05/2020 18:33:32] /c [gm]snow
[12/05/2020 18:33:32] /c [gm]snow
[12/05/2020 18:33:32] /c [gm]snow
[12/05/2020 18:33:32] /c [gm]snow
[12/05/2020 18:33:32] /c [gm]snow
[12/05/2020 18:33:32] /c [gm]snow
[12/05/2020 18:33:32] /c [gm]snow
[12/05/2020 18:33:32] /c [gm]snow
[12/05/2020 18:33:32] /c [gm]snow
[12/05/2020 18:33:33] /c [gm]snow
[12/05/2020 18:33:33] /c [gm]snow
[12/05/2020 18:33:33] /c [gm]snow
[12/05/2020 18:33:33] /c [gm]snow
[12/05/2020 18:33:33] /c [gm]snow
[12/05/2020 18:33:33] /c [gm]snow
[12/05/2020 18:33:33] /c [gm]snow
[12/05/2020 18:33:33] /c [gm]snow
[12/05/2020 18:33:33] /c [gm]snow
[12/05/2020 18:33:33] /c [gm]snow
[12/05/2020 18:33:33] /c [gm]snow
[12/05/2020 18:33:33] /c [gm]snow
[12/05/2020 18:33:33] /c [gm]snow
[12/05/2020 18:33:33] /c [gm]snow
[12/05/2020 18:33:33] /c [gm]snow
[12/05/2020 18:33:33] /c [gm]snow
[12/05/2020 18:33:33] /c [gm]snow
[12/05/2020 18:33:33] /c [gm]snow
[12/05/2020 18:33:33] /c [gm]snow
[12/05/2020 18:33:33] /c [gm]snow
[12/05/2020 18:33:33] /c [gm]snow
[12/05/2020 18:33:34] /c [gm]snow
[12/05/2020 18:33:34] /c [gm]snow
[12/05/2020 18:33:34] /c [gm]snow
[12/05/2020 18:33:34] /c [gm]snow
[12/05/2020 18:33:34] /c [gm]snow
[12/05/2020 18:33:34] /c [gm]snow
[12/05/2020 18:33:34] /c [gm]snow
[12/05/2020 18:33:34] /c [gm]snow
[12/05/2020 18:33:34] /c [gm]snow
[12/05/2020 18:33:34] /c [gm]snow
[12/05/2020 18:33:34] /c [gm]snow
[12/05/2020 18:33:34] /c [gm]snow
[12/05/2020 18:33:34] /c [gm]snow
[12/05/2020 18:33:34] /c [gm]snow
[12/05/2020 18:33:34] /c [gm]snow
[12/05/2020 18:33:34] /c [gm]snow
[12/05/2020 18:33:34] /c [gm]snow
[12/05/2020 18:33:34] /c [gm]snow
[12/05/2020 18:33:34] /c [gm]snow
[12/05/2020 18:33:34] /c [gm]snow
[12/05/2020 18:33:34] /c [gm]snow
[12/05/2020 18:33:34] /c [gm]snow
[12/05/2020 18:33:35] /c [gm]snow
[12/05/2020 18:33:35] /c [gm]snow
[12/05/2020 18:33:35] /c [gm]snow
[12/05/2020 18:33:35] /c [gm]snow
[12/05/2020 18:33:35] /c [gm]snow
[12/05/2020 18:33:35] /c [gm]snow
[12/05/2020 18:33:35] /c [gm]snow
[12/05/2020 18:33:35] /c [gm]snow
[12/05/2020 18:33:35] /c [gm]snow
[12/05/2020 18:33:35] /c [gm]snow
[12/05/2020 18:33:35] /c [gm]snow
[12/05/2020 18:33:35] /c [gm]snow
[12/05/2020 18:33:35] /c [gm]snow
[12/05/2020 18:33:35] /c [gm]snow
[12/05/2020 18:33:35] /c [gm]snow
[12/05/2020 18:33:35] /c [gm]snow
[12/05/2020 18:33:35] /c [gm]snow
[12/05/2020 18:33:35] /c [gm]snow
[12/05/2020 18:33:36] /c [gm]snow
[12/05/2020 18:33:36] /c [gm]snow
[12/05/2020 18:33:36] /c [gm]snow
[12/05/2020 18:33:36] /c [gm]snow
[12/05/2020 18:33:36] /c [gm]snow
[12/05/2020 18:33:36] /c [gm]snow
[12/05/2020 18:33:36] /c [gm]snow
[12/05/2020 18:33:36] /c [gm]snow
[12/05/2020 18:33:36] /c [gm]snow
[12/05/2020 18:33:36] /c [gm]snow
[12/05/2020 18:33:36] /c [gm]snow
[12/05/2020 18:33:36] /c [gm]snow
[12/05/2020 18:33:36] /c [gm]snow
[12/05/2020 18:33:36] /c [gm]snow
[12/05/2020 18:33:36] /c [gm]snow
[12/05/2020 18:33:36] /c [gm]snow
[12/05/2020 18:33:36] /c [gm]snow
[12/05/2020 18:33:36] /c [gm]snow
[12/05/2020 18:33:36] /c [gm]snow
[12/05/2020 18:33:37] /c [gm]snow
[12/05/2020 18:33:37] /c [gm]snow
[12/05/2020 18:33:37] /c [gm]snow
[12/05/2020 18:33:37] /c [gm]snow
[12/05/2020 18:33:37] /c [gm]snow
[12/05/2020 18:33:37] /c [gm]snow
[12/05/2020 18:33:37] /c [gm]snow
[12/05/2020 18:33:37] /c [gm]snow
[12/05/2020 18:33:37] /c [gm]snow
[12/05/2020 18:33:37] /c [gm]snow
[12/05/2020 18:33:37] /c [gm]snow
[12/05/2020 18:33:37] /c [gm]snow
[12/05/2020 18:33:37] /c [gm]snow
[12/05/2020 18:33:37] /c [gm]snow
[12/05/2020 18:33:37] /c [gm]snow
[12/05/2020 18:33:38] /c [gm]snow
[12/05/2020 18:33:38] /c [gm]snow
[12/05/2020 18:33:38] /c [gm]snow
[12/05/2020 18:33:38] /c [gm]snow
[12/05/2020 18:33:38] /c [gm]snow
[12/05/2020 18:33:39] /c [gm]snow
[12/05/2020 18:33:39] /c [gm]snow
[12/05/2020 18:33:39] /c [gm]snow
[12/05/2020 18:33:39] /c [gm]snow
[12/05/2020 18:33:39] /c [gm]snow
[12/05/2020 18:33:39] /c [gm]snow
[12/05/2020 18:33:39] /c [gm]snow
[12/05/2020 18:33:39] /c [gm]snow
[12/05/2020 18:33:39] /c [gm]snow
[12/05/2020 18:33:39] /c [gm]snow
[12/05/2020 18:33:39] /c [gm]snow
[12/05/2020 18:33:39] /c [gm]snow
[12/05/2020 18:33:39] /c [gm]snow
[12/05/2020 18:33:39] /c [gm]snow
[12/05/2020 18:33:39] /c [gm]snow
[12/05/2020 18:33:39] /c [gm]snow
[12/05/2020 18:33:39] /c [gm]snow
[12/05/2020 18:33:39] /c [gm]snow
[12/05/2020 18:33:39] /c [gm]snow
[12/05/2020 18:33:39] /c [gm]snow
[12/05/2020 18:33:40] /c [gm]snow
[12/05/2020 18:33:40] /c [gm]snow
[12/05/2020 18:33:40] /c [gm]snow
[12/05/2020 18:33:40] /c [gm]snow
[12/05/2020 18:33:40] /c [gm]snow
[12/05/2020 18:33:40] /c [gm]snow
[12/05/2020 18:33:40] /c [gm]snow
[12/05/2020 18:33:40] /c [gm]snow
[12/05/2020 18:33:40] /c [gm]snow
[12/05/2020 18:33:40] /c [gm]snow
[12/05/2020 18:33:40] /c [gm]snow
[12/05/2020 18:33:40] /c [gm]snow
[12/05/2020 18:33:40] /c [gm]snow
[12/05/2020 18:33:40] /c [gm]snow
[12/05/2020 18:33:40] /c [gm]snow
[12/05/2020 18:33:40] /c [gm]snow
[12/05/2020 18:33:40] /c [gm]snow
[12/05/2020 18:33:40] /c [gm]snow
[12/05/2020 18:33:41] /c [gm]snow
[12/05/2020 18:33:41] /c [gm]snow
[12/05/2020 18:33:41] /c [gm]snow
[12/05/2020 18:33:41] /c [gm]snow
[12/05/2020 18:33:41] /c [gm]snow
[12/05/2020 18:33:41] /c [gm]snow
[12/05/2020 18:33:41] /c [gm]snow
[12/05/2020 18:33:41] /c [gm]snow
[12/05/2020 18:33:41] /c [gm]snow
[12/05/2020 18:33:41] /c [gm]snow
[12/05/2020 18:33:41] /c [gm]snow
[12/05/2020 18:33:41] /c [gm]snow
[12/05/2020 18:33:41] /c [gm]snow
[12/05/2020 18:33:41] /c [gm]snow
[12/05/2020 18:33:41] /c [gm]snow
[12/05/2020 18:33:41] /c [gm]snow
[12/05/2020 18:33:41] /c [gm]snow
[12/05/2020 18:33:41] /c [gm]snow
[12/05/2020 18:33:41] /c [gm]snow
[12/05/2020 18:33:41] /c [gm]snow
[12/05/2020 18:33:41] /c [gm]snow
[12/05/2020 18:33:42] /c [gm]snow
[12/05/2020 18:33:42] /c [gm]snow
[12/05/2020 18:33:42] /c [gm]snow
[12/05/2020 18:33:42] /c [gm]snow
[12/05/2020 18:33:42] /c [gm]snow
[12/05/2020 18:33:42] /c [gm]snow
[12/05/2020 18:33:42] /c [gm]snow
[12/05/2020 18:33:42] /c [gm]snow
[12/05/2020 18:33:42] /c [gm]snow
[12/05/2020 18:33:42] /c [gm]snow
[12/05/2020 18:33:42] /c [gm]snow
[12/05/2020 18:33:42] /c [gm]snow
[12/05/2020 18:33:42] /c [gm]snow
[12/05/2020 18:33:42] /c [gm]snow
[12/05/2020 18:33:42] /c [gm]snow
[12/05/2020 18:33:42] /c [gm]snow
[12/05/2020 18:33:42] /c [gm]snow
[12/05/2020 18:33:42] /c [gm]snow
[12/05/2020 18:33:42] /c [gm]snow
[12/05/2020 18:33:42] /c [gm]snow
[12/05/2020 18:33:42] /c [gm]snow
[12/05/2020 18:33:42] /c [gm]snow
[12/05/2020 18:33:43] /c [gm]snow
[12/05/2020 18:33:43] /c [gm]snow
[12/05/2020 18:33:43] /c [gm]snow
[12/05/2020 18:33:43] /c [gm]snow
[12/05/2020 18:33:43] /c [gm]snow
[12/05/2020 18:33:43] /c [gm]snow
[12/05/2020 18:33:43] /c [gm]snow
[12/05/2020 18:33:43] /c [gm]snow
[12/05/2020 18:33:43] /c [gm]snow
[12/05/2020 18:33:43] /c [gm]snow
[12/05/2020 18:33:43] /c [gm]snow
[12/05/2020 18:33:43] /c [gm]snow
[12/05/2020 18:33:43] /c [gm]snow
[12/05/2020 18:33:43] /c [gm]snow
[12/05/2020 18:33:43] /c [gm]snow
[12/05/2020 18:33:43] /c [gm]snow
[12/05/2020 18:33:43] /c [gm]snow
[12/05/2020 18:33:43] /c [gm]snow
[12/05/2020 18:33:43] /c [gm]snow
[12/05/2020 18:33:43] /c [gm]snow
[12/05/2020 18:33:43] /c [gm]snow
[12/05/2020 18:33:44] /c [gm]snow
[12/05/2020 18:33:44] /c [gm]snow
[12/05/2020 18:33:44] /c [gm]snow
[12/05/2020 18:33:44] /c [gm]snow
[12/05/2020 18:33:44] /c [gm]snow
[12/05/2020 18:33:44] /c [gm]snow
[12/05/2020 18:33:44] /c [gm]snow
[12/05/2020 18:33:44] /c [gm]snow
[12/05/2020 18:33:44] /c [gm]snow
[12/05/2020 18:33:44] /c [gm]snow
[12/05/2020 18:33:44] /c [gm]snow
[12/05/2020 18:33:44] /c [gm]snow
[12/05/2020 18:33:44] /c [gm]snow
[12/05/2020 18:33:44] /c [gm]snow
[12/05/2020 18:33:44] /c [gm]snow
[12/05/2020 18:33:45] /c [gm]snow
[12/05/2020 18:33:45] /c [gm]snow
[12/05/2020 18:33:45] /c [gm]snow
[12/05/2020 18:33:45] /c [gm]snow
[12/05/2020 18:33:45] /c [gm]snow
[12/05/2020 18:33:45] /c [gm]snow
[12/05/2020 18:33:51] /c [gm]snow
[12/05/2020 18:33:52] /c [gm]snow
[12/05/2020 18:33:52] /c [gm]snow
[12/05/2020 18:33:57] /c [gm]snow
[12/05/2020 18:33:57] /c [gm]snow
[12/05/2020 18:33:58] /c [gm]snow
[12/05/2020 18:33:58] /c [gm]snow
[12/05/2020 18:33:59] /c [gm]snow
[12/05/2020 18:33:59] /c [gm]snow
[12/05/2020 18:34:00] /c [gm]snow
[12/05/2020 18:34:00] /c [gm]snow
[12/05/2020 18:34:00] /c [gm]snow
[12/05/2020 18:34:00] /c [gm]snow
[12/05/2020 18:34:01] /c [gm]snow
[12/05/2020 18:34:01] /c [gm]snow
[12/05/2020 18:34:01] /c [gm]snow
[12/05/2020 18:34:01] /c [gm]snow
[12/05/2020 18:34:02] /c [gm]snow
[12/05/2020 18:34:02] /c [gm]snow
[12/05/2020 18:34:02] /c [gm]snow
[12/05/2020 18:34:02] /c [gm]snow
[12/05/2020 18:34:03] /c [gm]snow
[12/05/2020 18:34:03] /c [gm]snow
[12/05/2020 18:34:03] /c [gm]snow
[12/05/2020 18:34:07] /c [gm]snow
[12/05/2020 18:34:07] /c [gm]snow
[12/05/2020 18:34:07] /c [gm]snow
[12/05/2020 18:34:07] /c [gm]snow
[12/05/2020 18:34:07] /c [gm]snow
[12/05/2020 18:34:08] /c [gm]snow
[12/05/2020 18:34:08] /c [gm]snow
[12/05/2020 18:34:08] /c [gm]snow
[12/05/2020 18:34:08] /c [gm]snow
[12/05/2020 18:34:08] /c [gm]snow
[12/05/2020 18:34:08] /c [gm]snow
[12/05/2020 18:34:09] /c [gm]snow
[12/05/2020 18:34:09] /c [gm]snow
[12/05/2020 18:34:09] /c [gm]snow
[12/05/2020 18:34:09] /c [gm]snow
[12/05/2020 18:34:09] /c [gm]snow
[12/05/2020 18:34:09] /c [gm]snow
[12/05/2020 18:34:09] /c [gm]snow
[12/05/2020 18:34:09] /c [gm]snow
[12/05/2020 18:34:09] /c [gm]snow
[12/05/2020 18:34:09] /c [gm]snow
[12/05/2020 18:34:09] /c [gm]snow
[12/05/2020 18:34:09] /c [gm]snow
[12/05/2020 18:34:09] /c [gm]snow
[12/05/2020 18:34:09] /c [gm]snow
[12/05/2020 18:34:09] /c [gm]snow
[12/05/2020 18:34:09] /c [gm]snow
[12/05/2020 18:34:09] /c [gm]snow
[12/05/2020 18:34:09] /c [gm]snow
[12/05/2020 18:34:09] /c [gm]snow
[12/05/2020 18:34:09] /c [gm]snow
[12/05/2020 18:34:09] /c [gm]snow
[12/05/2020 18:34:10] /c [gm]snow
[12/05/2020 18:34:10] /c [gm]snow
[12/05/2020 18:34:10] /c [gm]snow
[12/05/2020 18:34:10] /c [gm]snow
[12/05/2020 18:34:10] /c [gm]snow
[12/05/2020 18:34:10] /c [gm]snow
[12/05/2020 18:34:10] /c [gm]snow
[12/05/2020 18:34:10] /c [gm]snow
[12/05/2020 18:34:10] /c [gm]snow
[12/05/2020 18:34:10] /c [gm]snow
[12/05/2020 18:34:10] /c [gm]snow
[12/05/2020 18:34:10] /c [gm]snow
[12/05/2020 18:34:10] /c [gm]snow
[12/05/2020 18:34:10] /c [gm]snow
[12/05/2020 18:34:10] /c [gm]snow
[12/05/2020 18:34:10] /c [gm]snow
[12/05/2020 18:34:10] /c [gm]snow
[12/05/2020 18:34:10] /c [gm]snow
[12/05/2020 18:34:10] /c [gm]snow
[12/05/2020 18:34:11] /c [gm]snow
[12/05/2020 18:34:11] /c [gm]snow
[12/05/2020 18:34:11] /c [gm]snow
[12/05/2020 18:34:11] /c [gm]snow
[12/05/2020 18:34:11] /c [gm]snow
[12/05/2020 18:34:11] /c [gm]snow
[12/05/2020 18:34:11] /c [gm]snow
[12/05/2020 18:34:11] /c [gm]snow
[12/05/2020 18:34:11] /c [gm]snow
[12/05/2020 18:34:11] /c [gm]snow
[12/05/2020 18:34:11] /c [gm]snow
[12/05/2020 18:34:11] /c [gm]snow
[12/05/2020 18:34:11] /c [gm]snow
[12/05/2020 18:34:11] /c [gm]snow
[12/05/2020 18:34:11] /c [gm]snow
[12/05/2020 18:34:11] /c [gm]snow
[12/05/2020 18:34:11] /c [gm]snow
[12/05/2020 18:34:11] /c [gm]snow
[12/05/2020 18:34:11] /c [gm]snow
[12/05/2020 18:34:12] /c [gm]snow
[12/05/2020 18:34:12] /c [gm]snow
[12/05/2020 18:34:12] /c [gm]snow
[12/05/2020 18:34:12] /c [gm]snow
[12/05/2020 18:34:12] /c [gm]snow
[12/05/2020 18:34:12] /c [gm]snow
[12/05/2020 18:34:12] /c [gm]snow
[12/05/2020 18:34:12] /c [gm]snow
[12/05/2020 18:34:12] /c [gm]snow
[12/05/2020 18:34:12] /c [gm]snow
[12/05/2020 18:34:12] /c [gm]snow
[12/05/2020 18:34:12] /c [gm]snow
[12/05/2020 18:34:12] /c [gm]snow
[12/05/2020 18:34:12] /c [gm]snow
[12/05/2020 18:34:12] /c [gm]snow
[12/05/2020 18:34:12] /c [gm]snow
[12/05/2020 18:34:12] /c [gm]snow
[12/05/2020 18:34:12] /c [gm]snow
[12/05/2020 18:34:12] /c [gm]snow
[12/05/2020 18:34:12] /c [gm]snow
[12/05/2020 18:34:12] /c [gm]snow
[12/05/2020 18:34:13] /c [gm]snow
[12/05/2020 18:34:13] /c [gm]snow
[12/05/2020 18:34:13] /c [gm]snow
[12/05/2020 18:34:13] /c [gm]snow
[12/05/2020 18:34:13] /c [gm]snow
[12/05/2020 18:34:13] /c [gm]snow
[12/05/2020 18:34:13] /c [gm]snow
[12/05/2020 18:34:13] /c [gm]snow
[12/05/2020 18:34:13] /c [gm]snow
[12/05/2020 18:34:13] /c [gm]snow
[12/05/2020 18:34:13] /c [gm]snow
[12/05/2020 18:34:13] /c [gm]snow
[12/05/2020 18:34:13] /c [gm]snow
[12/05/2020 18:34:13] /c [gm]snow
[12/05/2020 18:34:13] /c [gm]snow
[12/05/2020 18:34:13] /c [gm]snow
[12/05/2020 18:34:13] /c [gm]snow
[12/05/2020 18:34:13] /c [gm]snow
[12/05/2020 18:34:13] /c [gm]snow
[12/05/2020 18:34:14] /c [gm]snow
[12/05/2020 18:34:14] /c [gm]snow
[12/05/2020 18:34:14] /c [gm]snow
[12/05/2020 18:34:14] /c [gm]snow
[12/05/2020 18:34:30] /c [gm]snow
[12/05/2020 18:34:30] /c [gm]snow
[12/05/2020 18:34:31] /c [gm]snow
[12/05/2020 18:34:31] /c [gm]snow
[12/05/2020 18:34:33] /c [gm]snow
[12/05/2020 18:34:34] /c [gm]snow
[12/05/2020 18:34:34] /c [gm]snow
[12/05/2020 18:34:34] /c [gm]snow
[12/05/2020 18:34:34] /c [gm]snow
[12/05/2020 18:34:34] /c [gm]snow
[12/05/2020 18:34:34] /c [gm]snow
[12/05/2020 18:34:34] /c [gm]snow
[12/05/2020 18:34:34] /c [gm]snow
[12/05/2020 18:34:34] /c [gm]snow
[12/05/2020 18:34:34] /c [gm]snow
[12/05/2020 18:34:34] /c [gm]snow
[12/05/2020 18:34:34] /c [gm]snow
[12/05/2020 18:34:34] /c [gm]snow
[12/05/2020 18:34:35] /c [gm]snow
[12/05/2020 18:34:35] /c [gm]snow
[12/05/2020 18:34:35] /c [gm]snow
[12/05/2020 18:34:35] /c [gm]snow
[12/05/2020 18:34:35] /c [gm]snow
[12/05/2020 18:34:38] /c [gm]snow
[12/05/2020 18:34:39] /c [gm]snow
[12/05/2020 18:34:39] /c [gm]snow
[12/05/2020 18:34:39] /c [gm]snow
[12/05/2020 18:34:39] /c [gm]snow
[12/05/2020 18:34:39] /c [gm]snow
[12/05/2020 18:34:39] /c [gm]snow
[12/05/2020 18:34:39] /c [gm]snow
[12/05/2020 18:34:39] /c [gm]snow
[12/05/2020 18:34:39] /c [gm]snow
[12/05/2020 18:34:39] /c [gm]snow
[12/05/2020 18:34:39] /c [gm]snow
[12/05/2020 18:34:39] /c [gm]snow
[12/05/2020 18:34:39] /c [gm]snow
[12/05/2020 18:34:39] /c [gm]snow
[12/05/2020 18:34:39] /c [gm]snow
[12/05/2020 18:34:39] /c [gm]snow
[12/05/2020 18:34:39] /c [gm]snow
[12/05/2020 18:34:39] /c [gm]snow
[12/05/2020 18:34:40] /c [gm]snow
[12/05/2020 18:34:40] /c [gm]snow
[12/05/2020 18:34:40] /c [gm]snow
[12/05/2020 18:34:40] /c [gm]snow
[12/05/2020 18:34:40] /c [gm]snow
[12/05/2020 18:34:40] /c [gm]snow
[12/05/2020 18:34:40] /c [gm]snow
[12/05/2020 18:34:40] /c [gm]snow
[12/05/2020 18:34:40] /c [gm]snow
[12/05/2020 18:34:40] /c [gm]snow
[12/05/2020 18:34:40] /c [gm]snow
[12/05/2020 18:34:40] /c [gm]snow
[12/05/2020 18:34:40] /c [gm]snow
[12/05/2020 18:34:40] /c [gm]snow
[12/05/2020 18:34:40] /c [gm]snow
[12/05/2020 18:34:40] /c [gm]snow
[12/05/2020 18:34:40] /c [gm]snow
[12/05/2020 18:34:40] /c [gm]snow
[12/05/2020 18:34:40] /c [gm]snow
[12/05/2020 18:34:40] /c [gm]snow
[12/05/2020 18:34:41] /c [gm]snow
[12/05/2020 18:34:41] /c [gm]snow
[12/05/2020 18:34:41] /c [gm]snow
[12/05/2020 18:34:41] /c [gm]snow
[12/05/2020 18:34:41] /c [gm]snow
[12/05/2020 18:34:41] /c [gm]snow
[12/05/2020 18:34:41] /c [gm]snow
[12/05/2020 18:34:41] /c [gm]snow
[12/05/2020 18:34:41] /c [gm]snow
[12/05/2020 18:34:41] /c [gm]snow
[12/05/2020 18:34:41] /c [gm]snow
[12/05/2020 18:34:41] /c [gm]snow
[12/05/2020 18:34:41] /c [gm]snow
[12/05/2020 18:34:41] /c [gm]snow
[12/05/2020 18:34:41] /c [gm]snow
[12/05/2020 18:34:41] /c [gm]snow
[12/05/2020 18:34:41] /c [gm]snow
[12/05/2020 18:34:41] /c [gm]snow
[12/05/2020 18:34:41] /c [gm]snow
[12/05/2020 18:34:41] /c [gm]snow
[12/05/2020 18:34:47] /goto [Adm]Lordoritos
[12/05/2020 18:35:03] /c [gm]snow
[12/05/2020 18:35:03] /c [gm]snow
[12/05/2020 18:35:03] /c [gm]snow
[12/05/2020 18:35:03] /c [gm]snow
[12/05/2020 18:35:15] /c [Adm]Lordoritos
[12/05/2020 18:35:16] /c [Adm]Lordoritos
[12/05/2020 18:35:16] /c [Adm]Lordoritos
[12/05/2020 18:35:16] /c [Adm]Lordoritos
[12/05/2020 18:35:16] /c [Adm]Lordoritos
[12/05/2020 18:35:16] /c [Adm]Lordoritos
[12/05/2020 18:35:16] /c [Adm]Lordoritos
[12/05/2020 18:35:16] /c [Adm]Lordoritos
[12/05/2020 18:35:16] /c [Adm]Lordoritos
[12/05/2020 18:35:16] /c [Adm]Lordoritos
[12/05/2020 18:35:16] /c [Adm]Lordoritos
[12/05/2020 18:35:17] /c [Adm]Lordoritos
[12/05/2020 18:35:17] /c [Adm]Lordoritos
[12/05/2020 18:35:17] /c [Adm]Lordoritos
[12/05/2020 18:35:17] /c [Adm]Lordoritos
[12/05/2020 18:35:17] /c [Adm]Lordoritos
[12/05/2020 18:35:17] /c [Adm]Lordoritos
[12/05/2020 18:35:17] /c [Adm]Lordoritos
[12/05/2020 18:35:17] /c [Adm]Lordoritos
[12/05/2020 18:35:17] /c [Adm]Lordoritos
[12/05/2020 18:35:17] /c [Adm]Lordoritos
[12/05/2020 18:35:17] /c [Adm]Lordoritos
[12/05/2020 18:35:17] /c [Adm]Lordoritos
[12/05/2020 18:35:17] /c [Adm]Lordoritos
[12/05/2020 18:35:17] /c [Adm]Lordoritos
[12/05/2020 18:35:17] /c [Adm]Lordoritos
[12/05/2020 18:35:17] /c [Adm]Lordoritos
[12/05/2020 18:35:17] /c [Adm]Lordoritos
[12/05/2020 18:35:17] /c [Adm]Lordoritos
[12/05/2020 18:35:17] /c [Adm]Lordoritos
[12/05/2020 18:35:17] /c [Adm]Lordoritos
[12/05/2020 18:35:17] /c [Adm]Lordoritos
[12/05/2020 18:35:17] /c [Adm]Lordoritos
[12/05/2020 18:35:17] /c [Adm]Lordoritos
[12/05/2020 18:35:17] /c [Adm]Lordoritos
[12/05/2020 18:35:18] /c [Adm]Lordoritos
[12/05/2020 18:35:18] /c [Adm]Lordoritos
[12/05/2020 18:35:18] /c [Adm]Lordoritos
[12/05/2020 18:35:18] /c [Adm]Lordoritos
[12/05/2020 18:35:18] /c [Adm]Lordoritos
[12/05/2020 18:35:18] /c [Adm]Lordoritos
[12/05/2020 18:35:18] /c [Adm]Lordoritos
[12/05/2020 18:35:18] /c [Adm]Lordoritos
[12/05/2020 18:35:18] /c [Adm]Lordoritos
[12/05/2020 18:35:18] /c [Adm]Lordoritos
[12/05/2020 18:35:18] /c [Adm]Lordoritos
[12/05/2020 18:35:18] /c [Adm]Lordoritos
[12/05/2020 18:35:18] /c [Adm]Lordoritos
[12/05/2020 18:35:18] /c [Adm]Lordoritos
[12/05/2020 18:35:18] /c [Adm]Lordoritos
[12/05/2020 18:35:18] /c [Adm]Lordoritos
[12/05/2020 18:35:18] /c [Adm]Lordoritos
[12/05/2020 18:35:18] /c [Adm]Lordoritos
[12/05/2020 18:35:18] /c [Adm]Lordoritos
[12/05/2020 18:35:18] /c [Adm]Lordoritos
[12/05/2020 18:35:18] /c [Adm]Lordoritos
[12/05/2020 18:35:19] /c [Adm]Lordoritos
[12/05/2020 18:35:19] /c [Adm]Lordoritos
[12/05/2020 18:35:19] /c [Adm]Lordoritos
[12/05/2020 18:35:19] /c [Adm]Lordoritos
[12/05/2020 18:35:19] /c [Adm]Lordoritos
[12/05/2020 18:35:19] /c [Adm]Lordoritos
[12/05/2020 18:35:19] /c [Adm]Lordoritos
[12/05/2020 18:35:19] /c [Adm]Lordoritos
[12/05/2020 18:35:19] /c [Adm]Lordoritos
[12/05/2020 18:36:53] /c [Adm]Lordoritos
[12/05/2020 19:31:20] /goto Najatheuss
[12/05/2020 19:31:53] /r
[12/05/2020 19:32:03] /r 3
[12/05/2020 19:32:05] /r 3
[12/05/2020 19:32:06] /r 3
[12/05/2020 19:32:56] /i scarabcoin
[12/05/2020 19:33:01] /i scarab coin
[12/05/2020 19:33:03] /i scarab coin
[12/05/2020 19:33:09] /i pokebag
[12/05/2020 19:33:21] /town celadon
[12/05/2020 19:33:31] /up
[12/05/2020 19:33:33] /town celadon
[12/05/2020 19:33:41] /town celadon
[12/05/2020 19:34:16] /i 2160
[12/05/2020 19:35:04] /town saffron
[12/05/2020 19:36:20] /i broch
[12/05/2020 19:36:41] /i strange symbol
[12/05/2020 19:37:05] /i strange symbol
[12/05/2020 19:37:05] /i strange symbol
[12/05/2020 19:37:06] /i strange symbol
[12/05/2020 19:37:06] /i strange symbol
[12/05/2020 19:37:06] /i strange symbol
[12/05/2020 19:37:06] /i strange symbol
[12/05/2020 19:37:06] /i strange symbol
[12/05/2020 19:37:06] /i strange symbol
[12/05/2020 19:37:06] /i strange symbol
[12/05/2020 19:37:06] /i strange symbol
[12/05/2020 19:37:06] /i strange symbol
[12/05/2020 19:37:06] /i strange symbol
[12/05/2020 19:37:06] /i strange symbol
[12/05/2020 19:37:06] /i strange symbol
[12/05/2020 19:37:06] /i strange symbol
[12/05/2020 19:37:06] /i strange symbol
[12/05/2020 19:37:06] /i strange symbol
[12/05/2020 19:37:06] /i strange symbol
[12/05/2020 19:37:06] /i strange symbol
[12/05/2020 19:37:06] /i strange symbol
[12/05/2020 19:37:06] /i strange symbol
[12/05/2020 19:37:06] /i strange symbol
[12/05/2020 19:37:06] /i strange symbol
[12/05/2020 19:37:07] /i strange symbol
[12/05/2020 19:37:07] /i strange symbol
[12/05/2020 19:37:07] /i strange symbol
[12/05/2020 19:37:07] /i strange symbol
[12/05/2020 19:37:07] /i strange symbol
[12/05/2020 19:37:07] /i strange symbol
[12/05/2020 19:37:07] /i strange symbol
[12/05/2020 19:37:07] /i strange symbol
[12/05/2020 19:37:07] /i strange symbol
[12/05/2020 19:37:07] /i strange symbol
[12/05/2020 19:37:07] /i strange symbol
[12/05/2020 19:37:07] /i strange symbol
[12/05/2020 19:37:07] /i strange symbol
[12/05/2020 19:37:07] /i strange symbol
[12/05/2020 19:37:07] /i strange symbol
[12/05/2020 19:37:07] /i strange symbol
[12/05/2020 19:37:07] /i strange symbol
[12/05/2020 19:37:07] /i strange symbol
[12/05/2020 19:37:07] /i strange symbol
[12/05/2020 19:37:07] /i strange symbol
[12/05/2020 19:37:07] /i strange symbol
[12/05/2020 19:37:08] /i strange symbol
[12/05/2020 19:37:08] /i strange symbol
[12/05/2020 19:37:08] /i strange symbol
[12/05/2020 19:37:08] /i strange symbol
[12/05/2020 19:37:08] /i strange symbol
[12/05/2020 19:37:08] /i strange symbol
[12/05/2020 19:37:08] /i strange symbol
[12/05/2020 19:37:08] /i strange symbol
[12/05/2020 19:37:08] /i strange symbol
[12/05/2020 19:37:08] /i strange symbol
[12/05/2020 19:37:08] /i strange symbol
[12/05/2020 19:37:08] /i strange symbol
[12/05/2020 19:37:08] /i strange symbol
[12/05/2020 19:37:08] /i strange symbol
[12/05/2020 19:37:08] /i strange symbol
[12/05/2020 19:37:08] /i strange symbol
[12/05/2020 19:37:08] /i strange symbol
[12/05/2020 19:37:38] /i strange symbol
[12/05/2020 19:37:38] /i strange symbol
[12/05/2020 19:37:38] /i strange symbol
[12/05/2020 19:37:38] /i strange symbol
[12/05/2020 19:37:38] /i strange symbol
[12/05/2020 19:37:38] /i strange symbol
[12/05/2020 19:37:38] /i strange symbol
[12/05/2020 19:37:38] /i strange symbol
[12/05/2020 19:37:38] /i strange symbol
[12/05/2020 19:37:41] /i strange symbol
[12/05/2020 19:37:42] /i strange symbol
[12/05/2020 19:37:42] /i strange symbol
[12/05/2020 19:37:42] /i strange symbol
[12/05/2020 19:37:42] /i strange symbol
[12/05/2020 19:37:42] /i strange symbol
[12/05/2020 19:37:42] /i strange symbol
[12/05/2020 19:37:42] /i strange symbol
[12/05/2020 19:37:42] /i strange symbol
[12/05/2020 19:37:42] /i strange symbol
[12/05/2020 19:37:42] /i strange symbol
[12/05/2020 19:37:42] /i strange symbol
[12/05/2020 19:37:42] /i strange symbol
[12/05/2020 19:37:42] /i strange symbol
[12/05/2020 19:37:42] /i strange symbol
[12/05/2020 19:37:42] /i strange symbol
[12/05/2020 19:37:42] /i strange symbol
[12/05/2020 19:37:42] /i strange symbol
[12/05/2020 19:37:42] /i strange symbol
[12/05/2020 19:37:42] /i strange symbol
[12/05/2020 19:37:42] /i strange symbol
[12/05/2020 19:37:42] /i strange symbol
[12/05/2020 19:37:42] /i strange symbol
[12/05/2020 19:37:43] /i strange symbol
[12/05/2020 19:37:43] /i strange symbol
[12/05/2020 19:37:43] /i strange symbol
[12/05/2020 19:37:43] /i strange symbol
[12/05/2020 19:37:43] /i strange symbol
[12/05/2020 19:37:43] /i strange symbol
[12/05/2020 19:37:43] /i strange symbol
[12/05/2020 19:37:43] /i strange symbol
[12/05/2020 19:37:43] /i strange symbol
[12/05/2020 19:37:43] /i strange symbol
[12/05/2020 19:37:43] /i strange symbol
[12/05/2020 19:37:43] /i strange symbol
[12/05/2020 19:37:43] /i strange symbol
[12/05/2020 19:37:43] /i strange symbol
[12/05/2020 19:37:43] /i strange symbol
[12/05/2020 19:37:43] /i strange symbol
[12/05/2020 19:37:43] /i strange symbol
[12/05/2020 19:37:43] /i strange symbol
[12/05/2020 19:37:43] /i strange symbol
[12/05/2020 19:37:43] /i strange symbol
[12/05/2020 19:37:43] /i strange symbol
[12/05/2020 19:37:43] /i strange symbol
[12/05/2020 19:37:43] /i strange symbol
[12/05/2020 19:37:43] /i strange symbol
[12/05/2020 19:37:43] /i strange symbol
[12/05/2020 19:37:43] /i strange symbol
[12/05/2020 19:37:44] /i strange symbol
[12/05/2020 19:37:44] /i strange symbol
[12/05/2020 19:37:44] /i strange symbol
[12/05/2020 19:37:44] /i strange symbol
[12/05/2020 19:37:44] /i strange symbol
[12/05/2020 19:37:44] /i strange symbol
[12/05/2020 19:37:44] /i strange symbol
[12/05/2020 19:37:44] /i strange symbol
[12/05/2020 19:37:44] /i strange symbol
[12/05/2020 19:37:44] /i strange symbol
[12/05/2020 19:37:44] /i strange symbol
[12/05/2020 19:37:44] /i strange symbol
[12/05/2020 19:37:44] /i strange symbol
[12/05/2020 19:37:44] /i strange symbol
[12/05/2020 19:37:44] /i strange symbol
[12/05/2020 19:37:44] /i strange symbol
[12/05/2020 19:37:44] /i strange symbol
[12/05/2020 19:37:44] /i strange symbol
[12/05/2020 19:37:44] /i strange symbol
[12/05/2020 19:37:44] /i strange symbol
[12/05/2020 19:37:44] /i strange symbol
[12/05/2020 19:37:44] /i strange symbol
[12/05/2020 19:37:44] /i strange symbol
[12/05/2020 19:37:44] /i strange symbol
[12/05/2020 19:37:44] /i strange symbol
[12/05/2020 19:37:46] /i strange symbol
[12/05/2020 19:37:47] /i strange symbol
[12/05/2020 19:37:47] /i strange symbol
[12/05/2020 19:37:47] /i strange symbol
[12/05/2020 19:37:47] /i strange symbol
[12/05/2020 19:37:47] /i strange symbol
[12/05/2020 19:37:47] /i strange symbol
[12/05/2020 19:37:47] /i strange symbol
[12/05/2020 19:37:47] /i strange symbol
[12/05/2020 19:37:47] /i strange symbol
[12/05/2020 19:37:47] /i strange symbol
[12/05/2020 19:37:47] /i strange symbol
[12/05/2020 19:37:47] /i strange symbol
[12/05/2020 19:37:47] /i strange symbol
[12/05/2020 19:37:47] /i strange symbol
[12/05/2020 19:37:47] /i strange symbol
[12/05/2020 19:37:47] /i strange symbol
[12/05/2020 19:37:48] /i strange symbol
[12/05/2020 19:37:48] /i strange symbol
[12/05/2020 19:37:48] /i strange symbol
[12/05/2020 19:37:48] /i strange symbol
[12/05/2020 19:37:48] /i strange symbol
[12/05/2020 19:37:50] /r
[12/05/2020 19:37:51] /r
[12/05/2020 19:37:51] /r
[12/05/2020 19:37:58] /r
[12/05/2020 19:37:58] /r
[12/05/2020 19:37:59] /r
[12/05/2020 19:37:59] /r
[12/05/2020 19:37:59] /r
[12/05/2020 19:37:59] /r
[12/05/2020 19:37:59] /r
[12/05/2020 19:37:59] /r
[12/05/2020 19:37:59] /r
[12/05/2020 19:37:59] /r
[12/05/2020 19:37:59] /r
[12/05/2020 19:37:59] /r
[12/05/2020 19:37:59] /r
[12/05/2020 19:37:59] /r
[12/05/2020 19:37:59] /r
[12/05/2020 19:37:59] /r
[12/05/2020 19:37:59] /r
[12/05/2020 19:37:59] /r
[12/05/2020 19:37:59] /r
[12/05/2020 19:37:59] /r
[12/05/2020 19:37:59] /r
[12/05/2020 19:37:59] /r
[12/05/2020 19:37:59] /r
[12/05/2020 19:37:59] /r
[12/05/2020 19:37:59] /r
[12/05/2020 19:37:59] /r
[12/05/2020 19:37:59] /r
[12/05/2020 19:38:00] /r
[12/05/2020 19:38:00] /r
[12/05/2020 19:38:00] /r
[12/05/2020 19:38:00] /r
[12/05/2020 19:38:00] /r
[12/05/2020 19:38:00] /r
[12/05/2020 19:38:00] /r
[12/05/2020 19:38:00] /r
[12/05/2020 19:38:00] /r
[12/05/2020 19:38:00] /r
[12/05/2020 19:38:00] /r
[12/05/2020 19:38:00] /r
[12/05/2020 19:38:00] /r
[12/05/2020 19:38:00] /r
[12/05/2020 19:38:00] /r
[12/05/2020 19:38:07] /i 5771
[12/05/2020 19:38:47] /r
[12/05/2020 19:38:48] /r
[12/05/2020 19:38:48] /r
[12/05/2020 19:38:48] /r
[12/05/2020 19:38:48] /r
[12/05/2020 19:38:48] /r
[12/05/2020 19:38:48] /r
[12/05/2020 19:38:48] /r
[12/05/2020 19:38:48] /r
[12/05/2020 19:38:48] /r
[12/05/2020 19:38:48] /r
[12/05/2020 19:38:48] /r
[12/05/2020 19:38:48] /r
[12/05/2020 19:38:48] /r
[12/05/2020 19:38:48] /r
[12/05/2020 19:38:49] /r
[12/05/2020 19:38:49] /r
[12/05/2020 19:38:49] /r
[12/05/2020 19:38:49] /r
[12/05/2020 19:38:49] /r
[12/05/2020 19:38:49] /r
[12/05/2020 19:38:49] /r
[12/05/2020 19:38:49] /r
[12/05/2020 19:38:49] /r
[12/05/2020 19:38:49] /r
[12/05/2020 19:38:49] /r
[12/05/2020 19:38:49] /r
[12/05/2020 19:38:49] /r
[12/05/2020 19:38:49] /r
[12/05/2020 19:38:49] /r
[12/05/2020 19:38:49] /r
[12/05/2020 19:38:49] /r
[12/05/2020 19:39:03] /town celadon
[12/05/2020 19:40:08] /i strange symbol
[12/05/2020 19:40:09] /i strange symbol
[12/05/2020 19:40:09] /i strange symbol
[12/05/2020 19:40:10] /i strange symbol
[12/05/2020 19:40:10] /i strange symbol
[12/05/2020 19:40:11] /i strange symbol
[12/05/2020 19:40:11] /i strange symbol
[12/05/2020 19:40:11] /i strange symbol
[12/05/2020 19:40:12] /i strange symbol
[12/05/2020 19:40:12] /i strange symbol
[12/05/2020 19:40:26] /town sunshine
[12/05/2020 19:40:50] /addskill [ADM]Fllair Scarllate ,lvl, 10000
[12/05/2020 19:41:18] /m registell
[12/05/2020 19:41:20] /m registell
[12/05/2020 19:41:25] /m registell
[12/05/2020 19:41:34] /m regice
[12/05/2020 19:41:39] /m regirock
[12/05/2020 19:41:43] /m registel
[12/05/2020 19:42:04] /m regigigas
[12/05/2020 19:42:33] /m registeel
[12/05/2020 19:43:55] /addskill [adm]fllair scarllate ,lvl, 10000
[12/05/2020 19:44:18] /addskill [adm]fllair scarllate ,lvl, 10000
[12/05/2020 19:44:20] /addskill [adm]fllair scarllate ,lvl, 10000
[12/05/2020 19:44:20] /addskill [adm]fllair scarllate ,lvl, 10000
[12/05/2020 19:44:21] /addskill [adm]fllair scarllate ,lvl, 10000
[12/05/2020 19:44:22] /addskill [adm]fllair scarllate ,lvl, 10000
[12/05/2020 19:44:24] /addskill [adm]fllair scarllate ,lvl, 10000
[12/05/2020 19:44:34] /addskill [adm]fllair scarllate ,lvl, 10000
[12/05/2020 19:44:35] /addskill [adm]fllair scarllate ,lvl, 10000
[12/05/2020 19:44:36] /addskill [adm]fllair scarllate ,lvl, 10000
[12/05/2020 19:44:37] /addskill [adm]fllair scarllate ,lvl, 10000
[12/05/2020 19:44:47] /r
[12/05/2020 19:44:51] /m registeel
[12/05/2020 19:44:52] /m registeel
[12/05/2020 19:44:52] /m registeel
[12/05/2020 19:44:53] /m registeel
[12/05/2020 19:44:54] /m registeel
[12/05/2020 19:45:30] /r
[12/05/2020 19:45:32] /r
[12/05/2020 19:45:33] /r
[12/05/2020 19:45:34] /r
[12/05/2020 19:45:36] /r
[12/05/2020 19:45:48] /m registeel
[12/05/2020 19:46:03] /town ecruteak
[12/05/2020 19:46:06] /r
[12/05/2020 19:46:07] /r
[12/05/2020 19:46:25] /i broch
[12/05/2020 19:47:29] /i Broch
[12/05/2020 19:50:17] /i broch
[12/05/2020 19:50:49] /i broch
[12/05/2020 19:50:50] /i broch
[12/05/2020 19:50:55] /i brox
[12/05/2020 19:50:59] /i broshi
[12/05/2020 19:51:03] /i brosh
