[14/05/2020 17:24:42] /r
[14/05/2020 17:25:14] /addskill Fistpoke,level,2
[14/05/2020 17:26:11] /m regice
[14/05/2020 17:26:16] /m shiny metagross
[14/05/2020 17:26:18] /m shiny metagross
[14/05/2020 17:26:29] /r
[14/05/2020 17:26:30] /r
[14/05/2020 17:26:32] /r
[14/05/2020 17:26:33] /r
[14/05/2020 17:26:42] /i 15269
[14/05/2020 17:29:47] /c [Gm]~~Virgem Negra~~
[14/05/2020 17:29:57] /c [Gm]~~Virgem Negra~~
[14/05/2020 17:35:08] /goto [Gm]~~Virgem Negra~~
[14/05/2020 17:35:10] /goto [Gm]~~Virgem Negra~~
[14/05/2020 17:35:16] /t
[14/05/2020 17:35:48] /r
[14/05/2020 17:36:27] /i addon shiny metagross
[14/05/2020 17:36:35] /i addon  metagross
[14/05/2020 17:36:36] /i addon metagross
[14/05/2020 17:36:42] /i vip
[14/05/2020 17:37:18] /goto [Gm]~~Virgem Negra~~
[14/05/2020 17:39:52] /a 2
[14/05/2020 17:40:26] /addskill [ADM] WALKER,level,150
[14/05/2020 17:40:54] /m electrode
[14/05/2020 17:40:54] /m electrode
[14/05/2020 17:40:55] /m electrode
[14/05/2020 17:40:55] /m electrode
[14/05/2020 17:40:56] /m electrode
[14/05/2020 17:41:09] /addskill [Gm]~~Virgem Negra~~,level,150
[14/05/2020 17:41:38] /n nurse joy
[14/05/2020 17:41:55] /t
[14/05/2020 17:42:08] /c [Adm]Matheus Dono
[14/05/2020 17:42:41] /goto [Gm]~~Virgem Negra~~
[14/05/2020 17:42:52] /goto [Gm]~~Virgem Negra~~
[14/05/2020 17:42:54] /goto [Gm]~~Virgem Negra~~
[14/05/2020 17:43:03] /goto [Gm]~~Virgem Negra~~
[14/05/2020 17:43:07] /c [Gm]~~Virgem Negra~~
[14/05/2020 17:43:55] /i addon box
[14/05/2020 17:43:59] /i addon box
[14/05/2020 17:44:04] /i addon box
[14/05/2020 17:44:39] /c nick name
[14/05/2020 17:46:47] /goto [Adm]Matheus Dono
[15/05/2020 15:37:19] /t
[15/05/2020 15:37:33] /t
[15/05/2020 15:38:32] /newtype 123
[15/05/2020 15:38:52] /b alguem ae?
[15/05/2020 15:53:09] /t
[15/05/2020 15:58:31] /goto [Gm]Slayer
[15/05/2020 15:59:01] /t [Gm]Slayer
[15/05/2020 15:59:17] /t
[15/05/2020 15:59:43] /t
[15/05/2020 15:59:49] /r
[15/05/2020 16:00:07] /m mewtwo
[15/05/2020 16:00:09] /m mewtwo
[15/05/2020 16:00:10] /m mewtwo
[15/05/2020 16:01:15] /i 2768
[15/05/2020 16:01:16] /i 2768
[15/05/2020 16:01:18] /i 2768
[15/05/2020 16:01:18] /i 2768
[15/05/2020 16:01:19] /i 2768
[15/05/2020 16:01:20] /i 2768
[15/05/2020 16:01:21] /i 2768
[15/05/2020 16:01:21] /i 2768
[15/05/2020 16:01:22] /i 2768
[15/05/2020 16:01:23] /i 2768
[15/05/2020 16:01:24] /i 2768
[15/05/2020 16:01:24] /i 2768
[15/05/2020 16:01:25] /i 2768
[15/05/2020 16:01:26] /i 2768
[15/05/2020 16:01:27] /i 2768
[15/05/2020 16:01:28] /i 2768
[15/05/2020 16:01:28] /i 2768
[15/05/2020 16:01:29] /i 2768
[15/05/2020 16:01:30] /i 2768
[15/05/2020 16:01:32] /i 2768
[15/05/2020 16:02:07] /t orrik
[15/05/2020 16:02:39] /addskill [ADM] WALKER,level,2000
[15/05/2020 16:02:50] /addskill [ADM] WALKER,level,2000
[15/05/2020 16:02:51] /addskill [ADM] WALKER,level,2000
[15/05/2020 16:02:53] /addskill [ADM] WALKER,level,2000
[15/05/2020 16:03:57] /c [gm]slayer
[15/05/2020 16:04:25] /r
[15/05/2020 16:04:36] /r
[15/05/2020 16:04:38] /r
[15/05/2020 16:04:52] /attr set boost 200
[15/05/2020 16:04:57] /attr set boost 1000
[15/05/2020 16:05:00] /attr set boost 1000
[15/05/2020 16:05:02] /attr set boost 1000
[15/05/2020 16:05:10] /m mew
[15/05/2020 16:07:22] /attr set boost 5000
[15/05/2020 16:07:51] /r
[15/05/2020 16:07:53] /r
[15/05/2020 16:07:55] /r
[15/05/2020 16:07:57] /r
[15/05/2020 16:07:57] /r
[15/05/2020 16:07:58] /r
[15/05/2020 16:07:59] /r
[15/05/2020 16:08:00] /r
[15/05/2020 16:08:01] /r
[15/05/2020 16:08:01] /r
[15/05/2020 16:08:02] /r
[15/05/2020 16:08:03] /r
[15/05/2020 16:08:04] /r
[15/05/2020 16:08:05] /r
[15/05/2020 16:08:05] /r
[15/05/2020 16:08:07] /r
[15/05/2020 16:08:08] /r
[15/05/2020 16:08:09] /r
[15/05/2020 16:08:10] /r
[15/05/2020 16:08:11] /r
[15/05/2020 16:08:12] /r
[15/05/2020 16:08:13] /r
[15/05/2020 16:08:30] /newtype 2525
[15/05/2020 16:08:33] /newtype 2526
[15/05/2020 16:08:47] /newtype 2527
[15/05/2020 16:08:53] /newtype 2528
[15/05/2020 16:08:54] /newtype 2529
[15/05/2020 16:08:56] /newtype 2530
[15/05/2020 16:08:58] /newtype 2531
[15/05/2020 16:09:02] /newtype 2532
[15/05/2020 16:09:03] /newtype 2533
[15/05/2020 16:09:04] /newtype 2534
[15/05/2020 16:09:06] /newtype 2533
[15/05/2020 16:09:29] /newtype [Gm]Virgem Negra,2533
[15/05/2020 16:09:36] /newtype 2533,[Gm]Virgem Negra
[15/05/2020 16:09:39] /newtype 2534,[Gm]Virgem Negra
[15/05/2020 16:10:35] /newtype 2534
[15/05/2020 16:10:37] /newtype 2535
[15/05/2020 16:10:37] /newtype 2536
[15/05/2020 16:10:38] /newtype 2537
[15/05/2020 16:10:39] /newtype 2538
[15/05/2020 16:10:41] /newtype 2539
[15/05/2020 16:10:45] /newtype 2540
[15/05/2020 16:10:45] /newtype 2541
[15/05/2020 16:10:46] /newtype 2542
[15/05/2020 16:10:47] /newtype 2543
[15/05/2020 16:10:48] /newtype 2544
[15/05/2020 16:10:49] /newtype 2545
[15/05/2020 16:10:50] /newtype 2546
[15/05/2020 16:10:51] /newtype 2547
[15/05/2020 16:10:52] /newtype 2548
[15/05/2020 16:10:54] /newtype 2549
[15/05/2020 16:10:56] /newtype 2550
[15/05/2020 16:10:57] /newtype 2551
[15/05/2020 16:10:58] /newtype 2552
[15/05/2020 16:10:59] /newtype 2553
[15/05/2020 16:11:00] /newtype 2555
[15/05/2020 16:11:03] /newtype 2556
[15/05/2020 16:11:06] /newtype 2557
[15/05/2020 16:11:09] /newtype 2558
[15/05/2020 16:11:11] /newtype 2559
[15/05/2020 16:11:12] /newtype 2560
[15/05/2020 16:11:13] /newtype 2561
[15/05/2020 16:11:14] /newtype 2562
[15/05/2020 16:11:15] /newtype 2563
[15/05/2020 16:11:16] /newtype 2564
[15/05/2020 16:11:16] /newtype 2565
[15/05/2020 16:11:19] /newtype 2566
[15/05/2020 16:11:20] /newtype 2567
[15/05/2020 16:11:21] /newtype 2568
[15/05/2020 16:11:22] /newtype 2569
[15/05/2020 16:11:23] /newtype 2570
[15/05/2020 16:11:24] /newtype 2571
[15/05/2020 16:11:25] /newtype 2572
[15/05/2020 16:11:26] /newtype 2573
[15/05/2020 16:11:27] /newtype 257
[15/05/2020 16:11:29] /newtype 2574
[15/05/2020 16:11:37] /newtype 2577
[15/05/2020 16:11:38] /newtype 2578
[15/05/2020 16:11:39] /newtype 2579
[15/05/2020 16:11:43] /newtype 2578
[15/05/2020 16:11:58] /newtype 2578
[15/05/2020 16:11:59] /newtype 2578
[15/05/2020 16:12:01] /newtype 2579
[15/05/2020 16:12:16] /newtype 2579
[15/05/2020 16:12:26] /newtype 2579
[15/05/2020 16:12:38] /newtype 2580
[15/05/2020 16:12:41] /newtype 2581
[15/05/2020 16:12:42] /newtype 2582
[15/05/2020 16:12:44] /newtype 2583
[15/05/2020 16:12:45] /newtype 2584
[15/05/2020 16:12:46] /newtype 2585
[15/05/2020 16:12:47] /newtype 2586
[15/05/2020 16:12:48] /newtype 2587
[15/05/2020 16:12:49] /newtype 2588
[15/05/2020 16:12:49] /newtype 2589
[15/05/2020 16:12:51] /newtype 2590
[15/05/2020 16:12:51] /newtype 2591
[15/05/2020 16:12:52] /newtype 2592
[15/05/2020 16:12:53] /newtype 2593
[15/05/2020 16:12:53] /newtype 2594
[15/05/2020 16:12:54] /newtype 2595
[15/05/2020 16:12:55] /newtype 2596
[15/05/2020 16:12:59] /newtype 2587
[15/05/2020 16:13:02] /newtype 2586
[15/05/2020 16:13:04] /newtype 2585
[15/05/2020 16:13:04] /newtype 2584
[15/05/2020 16:13:05] /newtype 2583
[15/05/2020 16:13:06] /newtype 2582
[15/05/2020 16:13:07] /newtype 2581
[15/05/2020 16:13:20] /newtype 2581
[15/05/2020 16:13:26] /newtype 2582
[15/05/2020 16:13:27] /newtype 2583
[15/05/2020 16:13:30] /newtype 2579
[15/05/2020 16:13:41] /newtype 2510
[15/05/2020 16:13:42] /newtype 2511
[15/05/2020 16:13:45] /newtype 251
[15/05/2020 16:13:47] /newtype 2501
[15/05/2020 16:13:49] /newtype 2502
[15/05/2020 16:13:53] /newtype 2503
[15/05/2020 16:13:55] /newtype 2504
[15/05/2020 16:13:57] /newtype 2505
[15/05/2020 16:13:59] /newtype 2506
[15/05/2020 16:14:00] /newtype 2507
[15/05/2020 16:14:01] /newtype 2508
[15/05/2020 16:14:02] /newtype 2509
[15/05/2020 16:14:09] /newtype 2579
[15/05/2020 16:14:19] /t all
[15/05/2020 16:14:19] /t
[15/05/2020 16:14:26] /t [gm]slayer
[15/05/2020 16:14:54] /a 2
[15/05/2020 16:14:57] /a 2
[15/05/2020 16:15:02] /t
[15/05/2020 16:15:45] /goto [gm]slayer
[15/05/2020 16:15:57] /t
[15/05/2020 16:17:07] /a 2
[15/05/2020 16:17:16] /c [gm]slayer
[15/05/2020 16:18:09] /t
[15/05/2020 16:18:28] /a 2
[15/05/2020 16:18:39] /t
[15/05/2020 16:18:45] /goto [gm]slayer
[15/05/2020 16:18:57] /owner [Gm]Slayer
[15/05/2020 16:19:19] /a 2
[15/05/2020 16:19:33] /a 2
[15/05/2020 16:19:38] /a 2
[15/05/2020 16:19:44] /a 2
[15/05/2020 16:19:45] /a 2
[15/05/2020 16:19:47] /a 2
[15/05/2020 16:19:58] /owner [ADM] WALKER
[15/05/2020 16:20:03] /i 15216
[15/05/2020 16:20:19] /i 15216
[15/05/2020 16:20:20] /i 15216
[15/05/2020 16:20:23] /i 15216
[15/05/2020 16:20:23] /i 15216
[15/05/2020 16:20:25] /i 15216
[15/05/2020 16:20:26] /i 15216
[15/05/2020 16:20:26] /i 15216
[15/05/2020 16:20:27] /i 15216
[15/05/2020 16:20:28] /i 15216
[15/05/2020 16:20:28] /i 15216
[15/05/2020 16:20:29] /i 15216
[15/05/2020 16:20:30] /i 15216
[15/05/2020 16:20:30] /i 15216
[15/05/2020 16:20:32] /i 15216
[15/05/2020 16:20:33] /i 15216
[15/05/2020 16:20:34] /i 15216
[15/05/2020 16:20:36] /i 15216
[15/05/2020 16:20:37] /i 15216
[15/05/2020 16:20:38] /i 15216
[15/05/2020 16:20:38] /i 15216
[15/05/2020 16:20:39] /i 15216
[15/05/2020 16:20:40] /i 15216
[15/05/2020 16:20:40] /i 15216
[15/05/2020 16:20:41] /i 15216
[15/05/2020 16:20:42] /i 15216
[15/05/2020 16:20:43] /i 15216
[15/05/2020 16:20:44] /i 15216
[15/05/2020 16:20:45] /i 15216
[15/05/2020 16:20:46] /i 15216
[15/05/2020 16:20:46] /i 15216
[15/05/2020 16:21:01] /i martelo
[15/05/2020 16:21:11] /t 1251
[15/05/2020 16:21:17] /i 1251
[15/05/2020 16:21:19] /r
[15/05/2020 16:21:27] /t
[15/05/2020 16:21:31] /a 2
[15/05/2020 16:21:36] /a 2
[15/05/2020 16:21:37] /a 2
[15/05/2020 16:21:37] /a 2
[15/05/2020 16:21:39] /a 2
[15/05/2020 16:21:41] /a 2
[15/05/2020 16:21:41] /a 2
[15/05/2020 16:21:52] /t
[15/05/2020 16:22:02] /owner Nobody
[15/05/2020 16:22:18] /i 2604
[15/05/2020 16:22:19] /i 2604
[15/05/2020 16:22:20] /i 2604
[15/05/2020 16:22:21] /i 2604
[15/05/2020 16:22:22] /i 2604
[15/05/2020 16:22:22] /i 2604
[15/05/2020 16:22:24] /i 2604
[15/05/2020 16:22:26] /i 2604
[15/05/2020 16:22:27] /i 2604
[15/05/2020 16:22:28] /i 2604
[15/05/2020 16:22:29] /i 2604
[15/05/2020 16:22:31] /i 2604
[15/05/2020 16:22:31] /i 2604
[15/05/2020 16:22:32] /i 2604
[15/05/2020 16:22:41] /c [gm]slayer
[15/05/2020 16:22:49] /i 2604
[15/05/2020 16:22:52] /r
[15/05/2020 16:23:03] /i 2604
[15/05/2020 16:23:03] /i 2604
[15/05/2020 16:23:04] /i 2604
[15/05/2020 16:23:04] /i 2604
[15/05/2020 16:23:05] /i 2604
[15/05/2020 16:23:05] /i 2604
[15/05/2020 16:23:06] /i 2604
[15/05/2020 16:23:06] /i 2604
[15/05/2020 16:23:07] /i 2604
[15/05/2020 16:23:08] /i 2604
[15/05/2020 16:23:09] /i 2604
[15/05/2020 16:23:09] /i 2604
[15/05/2020 16:23:10] /i 2604
[15/05/2020 16:23:10] /i 2604
[15/05/2020 16:23:11] /i 2604
[15/05/2020 16:23:11] /i 2604
[15/05/2020 16:23:12] /i 2604
[15/05/2020 16:23:13] /i 2604
[15/05/2020 16:23:13] /i 2604
[15/05/2020 16:23:14] /r
[15/05/2020 16:23:17] /i 2604
[15/05/2020 16:23:18] /i 2604
[15/05/2020 16:23:18] /i 2604
[15/05/2020 16:23:19] /i 2604
[15/05/2020 16:23:20] /i 2604
[15/05/2020 16:23:20] /i 2604
[15/05/2020 16:23:21] /i 2604
[15/05/2020 16:23:21] /i 2604
[15/05/2020 16:23:22] /i 2604
[15/05/2020 16:23:24] /i 2604
[15/05/2020 16:23:29] /i 2604
[15/05/2020 16:23:29] /i 2604
[15/05/2020 16:23:30] /i 2604
[15/05/2020 16:23:31] /i 2604
[15/05/2020 16:23:32] /i 2604
[15/05/2020 16:23:35] /i 2604
[15/05/2020 16:23:40] /r
[15/05/2020 16:23:42] /i 2604
[15/05/2020 16:23:42] /i 2604
[15/05/2020 16:23:43] /i 2604
[15/05/2020 16:23:44] /i 2604
[15/05/2020 16:23:44] /i 2604
[15/05/2020 16:23:45] /i 2604
[15/05/2020 16:23:45] /i 2604
[15/05/2020 16:23:45] /i 2604
[15/05/2020 16:23:46] /i 2604
[15/05/2020 16:23:46] /i 2604
[15/05/2020 16:25:11] /i shiny stone
[15/05/2020 16:25:14] /i shiny stone
[15/05/2020 16:25:24] /i shiny stone
[15/05/2020 16:25:25] /i shiny stone
[15/05/2020 16:25:31] /i shiny stone
[15/05/2020 16:25:54] /i shiny stone
[15/05/2020 16:25:54] /i shiny stone
[15/05/2020 16:25:55] /i shiny stone
[15/05/2020 16:25:55] /i shiny stone
[15/05/2020 16:25:55] /i shiny stone
[15/05/2020 16:25:56] /i shiny stone
[15/05/2020 16:25:56] /i shiny stone
[15/05/2020 16:26:12] /i shiny stone
[15/05/2020 16:26:12] /i shiny stone
[15/05/2020 16:26:12] /i shiny stone
[15/05/2020 16:26:13] /i shiny stone
[15/05/2020 16:26:28] /goto [gm]slayer
[15/05/2020 16:27:39] /t
[15/05/2020 16:27:41] /a 50
[15/05/2020 16:27:42] /a 50
[15/05/2020 16:27:43] /a 50
[15/05/2020 16:28:39] /t
[15/05/2020 16:28:43] /goto [gm]slayer
[15/05/2020 16:29:29] /i 2604
[15/05/2020 16:29:32] /i 2604
[15/05/2020 16:29:33] /i 2604
[15/05/2020 16:29:33] /i 2604
[15/05/2020 16:29:33] /i 2604
[15/05/2020 16:29:34] /i 2604
[15/05/2020 16:29:34] /i 2604
[15/05/2020 16:29:34] /i 2604
[15/05/2020 16:29:35] /i 2604
[15/05/2020 16:29:36] /i 2604
[15/05/2020 16:29:36] /i 2604
[15/05/2020 16:29:37] /i 2604
[15/05/2020 16:29:38] /i 2604
[15/05/2020 16:29:39] /i 2604
[15/05/2020 16:29:40] /i 2604
[15/05/2020 16:29:42] /i 2604
[15/05/2020 16:29:44] /r
[15/05/2020 16:29:44] /i 2604
[15/05/2020 16:29:45] /i 2604
[15/05/2020 16:29:46] /i 2604
[15/05/2020 16:29:46] /i 2604
[15/05/2020 16:29:49] /i 2604
[15/05/2020 16:29:51] /i 2604
[15/05/2020 16:29:53] /i 2604
[15/05/2020 16:29:54] /i 2604
[15/05/2020 16:29:55] /i 2604
[15/05/2020 16:29:55] /i 2604
[15/05/2020 16:29:56] /i 2604
[15/05/2020 16:29:56] /i 2604
[15/05/2020 16:29:57] /i 2604
[15/05/2020 16:30:00] /r
[15/05/2020 16:30:01] /r
[15/05/2020 16:30:02] /r
[15/05/2020 16:30:03] /r
[15/05/2020 16:30:05] /r
[15/05/2020 16:30:06] /r
[15/05/2020 16:30:12] /i 2604
[15/05/2020 16:30:12] /i 2604
[15/05/2020 16:30:13] /i 2604
[15/05/2020 16:30:13] /i 2604
[15/05/2020 16:30:13] /i 2604
[15/05/2020 16:30:14] /i 2604
[15/05/2020 16:30:14] /i 2604
[15/05/2020 16:30:15] /i 2604
[15/05/2020 16:30:16] /i 2604
[15/05/2020 16:30:17] /r
[15/05/2020 16:30:18] /i 2604
[15/05/2020 16:30:20] /i 2604
[15/05/2020 16:30:20] /i 2604
[15/05/2020 16:30:21] /i 2604
[15/05/2020 16:30:22] /i 2604
[15/05/2020 16:30:23] /i 2604
[15/05/2020 16:30:24] /i 2604
[15/05/2020 16:30:24] /i 2604
[15/05/2020 16:30:26] /i 2604
[15/05/2020 16:30:26] /i 2604
[15/05/2020 16:30:26] /i 2604
[15/05/2020 16:30:40] /i 2604
[15/05/2020 16:30:41] /i 2604
[15/05/2020 16:30:41] /i 2604
[15/05/2020 16:30:42] /i 2604
[15/05/2020 16:30:42] /i 2604
[15/05/2020 16:30:45] /i 2604
[15/05/2020 16:30:45] /i 2604
[15/05/2020 16:30:46] /i 2604
[15/05/2020 16:30:46] /i 2604
[15/05/2020 16:30:55] /i 2604
[15/05/2020 16:31:06] /i 16501
[15/05/2020 16:31:08] /r
[15/05/2020 16:31:11] /i 2604
[15/05/2020 16:31:12] /r
[15/05/2020 16:31:16] /i 16501
[15/05/2020 16:31:31] /i 2604
[15/05/2020 16:31:49] /i 2604
[15/05/2020 16:31:50] /i 16501
[15/05/2020 16:31:53] /r
[15/05/2020 16:31:54] /i 16501
[15/05/2020 16:31:55] /i 2604
[15/05/2020 16:31:56] /i 16501
[15/05/2020 16:31:56] /i 2604
[15/05/2020 16:31:58] /i 2604
[15/05/2020 16:32:00] /r
[15/05/2020 16:32:01] /i 16501
[15/05/2020 16:32:01] /i 2604
[15/05/2020 16:32:02] /i 16501
[15/05/2020 16:32:03] /i 2604
[15/05/2020 16:32:04] /i 16501
[15/05/2020 16:32:04] /i 2604
[15/05/2020 16:32:05] /i 16501
[15/05/2020 16:32:05] /i 2604
[15/05/2020 16:32:07] /i 2604
[15/05/2020 16:32:09] /r
[15/05/2020 16:32:10] /i 16501
[15/05/2020 16:32:10] /i 2604
[15/05/2020 16:32:10] /i 16501
[15/05/2020 16:32:11] /i 2604
[15/05/2020 16:32:15] /r
[15/05/2020 16:32:18] /r
[15/05/2020 16:32:22] /r
[15/05/2020 16:32:23] /r
[15/05/2020 16:32:24] /i 16501
[15/05/2020 16:32:24] /i 2604
[15/05/2020 16:32:25] /i 16501
[15/05/2020 16:32:25] /i 2604
[15/05/2020 16:32:26] /i 16501
[15/05/2020 16:32:26] /i 2604
[15/05/2020 16:32:27] /t
[15/05/2020 16:32:45] /goto [adm]matheus dono
[15/05/2020 16:33:02] /r
[15/05/2020 16:33:03] /i 16501
[15/05/2020 16:33:03] /i 2604
[15/05/2020 16:33:07] /i 16501
[15/05/2020 16:33:08] /i 16501
[15/05/2020 16:33:08] /i 16501
[15/05/2020 16:33:09] /i 16501
[15/05/2020 16:33:09] /i 16501
[15/05/2020 16:33:09] /i 16501
[15/05/2020 16:33:09] /i 16501
[15/05/2020 16:33:09] /i 16501
[15/05/2020 16:33:09] /i 16501
[15/05/2020 16:33:09] /i 16501
[15/05/2020 16:33:09] /i 16501
[15/05/2020 16:33:09] /i 16501
[15/05/2020 16:33:11] /r
[15/05/2020 16:33:13] /i 16501
[15/05/2020 16:33:14] /i 16501
[15/05/2020 16:33:14] /i 16501
[15/05/2020 16:33:15] /i 16501
[15/05/2020 16:33:16] /i 16501
[15/05/2020 16:33:17] /i 16501
[15/05/2020 16:33:17] /i 16501
[15/05/2020 16:33:18] /i 16501
[15/05/2020 16:33:18] /i 16501
[15/05/2020 16:33:19] /i 16501
[15/05/2020 16:33:24] /i 16501
[15/05/2020 16:33:26] /i 16501
[15/05/2020 16:33:27] /i 16501
[15/05/2020 16:33:28] /i 16501
[15/05/2020 16:33:28] /i 16501
[15/05/2020 16:33:29] /i 16501
[15/05/2020 16:33:29] /i 16501
[15/05/2020 16:33:29] /i 16501
[15/05/2020 16:33:30] /i 16501
[15/05/2020 16:33:31] /i 16501
[15/05/2020 16:33:31] /i 16501
[15/05/2020 16:33:31] /i 16501
[15/05/2020 16:33:32] /i 16501
[15/05/2020 16:33:35] /i 16501
[15/05/2020 16:33:36] /i 16501
[15/05/2020 16:33:36] /i 16501
[15/05/2020 16:33:36] /i 16501
[15/05/2020 16:33:37] /i 16501
[15/05/2020 16:33:37] /i 16501
[15/05/2020 16:33:37] /i 16501
[15/05/2020 16:33:37] /i 16501
[15/05/2020 16:33:37] /i 16501
[15/05/2020 16:33:37] /i 16501
[15/05/2020 16:33:37] /i 16501
[15/05/2020 16:33:37] /i 16501
[15/05/2020 16:33:37] /i 16501
[15/05/2020 16:33:37] /i 16501
[15/05/2020 16:33:37] /i 16501
[15/05/2020 16:33:37] /i 16501
[15/05/2020 16:33:39] /i 2604
[15/05/2020 16:33:40] /i 16501
[15/05/2020 16:33:41] /i 16501
[15/05/2020 16:33:42] /i 16501
[15/05/2020 16:33:44] /i 16501
[15/05/2020 16:33:44] /i 2604
[15/05/2020 16:33:47] /i 16501
[15/05/2020 16:33:48] /i 16501
[15/05/2020 16:33:48] /i 16501
[15/05/2020 16:33:49] /i 16501
[15/05/2020 16:33:49] /i 16501
[15/05/2020 16:33:50] /i 16501
[15/05/2020 16:33:50] /i 16501
[15/05/2020 16:33:51] /i 16501
[15/05/2020 16:33:51] /i 16501
[15/05/2020 16:33:52] /i 16501
[15/05/2020 16:33:53] /i 16501
[15/05/2020 16:33:54] /i 2604
[15/05/2020 16:33:54] /i 2604
[15/05/2020 16:33:55] /i 2604
[15/05/2020 16:33:55] /i 2604
[15/05/2020 16:33:56] /i 2604
[15/05/2020 16:33:56] /i 2604
[15/05/2020 16:33:56] /i 2604
[15/05/2020 16:33:57] /i 2604
[15/05/2020 16:33:57] /i 2604
[15/05/2020 16:33:58] /i 2604
[15/05/2020 16:33:58] /i 2604
[15/05/2020 16:33:59] /i 2604
[15/05/2020 16:33:59] /i 2604
[15/05/2020 16:34:00] /i 2604
[15/05/2020 16:34:00] /i 2604
[15/05/2020 16:34:00] /i 2604
[15/05/2020 16:34:01] /i 2604
[15/05/2020 16:34:01] /i 2604
[15/05/2020 16:34:02] /i 2604
[15/05/2020 16:34:02] /i 2604
[15/05/2020 16:34:03] /i 2604
[15/05/2020 16:34:04] /i 2604
[15/05/2020 16:34:05] /r
[15/05/2020 16:34:07] /i 2604
[15/05/2020 16:34:07] /i 2604
[15/05/2020 16:34:08] /i 2604
[15/05/2020 16:34:08] /i 2604
[15/05/2020 16:34:09] /i 2604
[15/05/2020 16:34:10] /i 2604
[15/05/2020 16:34:11] /i 2604
[15/05/2020 16:34:11] /i 2604
[15/05/2020 16:34:12] /i 2604
[15/05/2020 16:34:12] /i 2604
[15/05/2020 16:34:13] /i 2604
[15/05/2020 16:34:13] /i 2604
[15/05/2020 16:34:16] /i 2604
[15/05/2020 16:34:19] /i 2604
[15/05/2020 16:34:19] /i 2604
[15/05/2020 16:34:19] /i 2604
[15/05/2020 16:34:20] /i 2604
[15/05/2020 16:34:20] /i 2604
[15/05/2020 16:34:22] /i 2604
[15/05/2020 16:34:22] /i 2604
[15/05/2020 16:34:22] /i 2604
[15/05/2020 16:34:23] /i 2604
[15/05/2020 16:34:23] /i 2604
[15/05/2020 16:34:24] /i 2604
[15/05/2020 16:34:24] /i 2604
[15/05/2020 16:34:40] /i 1606
[15/05/2020 16:34:43] /r
[15/05/2020 16:34:48] /t
[15/05/2020 16:35:01] /t
[15/05/2020 16:35:08] /a 2
[15/05/2020 16:35:09] /r
[15/05/2020 16:35:12] /r
[15/05/2020 16:35:13] /r
[15/05/2020 16:35:15] /r
[15/05/2020 16:35:19] /i 5915
[15/05/2020 16:35:20] /i 5915
[15/05/2020 16:35:20] /i 5915
[15/05/2020 16:35:21] /i 5915
[15/05/2020 16:35:30] /i 1250
[15/05/2020 16:35:38] /owner [ADM] WALKER
[15/05/2020 16:35:58] /r
[15/05/2020 16:35:58] /r
[15/05/2020 16:35:58] /r
[15/05/2020 16:35:59] /r
[15/05/2020 16:35:59] /r
[15/05/2020 16:36:02] /r
[15/05/2020 16:36:02] /r
[15/05/2020 16:36:03] /r
[15/05/2020 16:36:03] /r
[15/05/2020 16:36:04] /r
[15/05/2020 16:36:04] /r
[15/05/2020 16:36:04] /r
[15/05/2020 16:36:05] /r
[15/05/2020 16:36:06] /r
[15/05/2020 16:36:06] /r
[15/05/2020 16:36:06] /r
[15/05/2020 16:36:06] /r
[15/05/2020 16:36:06] /r
[15/05/2020 16:36:07] /r
[15/05/2020 16:36:07] /r
[15/05/2020 16:36:07] /r
[15/05/2020 16:36:07] /r
[15/05/2020 16:36:07] /r
[15/05/2020 16:36:07] /r
[15/05/2020 16:36:07] /r
[15/05/2020 16:36:07] /r
[15/05/2020 16:36:07] /r
[15/05/2020 16:36:07] /r
[15/05/2020 16:36:07] /r
[15/05/2020 16:36:07] /r
[15/05/2020 16:36:07] /r
[15/05/2020 16:36:07] /r
[15/05/2020 16:36:07] /r
[15/05/2020 16:36:07] /r
[15/05/2020 16:36:07] /r
[15/05/2020 16:36:07] /r
[15/05/2020 16:36:07] /r
[15/05/2020 16:36:07] /r
[15/05/2020 16:36:07] /r
[15/05/2020 16:36:07] /r
[15/05/2020 16:36:08] /r
[15/05/2020 16:36:08] /r
[15/05/2020 16:36:08] /r
[15/05/2020 16:36:08] /r
[15/05/2020 16:36:08] /r
[15/05/2020 16:36:08] /r
[15/05/2020 16:36:08] /r
[15/05/2020 16:36:08] /r
[15/05/2020 16:36:08] /r
[15/05/2020 16:36:08] /r
[15/05/2020 16:36:08] /r
[15/05/2020 16:36:08] /r
[15/05/2020 16:36:08] /r
[15/05/2020 16:36:08] /r
[15/05/2020 16:36:08] /r
[15/05/2020 16:36:08] /r
[15/05/2020 16:36:08] /r
[15/05/2020 16:36:08] /r
[15/05/2020 16:36:08] /r
[15/05/2020 16:36:08] /r
[15/05/2020 16:36:10] /r
[15/05/2020 16:36:10] /r
[15/05/2020 16:36:10] /r
[15/05/2020 16:36:10] /r
[15/05/2020 16:36:10] /r
[15/05/2020 16:36:10] /r
[15/05/2020 16:36:10] /r
[15/05/2020 16:36:10] /r
[15/05/2020 16:36:10] /r
[15/05/2020 16:36:10] /r
[15/05/2020 16:36:10] /r
[15/05/2020 16:36:10] /r
[15/05/2020 16:36:11] /r
[15/05/2020 16:36:11] /r
[15/05/2020 16:36:11] /r
[15/05/2020 16:36:11] /r
[15/05/2020 16:36:11] /r
[15/05/2020 16:36:11] /r
[15/05/2020 16:36:11] /r
[15/05/2020 16:36:11] /r
[15/05/2020 16:36:11] /r
[15/05/2020 16:36:11] /r
[15/05/2020 16:36:11] /r
[15/05/2020 16:36:11] /r
[15/05/2020 16:36:11] /r
[15/05/2020 16:36:11] /r
[15/05/2020 16:36:11] /r
[15/05/2020 16:36:11] /r
[15/05/2020 16:36:11] /r
[15/05/2020 16:36:11] /r
[15/05/2020 16:36:11] /r
[15/05/2020 16:36:11] /r
[15/05/2020 16:36:11] /r
[15/05/2020 16:36:11] /r
[15/05/2020 16:36:11] /r
[15/05/2020 16:36:11] /r
[15/05/2020 16:36:12] /r
[15/05/2020 16:36:12] /r
[15/05/2020 16:36:12] /r
[15/05/2020 16:36:12] /r
[15/05/2020 16:36:12] /r
[15/05/2020 16:36:12] /r
[15/05/2020 16:36:12] /r
[15/05/2020 16:36:12] /r
[15/05/2020 16:36:12] /r
[15/05/2020 16:36:12] /r
[15/05/2020 16:36:12] /r
[15/05/2020 16:36:12] /r
[15/05/2020 16:36:12] /r
[15/05/2020 16:36:12] /r
[15/05/2020 16:36:12] /r
[15/05/2020 16:36:12] /r
[15/05/2020 16:36:12] /r
[15/05/2020 16:36:12] /r
[15/05/2020 16:36:12] /r
[15/05/2020 16:36:12] /r
[15/05/2020 16:36:12] /r
[15/05/2020 16:36:13] /r
[15/05/2020 16:36:14] /r
[15/05/2020 16:36:14] /r
[15/05/2020 16:36:14] /r
[15/05/2020 16:36:15] /r
[15/05/2020 16:36:15] /r
[15/05/2020 16:36:15] /r
[15/05/2020 16:36:15] /r
[15/05/2020 16:36:15] /r
[15/05/2020 16:36:15] /r
[15/05/2020 16:36:15] /r
[15/05/2020 16:36:18] /r
[15/05/2020 16:36:18] /r
[15/05/2020 16:36:22] /r
[15/05/2020 16:36:23] /r
[15/05/2020 16:36:29] /i 5304
[15/05/2020 16:36:34] /r
[15/05/2020 16:36:36] /r
[15/05/2020 16:36:37] /r
[15/05/2020 16:36:39] /i 16501
[15/05/2020 16:36:39] /i 16501
[15/05/2020 16:36:40] /i 16501
[15/05/2020 16:36:40] /i 16501
[15/05/2020 16:36:41] /i 16501
[15/05/2020 16:36:41] /i 16501
[15/05/2020 16:36:42] /i 16501
[15/05/2020 16:36:46] /i 16501
[15/05/2020 16:36:47] /i 16501
[15/05/2020 16:36:48] /i 16501
[15/05/2020 16:36:48] /r
[15/05/2020 16:36:49] /r
[15/05/2020 16:36:49] /r
[15/05/2020 16:36:50] /r
[15/05/2020 16:36:50] /i 16501
[15/05/2020 16:36:51] /i 16501
[15/05/2020 16:36:51] /i 16501
[15/05/2020 16:36:52] /i 16501
[15/05/2020 16:36:52] /i 16501
[15/05/2020 16:36:53] /i 2604
[15/05/2020 16:36:54] /i 2604
[15/05/2020 16:36:54] /i 2604
[15/05/2020 16:36:54] /i 2604
[15/05/2020 16:36:55] /i 2604
[15/05/2020 16:36:56] /i 2604
[15/05/2020 16:36:56] /i 2604
[15/05/2020 16:36:57] /i 2604
[15/05/2020 16:36:57] /i 2604
[15/05/2020 16:36:58] /i 2604
[15/05/2020 16:37:00] /i 2604
[15/05/2020 16:37:00] /i 2604
[15/05/2020 16:37:00] /i 2604
[15/05/2020 16:37:01] /i 2604
[15/05/2020 16:37:01] /i 2604
[15/05/2020 16:37:04] /i 16501
[15/05/2020 16:37:04] /i 16501
[15/05/2020 16:37:05] /i 16501
[15/05/2020 16:37:05] /i 16501
[15/05/2020 16:37:06] /i 16501
[15/05/2020 16:37:06] /i 16501
[15/05/2020 16:37:07] /i 16501
[15/05/2020 16:37:07] /i 16501
[15/05/2020 16:37:08] /i 16501
[15/05/2020 16:37:08] /i 16501
[15/05/2020 16:37:09] /i 16501
[15/05/2020 16:37:09] /i 16501
[15/05/2020 16:37:10] /i 16501
[15/05/2020 16:37:10] /i 16501
[15/05/2020 16:37:12] /i 2604
[15/05/2020 16:37:13] /i 2604
[15/05/2020 16:37:13] /i 2604
[15/05/2020 16:37:14] /i 2604
[15/05/2020 16:37:14] /i 2604
[15/05/2020 16:37:15] /i 2604
[15/05/2020 16:37:15] /i 2604
[15/05/2020 16:37:18] /i 2604
[15/05/2020 16:37:19] /i 2604
[15/05/2020 16:37:19] /i 2604
[15/05/2020 16:37:20] /i 2604
[15/05/2020 16:37:20] /i 2604
[15/05/2020 16:37:21] /i 2604
[15/05/2020 16:37:21] /i 2604
[15/05/2020 16:37:28] /r
[15/05/2020 16:37:29] /r
[15/05/2020 16:37:29] /r
[15/05/2020 16:37:30] /r
[15/05/2020 16:37:30] /r
[15/05/2020 16:37:30] /r
[15/05/2020 16:37:30] /r
[15/05/2020 16:37:30] /r
[15/05/2020 16:37:30] /r
[15/05/2020 16:37:30] /r
[15/05/2020 16:37:30] /r
[15/05/2020 16:37:30] /r
[15/05/2020 16:37:30] /r
[15/05/2020 16:37:30] /r
[15/05/2020 16:37:30] /r
[15/05/2020 16:37:30] /r
[15/05/2020 16:37:30] /r
[15/05/2020 16:37:30] /r
[15/05/2020 16:37:30] /r
[15/05/2020 16:37:30] /r
[15/05/2020 16:37:30] /r
[15/05/2020 16:37:30] /r
[15/05/2020 16:37:30] /r
[15/05/2020 16:37:30] /r
[15/05/2020 16:37:30] /r
[15/05/2020 16:37:30] /r
[15/05/2020 16:37:30] /r
[15/05/2020 16:37:30] /r
[15/05/2020 16:37:30] /r
[15/05/2020 16:37:31] /r
[15/05/2020 16:37:31] /r
[15/05/2020 16:37:31] /r
[15/05/2020 16:37:31] /r
[15/05/2020 16:37:32] /r
[15/05/2020 16:37:34] /r
[15/05/2020 16:37:38] /i 1111
[15/05/2020 16:37:40] /r
[15/05/2020 16:37:41] /r
[15/05/2020 16:37:41] /r
[15/05/2020 16:37:41] /r
[15/05/2020 16:37:41] /r
[15/05/2020 16:37:41] /r
[15/05/2020 16:37:41] /r
[15/05/2020 16:37:41] /r
[15/05/2020 16:37:41] /r
[15/05/2020 16:37:41] /r
[15/05/2020 16:37:41] /r
[15/05/2020 16:37:41] /r
[15/05/2020 16:37:41] /r
[15/05/2020 16:37:41] /r
[15/05/2020 16:37:41] /r
[15/05/2020 16:37:41] /r
[15/05/2020 16:37:41] /r
[15/05/2020 16:37:41] /r
[15/05/2020 16:37:41] /r
[15/05/2020 16:37:41] /r
[15/05/2020 16:37:41] /r
[15/05/2020 16:37:41] /r
[15/05/2020 16:37:42] /r
[15/05/2020 16:37:42] /r
[15/05/2020 16:37:42] /r
[15/05/2020 16:37:42] /r
[15/05/2020 16:37:42] /r
[15/05/2020 16:37:42] /r
[15/05/2020 16:37:42] /r
[15/05/2020 16:37:42] /r
[15/05/2020 16:37:42] /r
[15/05/2020 16:37:42] /r
[15/05/2020 16:37:42] /r
[15/05/2020 16:37:42] /r
[15/05/2020 16:37:42] /r
[15/05/2020 16:37:42] /r
[15/05/2020 16:37:42] /r
[15/05/2020 16:37:42] /r
[15/05/2020 16:37:42] /r
[15/05/2020 16:37:42] /r
[15/05/2020 16:37:42] /r
[15/05/2020 16:37:42] /r
[15/05/2020 16:37:42] /r
[15/05/2020 16:37:42] /r
[15/05/2020 16:37:44] /r
[15/05/2020 16:37:45] /r
[15/05/2020 16:37:45] /r
[15/05/2020 16:37:45] /r
[15/05/2020 16:37:45] /r
[15/05/2020 16:37:45] /r
[15/05/2020 16:37:45] /r
[15/05/2020 16:37:45] /r
[15/05/2020 16:37:45] /r
[15/05/2020 16:37:45] /r
[15/05/2020 16:37:45] /r
[15/05/2020 16:37:46] /r
[15/05/2020 16:37:46] /r
[15/05/2020 16:37:47] /r
[15/05/2020 16:37:48] /r
[15/05/2020 16:37:49] /r
[15/05/2020 16:37:52] /i 16501
[15/05/2020 16:37:53] /i 16501
[15/05/2020 16:37:53] /i 16501
[15/05/2020 16:37:53] /i 16501
[15/05/2020 16:37:54] /i 16501
[15/05/2020 16:37:54] /i 16501
[15/05/2020 16:37:55] /i 16501
[15/05/2020 16:37:55] /i 16501
[15/05/2020 16:37:55] /i 16501
[15/05/2020 16:37:56] /i 16501
[15/05/2020 16:37:56] /i 16501
[15/05/2020 16:37:57] /i 16501
[15/05/2020 16:37:57] /i 16501
[15/05/2020 16:37:57] /i 16501
[15/05/2020 16:37:58] /i 16501
[15/05/2020 16:38:03] /i 16501
[15/05/2020 16:38:05] /i 16501
[15/05/2020 16:38:05] /i 16501
[15/05/2020 16:38:06] /i 16501
[15/05/2020 16:38:08] /i 16501
[15/05/2020 16:38:08] /i 16501
[15/05/2020 16:38:09] /i 16501
[15/05/2020 16:38:09] /i 16501
[15/05/2020 16:38:10] /i 16501
[15/05/2020 16:38:10] /i 16501
[15/05/2020 16:38:11] /i 2604
[15/05/2020 16:38:12] /i 2604
[15/05/2020 16:38:12] /i 2604
[15/05/2020 16:38:13] /i 2604
[15/05/2020 16:38:13] /i 2604
[15/05/2020 16:38:14] /i 2604
[15/05/2020 16:38:14] /i 2604
[15/05/2020 16:38:14] /i 2604
[15/05/2020 16:38:15] /i 2604
[15/05/2020 16:38:15] /i 2604
[15/05/2020 16:38:16] /i 2604
[15/05/2020 16:38:16] /i 2604
[15/05/2020 16:38:17] /i 2604
[15/05/2020 16:38:17] /i 2604
[15/05/2020 16:38:17] /i 2604
[15/05/2020 16:38:18] /i 2604
[15/05/2020 16:38:18] /i 2604
[15/05/2020 16:38:19] /i 2604
[15/05/2020 16:38:19] /i 2604
[15/05/2020 16:38:20] /i 2604
[15/05/2020 16:38:20] /i 2604
[15/05/2020 16:38:21] /i 2604
[15/05/2020 16:38:21] /i 2604
[15/05/2020 16:38:22] /i 2604
[15/05/2020 16:38:23] /i 2604
[15/05/2020 16:38:28] /i 2148
[15/05/2020 16:38:35] /i 2152
[15/05/2020 16:38:40] /i 2160
[15/05/2020 16:38:51] /i all
[15/05/2020 16:38:55] /r all
[15/05/2020 16:39:08] /i 16501
[15/05/2020 16:39:09] /i 16501
[15/05/2020 16:39:09] /i 16501
[15/05/2020 16:39:10] /i 16501
[15/05/2020 16:39:10] /i 16501
[15/05/2020 16:39:11] /i 16501
[15/05/2020 16:39:11] /i 16501
[15/05/2020 16:39:12] /i 16501
[15/05/2020 16:39:12] /i 16501
[15/05/2020 16:39:13] /i 16501
[15/05/2020 16:39:13] /i 16501
[15/05/2020 16:39:14] /i 16501
[15/05/2020 16:39:14] /i 16501
[15/05/2020 16:39:15] /i 16501
[15/05/2020 16:39:15] /i 16501
[15/05/2020 16:39:16] /i 2604
[15/05/2020 16:39:16] /i 2604
[15/05/2020 16:39:16] /i 2604
[15/05/2020 16:39:17] /i 2604
[15/05/2020 16:39:17] /i 2604
[15/05/2020 16:39:17] /i 2604
[15/05/2020 16:39:18] /i 2604
[15/05/2020 16:39:18] /i 2604
[15/05/2020 16:39:26] /i 2604
[15/05/2020 16:39:31] /i 2604
[15/05/2020 16:39:31] /i 2604
[15/05/2020 16:39:32] /i 2604
[15/05/2020 16:39:33] /i 2604
[15/05/2020 16:39:33] /i 2604
[15/05/2020 16:39:34] /i 2604
[15/05/2020 16:39:58] /i 2604
[15/05/2020 16:39:59] /r
[15/05/2020 16:40:05] /i 2160
[15/05/2020 16:40:11] /i 2160
[15/05/2020 16:40:12] /i 2160
[15/05/2020 16:40:12] /i 2160
[15/05/2020 16:40:12] /i 2160
[15/05/2020 16:40:13] /i 2160
[15/05/2020 16:40:13] /i 2160
[15/05/2020 16:40:13] /i 2160
[15/05/2020 16:40:14] /i 2160
[15/05/2020 16:40:14] /i 2160
[15/05/2020 16:40:24] /i master ball
[15/05/2020 16:40:26] /i masterball
[15/05/2020 16:47:21] /town lavender
[15/05/2020 16:47:39] /t
[15/05/2020 16:47:49] /i addon box
[15/05/2020 16:48:52] /i Master balls
[15/05/2020 16:49:03] /i Master Balls
[15/05/2020 16:49:06] /i Master Ball
[15/05/2020 16:49:08] /i MasterBall
[15/05/2020 17:01:13] /r
[15/05/2020 17:01:13] /r
[15/05/2020 17:01:14] /r
[15/05/2020 17:01:15] /r
[15/05/2020 17:01:16] /i 16501
[15/05/2020 17:01:16] /i 2604
[15/05/2020 17:01:20] /r
[15/05/2020 17:01:23] /i 2160
[15/05/2020 17:01:24] /r
[15/05/2020 17:01:24] /r
[15/05/2020 17:01:32] /r
[15/05/2020 17:01:34] /r
[15/05/2020 17:01:35] /r
[15/05/2020 17:01:36] /r
[15/05/2020 17:01:37] /r
[15/05/2020 17:01:38] /r
[15/05/2020 17:01:38] /r
[15/05/2020 17:01:39] /i 16501
[15/05/2020 17:01:40] /i 16501
[15/05/2020 17:01:40] /i 16501
[15/05/2020 17:01:41] /i 16501
[15/05/2020 17:01:41] /i 16501
[15/05/2020 17:01:42] /i 16501
[15/05/2020 17:01:43] /i 16501
[15/05/2020 17:01:43] /i 16501
[15/05/2020 17:01:44] /i 16501
[15/05/2020 17:01:44] /i 16501
[15/05/2020 17:01:45] /i 2604
[15/05/2020 17:01:45] /i 2604
[15/05/2020 17:01:46] /i 2604
[15/05/2020 17:01:46] /i 2604
[15/05/2020 17:01:47] /i 2604
[15/05/2020 17:01:48] /i 2604
[15/05/2020 17:01:48] /i 2604
[15/05/2020 17:01:48] /i 2604
[15/05/2020 17:01:49] /i 2604
[15/05/2020 17:01:49] /i 2604
[15/05/2020 17:01:50] /i 16501
[15/05/2020 17:01:51] /i 16501
[15/05/2020 17:01:51] /i 16501
[15/05/2020 17:01:52] /i 2604
[15/05/2020 17:01:52] /i 2604
[15/05/2020 17:01:52] /i 2604
[15/05/2020 17:01:54] /r
[15/05/2020 17:01:55] /r
[15/05/2020 17:01:55] /r
[15/05/2020 17:01:56] /i 16501
[15/05/2020 17:01:57] /i 16501
[15/05/2020 17:01:57] /i 16501
[15/05/2020 17:01:57] /r
[15/05/2020 17:01:58] /r
[15/05/2020 17:01:59] /r
[15/05/2020 17:02:00] /r
[15/05/2020 17:02:00] /r
[15/05/2020 17:02:00] /r
[15/05/2020 17:02:00] /r
[15/05/2020 17:02:00] /r
[15/05/2020 17:02:00] /r
[15/05/2020 17:02:00] /r
[15/05/2020 17:02:00] /r
[15/05/2020 17:02:00] /r
[15/05/2020 17:02:00] /r
[15/05/2020 17:02:00] /r
[15/05/2020 17:02:00] /r
[15/05/2020 17:02:00] /r
[15/05/2020 17:02:00] /r
[15/05/2020 17:02:00] /r
[15/05/2020 17:02:00] /r
[15/05/2020 17:02:00] /r
[15/05/2020 17:02:00] /r
[15/05/2020 17:02:00] /r
[15/05/2020 17:02:00] /r
[15/05/2020 17:02:00] /r
[15/05/2020 17:02:00] /r
[15/05/2020 17:02:00] /r
[15/05/2020 17:02:01] /r
[15/05/2020 17:02:01] /r
[15/05/2020 17:02:01] /r
[15/05/2020 17:02:01] /r
[15/05/2020 17:02:01] /r
[15/05/2020 17:02:01] /r
[15/05/2020 17:02:01] /r
[15/05/2020 17:02:01] /r
[15/05/2020 17:02:01] /r
[15/05/2020 17:02:01] /r
[15/05/2020 17:02:01] /r
[15/05/2020 17:02:01] /r
[15/05/2020 17:02:01] /r
[15/05/2020 17:02:01] /r
[15/05/2020 17:02:01] /r
[15/05/2020 17:02:01] /r
[15/05/2020 17:02:01] /r
[15/05/2020 17:02:01] /r
[15/05/2020 17:02:01] /r
[15/05/2020 17:02:01] /r
[15/05/2020 17:02:01] /r
[15/05/2020 17:02:01] /r
[15/05/2020 17:02:01] /r
[15/05/2020 17:02:01] /r
[15/05/2020 17:02:01] /r
[15/05/2020 17:02:02] /r
[15/05/2020 17:02:02] /r
[15/05/2020 17:02:02] /r
[15/05/2020 17:02:02] /r
[15/05/2020 17:02:02] /r
[15/05/2020 17:02:02] /r
[15/05/2020 17:02:02] /r
[15/05/2020 17:02:02] /r
[15/05/2020 17:02:02] /r
[15/05/2020 17:02:02] /r
[15/05/2020 17:02:02] /r
[15/05/2020 17:02:02] /r
[15/05/2020 17:02:02] /r
[15/05/2020 17:02:02] /r
[15/05/2020 17:02:02] /r
[15/05/2020 17:02:02] /r
[15/05/2020 17:02:02] /r
[15/05/2020 17:02:02] /r
[15/05/2020 17:02:02] /r
[15/05/2020 17:02:02] /r
[15/05/2020 17:02:03] /r
[15/05/2020 17:02:03] /r
[15/05/2020 17:02:03] /r
[15/05/2020 17:02:03] /r
[15/05/2020 17:02:03] /r
[15/05/2020 17:02:03] /r
[15/05/2020 17:02:03] /r
[15/05/2020 17:02:03] /r
[15/05/2020 17:02:03] /r
[15/05/2020 17:02:03] /r
[15/05/2020 17:02:03] /r
[15/05/2020 17:02:03] /r
[15/05/2020 17:02:03] /r
[15/05/2020 17:02:03] /r
[15/05/2020 17:02:03] /r
[15/05/2020 17:02:03] /r
[15/05/2020 17:02:03] /r
[15/05/2020 17:02:03] /r
[15/05/2020 17:02:03] /r
[15/05/2020 17:02:03] /r
[15/05/2020 17:02:03] /r
[15/05/2020 17:02:04] /r
[15/05/2020 17:02:04] /r
[15/05/2020 17:02:04] /r
[15/05/2020 17:02:04] /r
[15/05/2020 17:02:04] /r
[15/05/2020 17:02:04] /r
[15/05/2020 17:02:04] /r
[15/05/2020 17:02:04] /r
[15/05/2020 17:02:04] /r
[15/05/2020 17:02:04] /r
[15/05/2020 17:02:04] /r
[15/05/2020 17:02:04] /r
[15/05/2020 17:02:04] /r
[15/05/2020 17:02:04] /r
[15/05/2020 17:02:04] /r
[15/05/2020 17:02:04] /r
[15/05/2020 17:02:05] /r
[15/05/2020 17:02:05] /r
[15/05/2020 17:02:05] /r
[15/05/2020 17:02:05] /r
[15/05/2020 17:02:05] /r
[15/05/2020 17:02:05] /r
[15/05/2020 17:02:05] /r
[15/05/2020 17:02:05] /r
[15/05/2020 17:02:05] /r
[15/05/2020 17:02:05] /r
[15/05/2020 17:02:05] /r
[15/05/2020 17:02:05] /r
[15/05/2020 17:02:05] /r
[15/05/2020 17:02:05] /r
[15/05/2020 17:02:05] /r
[15/05/2020 17:02:05] /r
[15/05/2020 17:02:05] /r
[15/05/2020 17:02:05] /r
[15/05/2020 17:02:06] /r
[15/05/2020 17:02:06] /r
[15/05/2020 17:02:06] /r
[15/05/2020 17:02:06] /r
[15/05/2020 17:02:06] /r
[15/05/2020 17:02:06] /r
[15/05/2020 17:02:06] /r
[15/05/2020 17:02:06] /r
[15/05/2020 17:02:07] /r
[15/05/2020 17:02:11] /i 5303
[15/05/2020 17:02:13] /i 16501
[15/05/2020 17:02:14] /i 16501
[15/05/2020 17:02:14] /i 16501
[15/05/2020 17:02:15] /i 16501
[15/05/2020 17:02:17] /i 16501
[15/05/2020 17:02:17] /i 16501
[15/05/2020 17:02:17] /i 16501
[15/05/2020 17:02:17] /i 16501
[15/05/2020 17:02:17] /i 16501
[15/05/2020 17:02:17] /i 16501
[15/05/2020 17:02:17] /i 16501
[15/05/2020 17:02:17] /i 16501
[15/05/2020 17:02:17] /i 16501
[15/05/2020 17:02:17] /i 16501
[15/05/2020 17:02:17] /i 16501
[15/05/2020 17:02:17] /i 16501
[15/05/2020 17:02:17] /i 16501
[15/05/2020 17:02:18] /i 16501
[15/05/2020 17:02:18] /i 16501
[15/05/2020 17:02:18] /i 16501
[15/05/2020 17:02:18] /i 16501
[15/05/2020 17:02:18] /i 16501
[15/05/2020 17:02:18] /i 16501
[15/05/2020 17:02:18] /i 16501
[15/05/2020 17:02:18] /i 16501
[15/05/2020 17:02:18] /i 16501
[15/05/2020 17:02:18] /i 16501
[15/05/2020 17:02:18] /i 16501
[15/05/2020 17:02:18] /i 16501
[15/05/2020 17:02:18] /i 16501
[15/05/2020 17:02:18] /i 16501
[15/05/2020 17:02:18] /i 16501
[15/05/2020 17:02:18] /i 16501
[15/05/2020 17:02:18] /i 16501
[15/05/2020 17:02:18] /i 16501
[15/05/2020 17:02:18] /i 16501
[15/05/2020 17:02:18] /i 16501
[15/05/2020 17:02:19] /i 16501
[15/05/2020 17:02:19] /i 16501
[15/05/2020 17:02:19] /i 16501
[15/05/2020 17:02:19] /i 16501
[15/05/2020 17:02:19] /i 16501
[15/05/2020 17:02:19] /i 16501
[15/05/2020 17:02:19] /i 16501
[15/05/2020 17:02:19] /i 16501
[15/05/2020 17:02:19] /i 16501
[15/05/2020 17:02:19] /i 16501
[15/05/2020 17:02:19] /i 16501
[15/05/2020 17:02:19] /i 16501
[15/05/2020 17:02:19] /i 16501
[15/05/2020 17:02:19] /i 16501
[15/05/2020 17:02:19] /i 16501
[15/05/2020 17:02:19] /i 16501
[15/05/2020 17:02:19] /i 16501
[15/05/2020 17:02:19] /i 16501
[15/05/2020 17:02:19] /i 16501
[15/05/2020 17:02:19] /i 16501
[15/05/2020 17:02:19] /i 16501
[15/05/2020 17:02:19] /i 16501
[15/05/2020 17:02:19] /i 16501
[15/05/2020 17:02:19] /i 16501
[15/05/2020 17:02:19] /i 16501
[15/05/2020 17:02:19] /i 16501
[15/05/2020 17:02:19] /i 16501
[15/05/2020 17:02:19] /i 16501
[15/05/2020 17:02:19] /i 16501
[15/05/2020 17:02:20] /i 16501
[15/05/2020 17:02:20] /i 16501
[15/05/2020 17:02:20] /i 16501
[15/05/2020 17:02:20] /i 16501
[15/05/2020 17:02:20] /i 16501
[15/05/2020 17:02:20] /i 16501
[15/05/2020 17:02:20] /i 16501
[15/05/2020 17:02:20] /i 16501
[15/05/2020 17:02:20] /i 16501
[15/05/2020 17:02:20] /i 16501
[15/05/2020 17:02:20] /i 16501
[15/05/2020 17:02:20] /i 16501
[15/05/2020 17:02:20] /i 16501
[15/05/2020 17:02:24] /r all
[15/05/2020 17:02:25] /i 16501
[15/05/2020 17:02:26] /i 2604
[15/05/2020 17:02:27] /i 2604
[15/05/2020 17:02:27] /i 2604
[15/05/2020 17:02:27] /i 2604
[15/05/2020 17:02:29] /r
[15/05/2020 17:02:31] /i 2604
[15/05/2020 17:02:31] /i 2604
[15/05/2020 17:02:32] /i 2604
[15/05/2020 17:02:32] /i 2604
[15/05/2020 17:02:33] /i 2604
[15/05/2020 17:02:33] /i 2604
[15/05/2020 17:02:34] /i 2604
[15/05/2020 17:02:34] /i 2604
[15/05/2020 17:02:35] /i 2604
[15/05/2020 17:02:35] /i 2604
[15/05/2020 17:02:36] /i 2604
[15/05/2020 17:02:37] /i 2604
[15/05/2020 17:02:39] /i 2604
[15/05/2020 17:02:40] /r
[15/05/2020 17:02:45] /r
[15/05/2020 17:02:46] /r
[15/05/2020 17:02:46] /r
[15/05/2020 17:02:47] /r
[15/05/2020 17:02:48] /r
[15/05/2020 17:02:48] /r
[15/05/2020 17:02:48] /r
[15/05/2020 17:02:48] /r
[15/05/2020 17:02:48] /r
[15/05/2020 17:02:48] /r
[15/05/2020 17:02:49] /r
[15/05/2020 17:02:49] /r
[15/05/2020 17:02:49] /r
[15/05/2020 17:02:49] /r
[15/05/2020 17:02:49] /r
[15/05/2020 17:02:49] /r
[15/05/2020 17:02:49] /r
[15/05/2020 17:02:49] /r
[15/05/2020 17:02:49] /r
[15/05/2020 17:02:49] /r
[15/05/2020 17:02:49] /r
[15/05/2020 17:02:49] /r
[15/05/2020 17:02:49] /r
[15/05/2020 17:02:49] /r
[15/05/2020 17:02:49] /r
[15/05/2020 17:02:49] /r
[15/05/2020 17:02:49] /r
[15/05/2020 17:02:49] /r
[15/05/2020 17:02:49] /r
[15/05/2020 17:02:49] /r
[15/05/2020 17:02:49] /r
[15/05/2020 17:02:49] /r
[15/05/2020 17:02:49] /r
[15/05/2020 17:02:49] /r
[15/05/2020 17:02:49] /r
[15/05/2020 17:02:49] /r
[15/05/2020 17:02:49] /r
[15/05/2020 17:02:50] /r
[15/05/2020 17:02:50] /r
[15/05/2020 17:02:50] /r
[15/05/2020 17:02:50] /r
[15/05/2020 17:02:50] /r
[15/05/2020 17:02:50] /r
[15/05/2020 17:02:50] /r
[15/05/2020 17:02:50] /r
[15/05/2020 17:02:52] /r
[15/05/2020 17:02:52] /r
[15/05/2020 17:02:52] /r
[15/05/2020 17:02:52] /r
[15/05/2020 17:02:52] /r
[15/05/2020 17:02:52] /r
[15/05/2020 17:02:52] /r
[15/05/2020 17:02:52] /r
[15/05/2020 17:02:52] /r
[15/05/2020 17:02:52] /r
[15/05/2020 17:02:52] /r
[15/05/2020 17:02:52] /r
[15/05/2020 17:02:52] /r
[15/05/2020 17:02:52] /r
[15/05/2020 17:02:52] /r
[15/05/2020 17:02:52] /r
[15/05/2020 17:02:52] /r
[15/05/2020 17:02:52] /r
[15/05/2020 17:02:53] /r
[15/05/2020 17:02:53] /r
[15/05/2020 17:02:53] /r
[15/05/2020 17:02:53] /r
[15/05/2020 17:02:53] /r
[15/05/2020 17:02:53] /r
[15/05/2020 17:02:53] /r
[15/05/2020 17:02:53] /r
[15/05/2020 17:02:53] /r
[15/05/2020 17:02:53] /r
[15/05/2020 17:02:53] /r
[15/05/2020 17:02:53] /r
[15/05/2020 17:02:53] /r
[15/05/2020 17:02:53] /r
[15/05/2020 17:02:53] /r
[15/05/2020 17:02:53] /r
[15/05/2020 17:02:53] /r
[15/05/2020 17:02:53] /r
[15/05/2020 17:02:53] /r
[15/05/2020 17:02:53] /r
[15/05/2020 17:02:53] /r
[15/05/2020 17:02:53] /r
[15/05/2020 17:02:53] /r
[15/05/2020 17:02:53] /r
[15/05/2020 17:02:54] /r
[15/05/2020 17:02:54] /r
[15/05/2020 17:02:54] /r
[15/05/2020 17:02:54] /r
[15/05/2020 17:02:54] /r
[15/05/2020 17:02:54] /r
[15/05/2020 17:02:54] /r
[15/05/2020 17:02:54] /r
[15/05/2020 17:02:55] /r
[15/05/2020 17:02:56] /r
[15/05/2020 17:02:57] /r
[15/05/2020 17:02:57] /r
[15/05/2020 17:02:57] /r
[15/05/2020 17:02:57] /r
[15/05/2020 17:02:57] /r
[15/05/2020 17:02:57] /r
[15/05/2020 17:02:57] /r
[15/05/2020 17:02:57] /r
[15/05/2020 17:02:57] /r
[15/05/2020 17:02:57] /r
[15/05/2020 17:02:57] /r
[15/05/2020 17:02:57] /r
[15/05/2020 17:02:57] /r
[15/05/2020 17:02:57] /r
[15/05/2020 17:02:57] /r
[15/05/2020 17:02:57] /r
[15/05/2020 17:02:57] /r
[15/05/2020 17:02:57] /r
[15/05/2020 17:02:57] /r
[15/05/2020 17:02:57] /r
[15/05/2020 17:02:57] /r
[15/05/2020 17:02:57] /r
[15/05/2020 17:02:57] /r
[15/05/2020 17:02:57] /r
[15/05/2020 17:02:58] /r
[15/05/2020 17:02:58] /r
[15/05/2020 17:02:58] /r
[15/05/2020 17:02:58] /r
[15/05/2020 17:02:58] /r
[15/05/2020 17:02:58] /r
[15/05/2020 17:02:58] /r
[15/05/2020 17:02:58] /r
[15/05/2020 17:02:58] /r
[15/05/2020 17:02:58] /r
[15/05/2020 17:02:58] /r
[15/05/2020 17:02:58] /r
[15/05/2020 17:02:58] /r
[15/05/2020 17:02:58] /r
[15/05/2020 17:02:58] /r
[15/05/2020 17:02:58] /r
[15/05/2020 17:02:58] /r
[15/05/2020 17:02:58] /r
[15/05/2020 17:02:58] /r
[15/05/2020 17:02:58] /r
[15/05/2020 17:02:58] /r
[15/05/2020 17:02:58] /r
[15/05/2020 17:02:58] /r
[15/05/2020 17:03:00] /r
[15/05/2020 17:03:00] /i 16501
[15/05/2020 17:03:01] /i 16501
[15/05/2020 17:03:01] /i 16501
[15/05/2020 17:03:01] /i 16501
[15/05/2020 17:03:02] /i 16501
[15/05/2020 17:03:02] /i 16501
[15/05/2020 17:03:04] /r
[15/05/2020 17:03:05] /i 16501
[15/05/2020 17:03:06] /i 16501
[15/05/2020 17:03:07] /i 16501
[15/05/2020 17:03:08] /i 16501
[15/05/2020 17:03:08] /i 16501
[15/05/2020 17:03:09] /i 16501
[15/05/2020 17:03:09] /i 16501
[15/05/2020 17:03:10] /i 16501
[15/05/2020 17:03:11] /i 16501
[15/05/2020 17:03:11] /i 16501
[15/05/2020 17:03:12] /i 16501
[15/05/2020 17:03:12] /i 16501
[15/05/2020 17:03:13] /i 16501
[15/05/2020 17:03:13] /i 16501
[15/05/2020 17:03:14] /i 16501
[15/05/2020 17:03:14] /i 16501
[15/05/2020 17:03:15] /i 16501
[15/05/2020 17:03:15] /i 16501
[15/05/2020 17:03:16] /i 16501
[15/05/2020 17:03:16] /i 2604
[15/05/2020 17:03:17] /i 2604
[15/05/2020 17:03:17] /i 2604
[15/05/2020 17:03:18] /i 2604
[15/05/2020 17:03:18] /i 2604
[15/05/2020 17:03:19] /i 2604
[15/05/2020 17:03:20] /i 2604
[15/05/2020 17:03:20] /i 2604
[15/05/2020 17:03:21] /i 2604
[15/05/2020 17:03:21] /i 2604
[15/05/2020 17:03:22] /i 2604
[15/05/2020 17:03:22] /i 2604
[15/05/2020 17:03:23] /i 2604
[15/05/2020 17:03:23] /i 2604
[15/05/2020 17:03:23] /i 2604
[15/05/2020 17:03:24] /i 2604
[15/05/2020 17:03:24] /i 2604
[15/05/2020 17:03:25] /i 2604
[15/05/2020 17:03:25] /i 2604
[15/05/2020 17:03:25] /i 2604
[15/05/2020 17:03:26] /i 2604
[15/05/2020 17:03:26] /i 2604
[15/05/2020 17:03:27] /i 2604
[15/05/2020 17:03:27] /i 2604
[15/05/2020 17:03:31] /r
[15/05/2020 17:03:31] /r
[15/05/2020 17:03:32] /r
[15/05/2020 17:03:33] /r
[15/05/2020 17:03:34] /r
[15/05/2020 17:03:35] /r
[15/05/2020 17:03:35] /r
[15/05/2020 17:03:36] /r
[15/05/2020 17:03:37] /r
[15/05/2020 17:03:37] /r
[15/05/2020 17:03:38] /r
[15/05/2020 17:03:39] /r
[15/05/2020 17:03:39] /r
[15/05/2020 17:03:40] /r
[15/05/2020 17:03:41] /r
[15/05/2020 17:03:42] /r
[15/05/2020 17:03:43] /r
[15/05/2020 17:03:44] /i 16501
[15/05/2020 17:03:44] /i 16501
[15/05/2020 17:03:45] /i 16501
[15/05/2020 17:03:45] /i 16501
[15/05/2020 17:03:46] /i 16501
[15/05/2020 17:03:46] /i 16501
[15/05/2020 17:03:47] /i 16501
[15/05/2020 17:03:47] /i 16501
[15/05/2020 17:03:47] /i 16501
[15/05/2020 17:03:48] /i 16501
[15/05/2020 17:03:48] /i 16501
[15/05/2020 17:03:49] /i 16501
[15/05/2020 17:03:49] /i 16501
[15/05/2020 17:03:50] /i 16501
[15/05/2020 17:03:50] /i 16501
[15/05/2020 17:03:51] /i 2604
[15/05/2020 17:03:51] /i 2604
[15/05/2020 17:03:52] /i 2604
[15/05/2020 17:03:52] /i 2604
[15/05/2020 17:03:52] /i 2604
[15/05/2020 17:03:53] /i 2604
[15/05/2020 17:03:53] /i 2604
[15/05/2020 17:03:53] /i 2604
[15/05/2020 17:03:54] /i 2604
[15/05/2020 17:03:54] /i 2604
[15/05/2020 17:03:54] /i 2604
[15/05/2020 17:03:54] /i 2604
[15/05/2020 17:03:55] /i 2604
[15/05/2020 17:03:55] /i 2604
[15/05/2020 17:03:56] /i 2604
[15/05/2020 17:04:09] /i 15216
[15/05/2020 17:04:15] /i 15216
[15/05/2020 17:04:19] /i 15216
[15/05/2020 17:04:28] /i 15216
[15/05/2020 17:04:29] /i 15216
[15/05/2020 17:04:29] /i 15216
[15/05/2020 17:04:30] /i 15216
[15/05/2020 17:04:30] /i 15216
[15/05/2020 17:04:30] /i 15216
[15/05/2020 17:04:31] /i 15216
[15/05/2020 17:04:31] /i 15216
[15/05/2020 17:04:32] /i 15216
[15/05/2020 17:04:33] /i 15216
[15/05/2020 17:04:35] /i 15216
[15/05/2020 17:04:36] /i 15216
[15/05/2020 17:04:38] /i 15216
[15/05/2020 17:04:40] /i 15216
[15/05/2020 17:04:41] /i 15216
[15/05/2020 17:04:41] /i 15216
[15/05/2020 17:04:42] /i 15216
[15/05/2020 17:04:43] /i 15216
[15/05/2020 17:04:45] /i 15216
[15/05/2020 17:04:47] /i 15216
[15/05/2020 17:04:49] /i 15216
[15/05/2020 17:04:50] /i 15216
[15/05/2020 17:04:51] /i 15216
[15/05/2020 17:04:53] /i 15216
[15/05/2020 17:04:57] /i 15216
[15/05/2020 17:05:15] /town lavender
[15/05/2020 17:05:18] /a 10
[15/05/2020 17:05:26] /t
[15/05/2020 17:05:31] /a 5
[15/05/2020 17:05:36] /i 5915
[15/05/2020 17:05:39] /i 5915
[15/05/2020 17:05:39] /i 5915
[15/05/2020 17:05:40] /i 5915
[15/05/2020 17:06:13] /a 10
[15/05/2020 17:06:28] /c [Adm]Matheus Dono
[15/05/2020 17:08:27] /i shiny stone
[15/05/2020 17:08:27] /i shiny stone
[15/05/2020 17:08:27] /i shiny stone
[15/05/2020 17:08:27] /i shiny stone
[15/05/2020 17:08:28] /i shiny stone
[15/05/2020 17:08:28] /i shiny stone
[15/05/2020 17:08:28] /i shiny stone
[15/05/2020 17:08:28] /i shiny stone
[15/05/2020 17:08:29] /i shiny stone
[15/05/2020 17:08:29] /i shiny stone
[15/05/2020 17:08:29] /i shiny stone
[15/05/2020 17:08:29] /i shiny stone
[15/05/2020 17:08:29] /i shiny stone
[15/05/2020 17:08:29] /i shiny stone
[15/05/2020 17:08:29] /i shiny stone
[15/05/2020 17:08:30] /i shiny stone
[15/05/2020 17:08:30] /i shiny stone
[15/05/2020 17:08:30] /i shiny stone
[15/05/2020 17:08:30] /i shiny stone
[15/05/2020 17:08:31] /i shiny stone
[15/05/2020 17:08:31] /i shiny stone
[15/05/2020 17:08:36] /i shiny stone
[15/05/2020 17:08:45] /i shiny stone
[15/05/2020 17:08:45] /i shiny stone
[15/05/2020 17:08:45] /i shiny stone
[15/05/2020 17:08:45] /i shiny stone
[15/05/2020 17:08:45] /i shiny stone
[15/05/2020 17:08:45] /i shiny stone
[15/05/2020 17:08:46] /i shiny stone
[15/05/2020 17:08:46] /i shiny stone
[15/05/2020 17:08:48] /i shiny stone
[15/05/2020 17:08:51] /i shiny stone
[15/05/2020 17:09:05] /i shiny stone
[15/05/2020 17:09:07] /i shiny stone
[15/05/2020 17:09:08] /i shiny stone
[15/05/2020 17:09:09] /i shiny stone
[15/05/2020 17:09:11] /i shiny stone
[15/05/2020 17:09:12] /i shiny stone
[15/05/2020 17:09:16] /i shiny stone
[15/05/2020 17:09:19] /i shiny stone
[15/05/2020 17:09:19] /i shiny stone
[15/05/2020 17:09:25] /i shiny stone
[15/05/2020 17:09:31] /i shiny stone
[15/05/2020 17:09:35] /i shiny stone
[15/05/2020 17:09:38] /i shiny stone
[15/05/2020 17:09:39] /i shiny stone
[15/05/2020 17:09:43] /i shiny stone
[15/05/2020 17:09:56] /i shiny stone
[15/05/2020 17:09:58] /i shiny stone
[15/05/2020 17:09:59] /i shiny stone
[15/05/2020 17:10:04] /i shiny stone
[15/05/2020 17:10:05] /i shiny stone
[15/05/2020 17:10:06] /i shiny stone
[15/05/2020 17:10:08] /i shiny stone
[15/05/2020 17:10:10] /i shiny stone
[15/05/2020 17:10:11] /i shiny stone
[15/05/2020 17:10:13] /i shiny stone
[15/05/2020 17:10:14] /i shiny stone
[15/05/2020 17:10:26] /c [gm]slayer
