[01/05/2016 11:14:52] /t
[01/05/2016 11:15:57] /i fire stone
[01/05/2016 11:18:11] /i fire stone
[01/05/2016 11:19:40] /c the bait
[01/05/2016 11:29:50] /save
[01/05/2016 11:30:08] /kick melogolia
[01/05/2016 11:39:57] /town 2
[01/05/2016 11:40:06] /n nurse
[01/05/2016 11:40:12] /t
[01/05/2016 11:46:37] /b facebook não quer carregar :(
[01/05/2016 11:51:53] /goto poderoso castiga
[01/05/2016 11:52:12] /t
[01/05/2016 11:54:32] /goto the legend
[01/05/2016 11:56:00] /t
[01/05/2016 11:59:36] /town 15
[01/05/2016 11:59:41] /town 13
[01/05/2016 11:59:45] /town 10
[01/05/2016 11:59:50] /town 14
[01/05/2016 11:59:57] /c kingsize
[01/05/2016 12:00:00] /c raph
[01/05/2016 12:00:39] /c the bait
[01/05/2016 12:00:43] /c rauph
[01/05/2016 12:02:11] /t kingsize
[01/05/2016 12:02:17] /t rauph
[01/05/2016 12:02:37] /t the bait
[01/05/2016 12:02:40] /t
[01/05/2016 12:06:52] /goto pablo scobat
[01/05/2016 12:06:58] /goto pablo scobar
[01/05/2016 12:08:15] /t
[01/05/2016 12:09:46] /goto melogolia
[01/05/2016 12:10:43] /t
[01/05/2016 12:10:53] /r
[01/05/2016 12:12:13] /goto regice
[01/05/2016 12:13:00] /t
[01/05/2016 12:22:02] /goto regice
[01/05/2016 12:22:45] /goto charizard
[01/05/2016 12:23:12] /t
