[22/02/2018 03:18:03] /reload talkactions
[22/02/2018 03:18:34] /reload talkactions
[22/02/2018 03:19:04] /reload talking
[22/02/2018 03:19:07] /reload tal
[22/02/2018 03:19:13] /reload talkactions
[22/02/2018 05:28:41] /save
[22/02/2018 05:31:35] /c discord
[22/02/2018 05:31:43] /c discovery
[22/02/2018 05:33:48] /t discovery
[22/02/2018 05:33:50] /t
[22/02/2018 05:34:35] /goto mister
[22/02/2018 05:34:51] /t
[22/02/2018 05:35:30] /ghost
[22/02/2018 05:37:05] /goto misty
[22/02/2018 05:37:15] /goto mister
[22/02/2018 05:39:30] /goto mister
[22/02/2018 05:50:23] /goto mimster
[22/02/2018 05:50:30] /goto mister
[22/02/2018 05:51:13] /goto discovery
[22/02/2018 05:52:36] /goto mister
[22/02/2018 05:54:16] /t mister
[22/02/2018 05:54:21] /t
[22/02/2018 05:54:24] /save
[22/02/2018 06:09:08] /save
[22/02/2018 06:09:24] /goto beltru
[22/02/2018 06:09:30] /goto oddish
[22/02/2018 06:13:21] /reload monster
[22/02/2018 06:15:03] /reload monster
[22/02/2018 06:24:34] /t
[22/02/2018 06:24:37] /i shiny stone
[22/02/2018 06:25:21] /save
[22/02/2018 06:26:21] /addskill [DONO]Luiz,lvl,300
[22/02/2018 06:26:35] /addskill [DONO] Luiz,lvl,100
[22/02/2018 06:27:58] /down
[22/02/2018 06:28:03] /up
[22/02/2018 06:28:25] /i potion
[22/02/2018 06:28:29] /n mark
[22/02/2018 06:28:43] /r
[22/02/2018 06:30:18] /i revive
[22/02/2018 06:32:30] /ghost
[22/02/2018 06:34:05] /save
[22/02/2018 06:34:15] /shutdown
[22/02/2018 08:45:45] /n teleport
[22/02/2018 08:46:29] /i 2160,100
[22/02/2018 08:48:01] /addskill [DONO]Luiz,lvl,1000
[22/02/2018 08:48:16] /addskill [DONO] Luiz,lvl,700
[22/02/2018 08:49:28] /a 2
[22/02/2018 08:49:31] /down
[22/02/2018 08:50:01] /down
[22/02/2018 08:50:19] /up
[22/02/2018 08:50:21] /t
[22/02/2018 08:54:54] /t
[22/02/2018 08:56:41] /reload tal
[22/02/2018 08:56:58] /reload talkactions
[22/02/2018 08:58:06] /n luiz valley
[22/02/2018 08:58:11] /n teleport
[22/02/2018 09:00:30] /n teleport
[22/02/2018 09:00:36] /save
[22/02/2018 09:00:38] /reload al
[22/02/2018 09:00:41] /reload all
[22/02/2018 09:01:49] /t
[22/02/2018 09:02:01] /n teleport
[22/02/2018 09:06:19] /a 2
[22/02/2018 09:07:30] /t
[22/02/2018 09:10:34] /n teleport
[22/02/2018 09:21:33] /i 2160,100
[22/02/2018 09:22:22] /addskill [DONO] Luiz,lvl,1000
[22/02/2018 09:23:05] /down
[22/02/2018 09:23:08] /down
[22/02/2018 09:23:59] /a 2
[22/02/2018 09:24:02] /down
[22/02/2018 09:24:06] /a 2
[22/02/2018 09:32:49] /save
[22/02/2018 09:32:51] /clean
[22/02/2018 09:35:40] /t
[22/02/2018 09:37:38] /goto mister
[22/02/2018 09:38:08] /goto moltres
[22/02/2018 09:38:27] /c mister
[22/02/2018 09:38:52] /t
[22/02/2018 09:40:08] /ghost
[22/02/2018 09:40:12] /goto mister
[22/02/2018 09:43:42] /save
[26/02/2018 08:24:02] /t
[26/02/2018 08:25:55] /i 11638
[26/02/2018 08:26:00] /i 11638 /i 11638
[26/02/2018 08:26:00] /i 11638
[26/02/2018 08:26:01] /i 11638
[26/02/2018 08:26:01] /i 11638
[26/02/2018 08:26:02] /i 11638
[26/02/2018 08:26:03] /i 11638
[26/02/2018 08:26:03] /i 11638
[26/02/2018 08:26:03] /i 11638
[26/02/2018 10:01:51] /i ultra ball
[26/02/2018 10:32:50] /i 11639
[26/02/2018 10:33:35] /clean
[26/02/2018 10:33:42] /clean
[26/02/2018 10:34:29] /m shiny tangela
[26/02/2018 10:34:34] /t
[26/02/2018 10:35:27] /t
[26/02/2018 10:37:53] /i chest
[26/02/2018 11:19:18] /reload talkactions
[28/02/2018 19:20:43] /t
[28/02/2018 19:34:50] /ghost
[28/02/2018 19:36:29] /m treecko
[28/02/2018 20:09:10] /m Mudkip
[28/02/2018 20:10:06] /m Torchic
[28/02/2018 20:10:57] /reload monster
[28/02/2018 20:11:06] /m torchic
[28/02/2018 20:19:08] /clean
[28/02/2018 20:34:21] /t
