[20/02/2018 08:49:49] /reload talkactions
[20/02/2018 09:03:05] /i 12334
[20/02/2018 09:10:16] /i ultra ball
[20/02/2018 09:11:18] /town 2
[20/02/2018 09:11:22] /town 3
[20/02/2018 09:11:25] /town 4
[20/02/2018 09:11:28] /town 5
[20/02/2018 09:11:52] /a 2
[20/02/2018 09:12:00] /a 3
[20/02/2018 09:16:27] /reload action.xml
[20/02/2018 09:16:36] /i 13075
[20/02/2018 09:17:18] /reload action.xml
[20/02/2018 09:21:57] /i 13075
[20/02/2018 09:24:03] /reload action
[20/02/2018 09:24:29] /i 13075
[20/02/2018 09:25:40] /i 13075
[20/02/2018 09:25:44] /reload action
[20/02/2018 09:25:51] /reload action.xml
[20/02/2018 09:25:55] /save
[20/02/2018 09:26:28] /reload action
[21/02/2018 03:11:44] /reload action.xml
[21/02/2018 03:15:49] /reload action
[21/02/2018 03:18:27] /reload action
[21/02/2018 03:19:24] /reload action
[21/02/2018 03:24:12] /reload action
[21/02/2018 03:30:55] /reload action
[21/02/2018 03:35:00] /n namer
[21/02/2018 03:52:38] /t
[21/02/2018 03:56:46] /t
[21/02/2018 11:45:36] /m moltres
[21/02/2018 11:48:25] /m moltre
[21/02/2018 11:48:29] /m moltres
[21/02/2018 11:50:23] /reload action
[21/02/2018 11:50:28] /m moltres
[21/02/2018 11:50:44] /i revive
[21/02/2018 11:55:01] /reload action
[21/02/2018 11:55:17] /goto charizard
[21/02/2018 11:55:55] /m articuno,-1
[21/02/2018 11:57:40] /reload action
[21/02/2018 11:58:00] /reload action
[21/02/2018 11:58:25] /t
[21/02/2018 11:59:53] /clean
[21/02/2018 12:03:52] /reload action
[21/02/2018 12:04:09] /reload action
[21/02/2018 12:04:48] /reload action
[21/02/2018 12:05:03] /reload action
[21/02/2018 12:05:36] /reload action
[21/02/2018 12:06:04] /t
[21/02/2018 12:10:22] /save
[21/02/2018 12:19:47] /reload action
[22/02/2018 02:11:05] /i 11638
[22/02/2018 02:12:00] /reload action
[22/02/2018 02:13:36] /reload action
[22/02/2018 02:14:27] /reload action
[22/02/2018 02:15:15] /reload action
[22/02/2018 02:15:26] /i 11638
[22/02/2018 02:16:38] /reload action
[22/02/2018 02:16:49] /i 11639
[22/02/2018 02:17:06] /clean
[22/02/2018 02:17:32] /reload action
[22/02/2018 02:17:34] /i 11639
[22/02/2018 02:17:40] /t
[22/02/2018 02:18:17] /reload action
[22/02/2018 02:18:20] /i 11639
[22/02/2018 02:18:59] /reload action
[22/02/2018 02:19:07] /i 11639
[22/02/2018 02:19:54] /reload action
[22/02/2018 02:20:13] /i 11638
[22/02/2018 02:20:15] /i 11638]
[22/02/2018 02:20:16] /i 11638
[22/02/2018 02:20:17] /i 11638/i 11638
[22/02/2018 02:20:17] /i 11638
[22/02/2018 02:20:18] /i 11638
[22/02/2018 02:20:18] /i 11638
[22/02/2018 02:20:18] /i 11638
[22/02/2018 02:20:59] /reload action
[22/02/2018 02:21:03] /i /i 11638
[22/02/2018 02:21:05] /i 11638
[22/02/2018 02:21:18] /reload action
[22/02/2018 02:21:29] /reload actio
[22/02/2018 02:21:32] /reload action
[22/02/2018 02:41:26] /t
[22/02/2018 02:42:37] /m shiny seabra
[22/02/2018 02:42:48] /m shiny kingler
[22/02/2018 02:43:03] /town 2
