[15/05/2020 14:35:52] /t
[15/05/2020 14:38:34] /newtype 100
[15/05/2020 14:38:37] /newtype 1
[15/05/2020 14:38:42] /newtype 300
[15/05/2020 14:38:45] /newtype 305
[15/05/2020 14:38:48] /newtype 3
[15/05/2020 14:38:50] /newtype 2
[15/05/2020 14:38:52] /newtype 4
[15/05/2020 14:38:54] /newtype 5
[15/05/2020 14:38:57] /newtype 6
[15/05/2020 14:38:59] /newtype 7
[15/05/2020 14:39:00] /newtype 7
[15/05/2020 14:39:02] /newtype 78
[15/05/2020 14:39:03] /newtype 789
[15/05/2020 14:39:07] /newtype 8
[15/05/2020 14:39:10] /newtype 9
[15/05/2020 14:39:16] /newtype 
[15/05/2020 14:39:19] /newtype 10
[15/05/2020 14:39:23] /newtype 11
[15/05/2020 14:39:25] /newtype 12
[15/05/2020 14:39:27] /newtype 13
[15/05/2020 14:39:30] /newtype 500
[15/05/2020 14:40:23] /ghost
[15/05/2020 14:40:27] /ghost
[15/05/2020 14:40:56] /newtype 150
[15/05/2020 14:40:59] /newtype 100
[15/05/2020 14:41:02] /newtype 101
[15/05/2020 14:41:04] /newtype 111
[15/05/2020 14:41:06] /newtype 150
[15/05/2020 14:41:09] /newtype 200
[15/05/2020 14:41:11] /newtype 200250
[15/05/2020 14:41:19] /newtype 2000
[15/05/2020 14:41:55] /t
[15/05/2020 14:42:50] /t
[15/05/2020 14:42:56] /newtype 1000
[15/05/2020 14:42:59] /newtype 1100
[15/05/2020 14:43:03] /newtype 2600
[15/05/2020 14:43:09] /newtype 2001
[15/05/2020 14:43:13] /newtype 5000
[15/05/2020 14:43:16] /newtype 500
[15/05/2020 14:43:19] /newtype 2500
[15/05/2020 14:43:27] /newtype 2501
[15/05/2020 14:43:32] /newtype 2300
[15/05/2020 14:43:35] /newtype 2310
[15/05/2020 14:43:39] /newtype 250
[15/05/2020 14:43:43] /newtype 2369
[15/05/2020 14:43:51] /newtype 3000
[15/05/2020 14:43:56] /newtype 3100
[15/05/2020 14:44:04] /newtype 3101
[15/05/2020 14:44:10] /newtype 3102
[15/05/2020 14:44:11] /newtype 3103
[15/05/2020 14:44:15] /newtype 3104
[15/05/2020 14:44:18] /newtype 3105
[15/05/2020 14:44:22] /newtype 3106
[15/05/2020 14:44:24] /newtype 3107
[15/05/2020 14:44:49] /newtype 3660
[15/05/2020 14:45:13] /r
[15/05/2020 14:45:30] /newtype 2500
[15/05/2020 14:45:34] /newtype 2900
[15/05/2020 14:45:40] /newtype 23211
[15/05/2020 14:45:45] /newtype 1000000
[15/05/2020 14:45:47] /newtype 1000
[15/05/2020 14:45:48] /newtype 10000
[15/05/2020 14:45:52] /newtype 4000
[15/05/2020 14:45:57] /newtype 39000
[15/05/2020 14:45:58] /newtype 3900
[15/05/2020 14:46:13] /newtype 3800
[15/05/2020 14:46:18] /newtype 3700
[15/05/2020 14:46:44] /newtype 3701
[15/05/2020 14:46:47] /newtype 3702
[15/05/2020 14:46:54] /newtype 3712
[15/05/2020 14:47:02] /newtype 36.00
[15/05/2020 14:47:09] /newtype 3600
[15/05/2020 14:47:15] /newtype 36.
[15/05/2020 14:47:24] /newtype 1.
[15/05/2020 14:47:32] /newtype 20.
[15/05/2020 14:47:36] /newtype 2.
[15/05/2020 14:47:41] /newtype 3.
[15/05/2020 14:47:43] /newtype .4
[15/05/2020 14:47:49] /newtype 35.
[15/05/2020 14:47:52] /newtype 39.
[15/05/2020 14:47:59] /newtype 31859
[15/05/2020 14:48:01] /newtype 3185
[15/05/2020 14:48:16] /ghost
[15/05/2020 14:48:29] /newtype 14520
[15/05/2020 14:48:37] /newtype caterppie
[15/05/2020 14:48:39] /newtype caterpie
[15/05/2020 14:48:45] /newtype 1925
[15/05/2020 14:48:51] /newtype 1800
[15/05/2020 14:48:56] /newtype 1700
[15/05/2020 14:49:03] /newtype 1600
[15/05/2020 14:49:06] /newtype 1500
[15/05/2020 14:49:10] /newtype 1400
[15/05/2020 14:49:15] /newtype 1500
[15/05/2020 14:49:18] /newtype 1510
[15/05/2020 14:49:22] /newtype 1501
[15/05/2020 14:49:25] /newtype 1502
[15/05/2020 14:49:27] /newtype 1503
[15/05/2020 14:49:28] /newtype 1504
[15/05/2020 14:49:30] /newtype 1505
[15/05/2020 14:49:32] /newtype 1506
[15/05/2020 14:49:34] /newtype 1507
[15/05/2020 14:49:36] /newtype 1508
[15/05/2020 14:49:37] /newtype 1509
[15/05/2020 14:49:42] /newtype 1510
[15/05/2020 14:49:44] /newtype 15101
[15/05/2020 14:49:46] /newtype 1511
[15/05/2020 14:49:48] /newtype 1512
[15/05/2020 14:49:50] /newtype 1513
[15/05/2020 14:49:52] /newtype 1514
[15/05/2020 14:49:54] /newtype 1515
[15/05/2020 14:49:59] /newtype 1516
[15/05/2020 14:50:01] /newtype 1517
[15/05/2020 14:50:03] /newtype 1518
[15/05/2020 14:50:05] /newtype 151
[15/05/2020 14:50:09] /newtype 1519
[15/05/2020 14:50:12] /newtype 15120
[15/05/2020 14:50:15] /newtype 1512
[15/05/2020 14:50:17] /newtype 1520
[15/05/2020 14:50:19] /newtype 1521
[15/05/2020 14:50:21] /newtype 1522
[15/05/2020 14:50:25] /newtype 1523
[15/05/2020 14:50:28] /newtype 1600
[15/05/2020 14:50:32] /newtype 1605
[15/05/2020 14:50:35] /newtype 1682
[15/05/2020 14:50:40] /newtype 3520
[15/05/2020 14:50:43] /newtype 3528
[15/05/2020 14:50:46] /newtype 34
[15/05/2020 14:50:51] /newtype 3000
[15/05/2020 14:50:55] /newtype 2000
[15/05/2020 14:51:07] /r
[15/05/2020 14:53:10] /a
[15/05/2020 14:53:15] /a 100
[15/05/2020 14:53:24] /a 200
[15/05/2020 14:53:26] /a 2
[15/05/2020 14:53:32] /a 100
[15/05/2020 14:53:37] /a 200
[15/05/2020 14:53:45] /a 200
[15/05/2020 14:53:52] /a 1000
[15/05/2020 14:53:55] /a 100
[15/05/2020 14:54:00] /a 1002
[15/05/2020 14:54:15] /a 13
[15/05/2020 14:54:46] /t
[15/05/2020 14:55:21] /i 100 ten thousand dollar notes.
[15/05/2020 14:55:27] /i ten thousand dollar notes.
[15/05/2020 14:55:31] /i thousand dollar notes.
[15/05/2020 14:55:34] /i thousand dollar notes
[15/05/2020 14:55:39] /i ten thousand dollar notes
[15/05/2020 14:56:09] /i 2160
[15/05/2020 14:58:57] /r
[15/05/2020 15:03:21] /addskill [Gm]Slayer,lvl,55000
[15/05/2020 15:03:25] /addskill [Gm]Slayer,lvl,55000
[15/05/2020 15:03:38] /t
[15/05/2020 15:06:02] /town 1
[15/05/2020 15:06:04] /town 2
[15/05/2020 15:06:16] /town 3
[15/05/2020 15:06:19] /town 4
[15/05/2020 15:06:21] /town 5
[15/05/2020 15:11:47] /r
[15/05/2020 15:12:36] /newtype 2000
[15/05/2020 15:13:18] /r
[15/05/2020 15:13:26] /goto virgem
[15/05/2020 15:13:33] /goto [Gm]Virgem Negra
[15/05/2020 15:13:35] /goto [Gm]Virgem Negra
[15/05/2020 15:13:37] /goto [Gm]Virgem Negra
[15/05/2020 15:13:45] /newtype 5000
[15/05/2020 15:13:51] /newtype 1820
[15/05/2020 15:14:09] /newtype 2500
[15/05/2020 15:16:03] /addskill [Gm]Virgem Negra,lvl,50
[15/05/2020 15:16:59] /addskill [Gm]Slayer,lvl,5550
[15/05/2020 15:17:08] /addskill [Gm]Slayer,lvl,5550
[15/05/2020 15:17:09] /addskill [Gm]Slayer,lvl,5550
[15/05/2020 15:17:09] /addskill [Gm]Slayer,lvl,5550
[15/05/2020 15:17:10] /addskill [Gm]Slayer,lvl,5550
[15/05/2020 15:17:11] /addskill [Gm]Slayer,lvl,5550
[15/05/2020 15:17:21] /addskill [Gm]Slayer,lvl,maximo
[15/05/2020 15:17:35] /addskill [Gm]Slayer,lvl,55000
[15/05/2020 15:18:21] /addskill [Gm]Slayer,lvl,55000
[15/05/2020 15:18:46] /goto [Gm]Virgem Negra
[15/05/2020 15:18:56] /goto [Gm]Virgem Negra
[15/05/2020 15:20:18] /newtype 2500
[15/05/2020 15:20:24] /newtype 2500
[15/05/2020 15:20:27] /newtype 2503
[15/05/2020 15:20:57] /up
[15/05/2020 15:21:01] /up
[15/05/2020 15:21:02] /up
[15/05/2020 15:21:18] /t [Gm]Virgem Negra
[15/05/2020 15:21:19] /t [Gm]Virgem Negra
[15/05/2020 15:21:20] /t [Gm]Virgem Negra
[15/05/2020 15:21:31] /t [Gm]Virgem Negra
[15/05/2020 15:21:47] /t [Gm]Virgem Negra
[15/05/2020 15:22:10] /t 
[15/05/2020 15:24:29] /goto [Gm]Virgem Negra
[15/05/2020 15:24:36] /r
[15/05/2020 15:24:51] /i ultra ball
[15/05/2020 15:25:07] /r
[15/05/2020 15:25:10] /r
[15/05/2020 15:25:12] /r
[15/05/2020 15:25:14] /r
[15/05/2020 15:25:17] /r
[15/05/2020 15:25:18] /r
[15/05/2020 15:25:20] /r
[15/05/2020 15:25:23] /r
[15/05/2020 15:25:27] /r
[15/05/2020 15:25:29] /r
[15/05/2020 15:25:31] /r
[15/05/2020 15:25:32] /r
[15/05/2020 15:26:06] /t
[15/05/2020 15:26:10] /goto [Gm]Virgem Negra
[15/05/2020 15:27:46] /r
[15/05/2020 15:28:26] /r
[15/05/2020 15:28:27] /r
[15/05/2020 15:28:29] /r
[15/05/2020 15:28:31] /r
[15/05/2020 15:28:32] /r
[15/05/2020 15:59:58] /newtype 2000
[15/05/2020 16:00:14] /ghost
[15/05/2020 16:00:33] /ghost
[15/05/2020 16:01:56] /r
[15/05/2020 16:03:05] /m mewtwo
[15/05/2020 16:03:31] /i mewtwo
[15/05/2020 16:04:43] /r
[15/05/2020 16:04:51] /newtype 5200
[15/05/2020 16:05:01] /newtype 2600
[15/05/2020 16:05:12] /newtype 2636
[15/05/2020 16:05:23] /newtype 2500
[15/05/2020 16:05:30] /newtype 1950
[15/05/2020 16:05:41] /newtype 1936
[15/05/2020 16:05:51] /newtype 6000
[15/05/2020 16:05:58] /newtype 4980
[15/05/2020 16:06:03] /newtype 4900
[15/05/2020 16:06:08] /newtype 3980
[15/05/2020 16:06:11] /newtype 391
[15/05/2020 16:06:16] /newtype 3910
[15/05/2020 16:06:24] /newtype 3911
[15/05/2020 16:06:36] /newtype 3950
[15/05/2020 16:06:39] /newtype 2500
[15/05/2020 16:06:41] /newtype 2502
[15/05/2020 16:06:48] /newtype 2506
[15/05/2020 16:06:51] /newtype 2508
[15/05/2020 16:07:04] /newtype 2509
[15/05/2020 16:07:09] /newtype 2510
[15/05/2020 16:07:10] /newtype 2511
[15/05/2020 16:07:14] /newtype 2520
[15/05/2020 16:07:26] /newtype 2519
[15/05/2020 16:07:34] /newtype 2520
[15/05/2020 16:07:37] /newtype 2521
[15/05/2020 16:08:06] /newtype 2522
[15/05/2020 16:08:09] /newtype 2523
[15/05/2020 16:08:12] /newtype 2524
[15/05/2020 16:08:14] /newtype 2525
[15/05/2020 16:08:36] /newtype 2526
[15/05/2020 16:08:39] /newtype 2527
[15/05/2020 16:08:41] /newtype 2528
[15/05/2020 16:08:45] /newtype 2529
[15/05/2020 16:08:49] /newtype 2530
[15/05/2020 16:08:54] /newtype 2531
[15/05/2020 16:08:59] /newtype 2532
[15/05/2020 16:09:09] /newtype 2536
[15/05/2020 16:09:17] /newtype 2532
[15/05/2020 16:10:22] /newtype 2536
[15/05/2020 16:10:24] /newtype 2538
[15/05/2020 16:10:26] /newtype 2539
[15/05/2020 16:10:30] /newtype 2540
[15/05/2020 16:10:32] /newtype 2541
[15/05/2020 16:10:33] /newtype 2542
[15/05/2020 16:10:35] /newtype 2543
[15/05/2020 16:10:38] /newtype 2545
[15/05/2020 16:10:42] /newtype 2549
[15/05/2020 16:10:51] /newtype 2550
[15/05/2020 16:10:54] /newtype 2551
[15/05/2020 16:10:58] /newtype 2552
[15/05/2020 16:10:59] /newtype 2553
[15/05/2020 16:11:01] /newtype 2554
[15/05/2020 16:11:23] /newtype 2554??
[15/05/2020 16:12:16] /newtype 520
[15/05/2020 16:12:29] /newtype 2600
[15/05/2020 16:12:36] /newtype 2605
[15/05/2020 16:12:40] /newtype 2606
[15/05/2020 16:12:41] /newtype 2607
[15/05/2020 16:12:43] /newtype 2608
[15/05/2020 16:12:45] /newtype 2609
[15/05/2020 16:12:47] /newtype 26020
[15/05/2020 16:12:50] /newtype 260201
[15/05/2020 16:12:56] /newtype 360000
[15/05/2020 16:12:58] /newtype 36000
[15/05/2020 16:13:00] /newtype 36000
[15/05/2020 16:13:05] /newtype 3600
[15/05/2020 16:13:09] /newtype 3602
[15/05/2020 16:13:16] /newtype 3603
[15/05/2020 16:13:18] /newtype 3604
[15/05/2020 16:13:20] /newtype 3605
[15/05/2020 16:13:21] /newtype 3606
[15/05/2020 16:13:23] /newtype 3607
[15/05/2020 16:13:24] /newtype 3608
[15/05/2020 16:13:28] /newtype 36089
[15/05/2020 16:13:30] /newtype 3609
[15/05/2020 16:13:42] /newtype 2509
[15/05/2020 16:13:48] /newtype 2520
[15/05/2020 16:13:55] /newtype 2519
[15/05/2020 16:14:00] /newtype 2520
[15/05/2020 16:14:20] /newtype 3000
[15/05/2020 16:14:22] /newtype 3001
[15/05/2020 16:14:25] /newtype 30050
[15/05/2020 16:14:31] /newtype 3050
[15/05/2020 16:14:43] /r
[15/05/2020 16:14:44] /r
[15/05/2020 16:14:46] /r
[15/05/2020 16:15:13] /goto orrik 
[15/05/2020 16:15:26] /newtype 2020
[15/05/2020 16:15:32] /newtype 2010
[15/05/2020 16:15:37] /newtype 2013
[15/05/2020 16:15:41] /newtype 2014
[15/05/2020 16:15:44] /newtype 2006
[15/05/2020 16:16:00] /newtype 2500
[15/05/2020 16:16:03] /newtype 2560
[15/05/2020 16:16:06] /newtype 2590
[15/05/2020 16:16:11] /newtype 2001
[15/05/2020 16:16:16] /newtype 200
[15/05/2020 16:16:20] /newtype 2000
[15/05/2020 16:18:10] /t
[15/05/2020 16:23:00] /i 2604
[15/05/2020 16:23:08] /r
[15/05/2020 16:23:12] /i 2604
[15/05/2020 16:23:19] /i 2604
[15/05/2020 16:23:21] /i 2604
[15/05/2020 16:23:22] /i 2604
[15/05/2020 16:23:23] /i 2604
[15/05/2020 16:23:24] /i 2604
[15/05/2020 16:23:25] /i 2604
[15/05/2020 16:23:26] /i 2604
[15/05/2020 16:23:28] /i 2604
[15/05/2020 16:23:29] /i 2604
[15/05/2020 16:23:31] /i 2604
[15/05/2020 16:23:32] /i 2604
[15/05/2020 16:23:33] /i 2604
[15/05/2020 16:23:34] /i 2604
[15/05/2020 16:23:35] /i 2604
[15/05/2020 16:23:36] /i 2604
[15/05/2020 16:26:05] /i 5915
[15/05/2020 16:26:07] /i 5915
[15/05/2020 16:26:09] /i 5915
[15/05/2020 16:26:11] /i 5915
[15/05/2020 16:26:41] /i 16501
[15/05/2020 16:26:42] /i 16501
[15/05/2020 16:26:44] /i 16501
[15/05/2020 16:26:46] /i 16501
[15/05/2020 16:26:48] /i 16501
[15/05/2020 16:26:49] /i 16501
[15/05/2020 16:26:56] /i 16501
[15/05/2020 16:27:09] /i diamante
[15/05/2020 16:27:10] /i diamant
[15/05/2020 16:27:23] /t
[15/05/2020 16:28:21] /i 2604
[15/05/2020 16:28:28] /i 16501
[15/05/2020 16:28:34] /r
[15/05/2020 16:28:42] /r
[15/05/2020 16:29:11] /i 2604
[15/05/2020 16:29:12] /i 2604
[15/05/2020 16:29:14] /i 2604
[15/05/2020 16:29:14] /i 2604
[15/05/2020 16:29:31] /i 2604
[15/05/2020 16:29:31] /i 2604
[15/05/2020 16:29:31] /i 2604
[15/05/2020 16:29:32] /i 2604
[15/05/2020 16:29:33] /i 2604
[15/05/2020 16:29:33] /i 2604
[15/05/2020 16:29:34] /i 2604
[15/05/2020 16:29:34] /i 2604
[15/05/2020 16:29:35] /i 2604
[15/05/2020 16:29:35] /i 2604
[15/05/2020 16:29:36] /i 2604
[15/05/2020 16:29:37] /i 2604
[15/05/2020 16:29:40] /i 2604
[15/05/2020 16:29:40] /i 2604
[15/05/2020 16:29:42] /i 2604
[15/05/2020 16:29:42] /i 2604
[15/05/2020 16:29:42] /i 2604
[15/05/2020 16:29:43] /i 2604
[15/05/2020 16:29:43] /i 2604
[15/05/2020 16:29:43] /i 2604
[15/05/2020 16:29:43] /i 2604
[15/05/2020 16:29:43] /i 2604
[15/05/2020 16:29:43] /i 2604
[15/05/2020 16:29:43] /i 2604
[15/05/2020 16:29:43] /i 2604
[15/05/2020 16:29:43] /i 2604
[15/05/2020 16:29:43] /i 2604
[15/05/2020 16:29:43] /i 2604
[15/05/2020 16:31:37] /r
[15/05/2020 16:31:41] /r
[15/05/2020 16:31:50] /r
[15/05/2020 16:31:52] /r
[15/05/2020 16:31:55] /r
[15/05/2020 16:31:56] /r
[15/05/2020 16:31:59] /r
[15/05/2020 16:32:01] /r
[15/05/2020 16:32:25] /r
[15/05/2020 16:32:26] /r
[15/05/2020 16:32:27] /r
[15/05/2020 16:32:27] /r
[15/05/2020 16:32:47] /i 1049
[15/05/2020 16:32:51] /r
[15/05/2020 16:32:51] /r
[15/05/2020 16:32:51] /r
[15/05/2020 16:32:52] /r
[15/05/2020 16:32:52] /r
[15/05/2020 16:32:52] /r
[15/05/2020 16:32:52] /r
[15/05/2020 16:32:52] /r
[15/05/2020 16:32:52] /r
[15/05/2020 16:32:52] /r
[15/05/2020 16:32:53] /r
[15/05/2020 16:32:53] /r
[15/05/2020 16:32:53] /r
[15/05/2020 16:32:53] /r
[15/05/2020 16:32:53] /r
[15/05/2020 16:32:53] /r
[15/05/2020 16:32:53] /r
[15/05/2020 16:32:53] /r
[15/05/2020 16:32:53] /r
[15/05/2020 16:32:54] /r
[15/05/2020 16:32:54] /r
[15/05/2020 16:32:55] /r
[15/05/2020 16:32:57] /r
[15/05/2020 16:32:57] /r
[15/05/2020 16:32:58] /r
[15/05/2020 16:33:01] /r
[15/05/2020 16:33:02] /r
[15/05/2020 16:33:03] /r
[15/05/2020 16:33:05] /r
[15/05/2020 16:33:06] /r
[15/05/2020 16:33:07] /r
[15/05/2020 16:33:07] /r
[15/05/2020 16:33:10] /r
[15/05/2020 16:33:12] /r
[15/05/2020 16:33:13] /r
[15/05/2020 16:33:15] /r
[15/05/2020 16:33:15] /r
[15/05/2020 16:33:16] /r
[15/05/2020 16:33:16] /r
[15/05/2020 16:33:16] /r
[15/05/2020 16:33:17] /r
[15/05/2020 16:33:18] /r
[15/05/2020 16:33:18] /r
[15/05/2020 16:33:19] /r
[15/05/2020 16:33:19] /r
[15/05/2020 16:33:20] /r
[15/05/2020 16:33:21] /r
[15/05/2020 16:33:22] /r
[15/05/2020 16:33:23] /r
[15/05/2020 16:33:25] /r
[15/05/2020 16:33:26] /r
[15/05/2020 16:33:26] /r
[15/05/2020 16:33:26] /r
[15/05/2020 16:33:27] /r
[15/05/2020 16:33:27] /r
[15/05/2020 16:33:28] /r
[15/05/2020 16:33:29] /r
[15/05/2020 16:33:30] /r
[15/05/2020 16:33:31] /r
[15/05/2020 16:33:32] /r
[15/05/2020 16:33:32] /r
[15/05/2020 16:33:33] /r
[15/05/2020 16:33:34] /r
[15/05/2020 16:33:35] /r
[15/05/2020 16:33:35] /r
[15/05/2020 16:33:35] /r
[15/05/2020 16:33:35] /r
[15/05/2020 16:33:35] /r
[15/05/2020 16:33:35] /r
[15/05/2020 16:33:35] /r
[15/05/2020 16:33:36] /r
[15/05/2020 16:33:36] /r
[15/05/2020 16:33:36] /r
[15/05/2020 16:33:36] /r
[15/05/2020 16:33:36] /r
[15/05/2020 16:33:37] /r
[15/05/2020 16:33:37] /r
[15/05/2020 16:33:38] /r
[15/05/2020 16:33:40] /i 16501
[15/05/2020 16:33:40] /i 16501
[15/05/2020 16:33:41] /i 16501
[15/05/2020 16:33:42] /i 16501
[15/05/2020 16:33:42] /i 16501
[15/05/2020 16:33:43] /i 16501
[15/05/2020 16:33:44] /i 16501
[15/05/2020 16:33:45] /i 16501
[15/05/2020 16:33:46] /i 16501
[15/05/2020 16:33:46] /i 16501
[15/05/2020 16:33:48] /i 16501
[15/05/2020 16:33:56] /i 16501
[15/05/2020 16:33:56] /i 16501
[15/05/2020 16:33:57] /i 16501
[15/05/2020 16:34:17] /i 2604
[15/05/2020 16:34:17] /i 2604
[15/05/2020 16:34:18] /i 2604
[15/05/2020 16:34:18] /i 2604
[15/05/2020 16:34:19] /i 2604
[15/05/2020 16:34:19] /i 2604
[15/05/2020 16:34:23] /i 2604
[15/05/2020 16:34:23] /i 2604
[15/05/2020 16:34:24] /i 2604
[15/05/2020 16:34:24] /i 2604
[15/05/2020 16:34:25] /i 2604
[15/05/2020 16:34:25] /i 2604
[15/05/2020 16:34:26] /i 2604
[15/05/2020 16:34:26] /i 2604
[15/05/2020 16:34:39] /r
[15/05/2020 16:34:40] /r
[15/05/2020 16:34:43] /r
[15/05/2020 16:34:44] /r
[15/05/2020 16:35:02] /goto [ADMWALKER
[15/05/2020 16:35:06] /goto [ADM]WALKER
[15/05/2020 16:35:09] /goto [ADM] WALKER
[15/05/2020 16:35:15] /i 2604
[15/05/2020 16:35:18] /r
[15/05/2020 16:35:20] /r
[15/05/2020 16:35:22] /r
[15/05/2020 16:35:27] /r
[15/05/2020 16:35:28] /r
[15/05/2020 16:35:29] /r
[15/05/2020 16:35:29] /r
[15/05/2020 16:35:30] /r
[15/05/2020 16:35:58] /i 2604
[15/05/2020 16:36:32] /t lav
[15/05/2020 16:37:19] /t 1
[15/05/2020 16:37:23] /town 1
[15/05/2020 16:37:26] /town 2
[15/05/2020 16:37:27] /town 3
[15/05/2020 16:37:42] /goto [ADM] WALKER
[15/05/2020 16:37:45] /r
[15/05/2020 16:37:46] /r
[15/05/2020 16:37:47] /r
[15/05/2020 16:37:49] /r
[15/05/2020 16:37:49] /r
[15/05/2020 16:37:53] /r
[15/05/2020 16:37:54] /r
[15/05/2020 16:37:55] /r
[15/05/2020 16:37:58] /r
[15/05/2020 16:38:04] /r
[15/05/2020 16:38:05] /r
[15/05/2020 16:38:06] /r
[15/05/2020 16:38:07] /r
[15/05/2020 16:38:08] /r
[15/05/2020 16:38:09] /r
[15/05/2020 16:38:10] /r
[15/05/2020 16:38:11] /r
[15/05/2020 16:38:11] /r
[15/05/2020 16:38:12] /r
[15/05/2020 16:38:13] /r
[15/05/2020 16:38:13] /r
[15/05/2020 16:38:15] /r
[15/05/2020 16:38:18] /town 3
[15/05/2020 16:38:36] /i 13088
[15/05/2020 16:38:38] /i 13088
[15/05/2020 16:38:40] /i 13088
[15/05/2020 16:38:41] /i 13088
[15/05/2020 16:39:02] /r
[15/05/2020 16:39:04] /i shiny stone
[15/05/2020 16:39:05] /i shiny stone
[15/05/2020 16:39:29] /i 2604
[15/05/2020 16:39:50] /t
[15/05/2020 16:49:41] /i shiny stone
[15/05/2020 16:49:42] /r
[15/05/2020 16:49:44] /r
[15/05/2020 16:49:44] /r
[15/05/2020 16:49:45] /r
[15/05/2020 16:49:45] /r
[15/05/2020 16:49:46] /r
[15/05/2020 16:49:46] /r
[15/05/2020 16:49:48] /r
[15/05/2020 16:49:48] /r
[15/05/2020 16:49:49] /r
[15/05/2020 16:49:49] /r
[15/05/2020 16:49:50] /r
[15/05/2020 16:49:50] /r
[15/05/2020 16:49:52] /r
[15/05/2020 16:49:53] /r
[15/05/2020 16:49:54] /r
[15/05/2020 16:49:55] /r
[15/05/2020 16:49:55] /r
[15/05/2020 16:49:56] /r
[15/05/2020 16:49:56] /r
[15/05/2020 16:49:57] /r
[15/05/2020 16:49:58] /r
[15/05/2020 16:49:59] /r
[15/05/2020 16:50:00] /r
[15/05/2020 16:50:01] /r
[15/05/2020 16:50:01] /r
[15/05/2020 16:50:02] /r
[15/05/2020 16:50:03] /r
[15/05/2020 16:50:03] /r
[15/05/2020 16:50:03] /r
[15/05/2020 16:50:03] /r
[15/05/2020 16:50:03] /r
[15/05/2020 16:50:03] /r
[15/05/2020 16:50:03] /r
[15/05/2020 16:50:03] /r
[15/05/2020 16:50:04] /r
[15/05/2020 16:50:04] /r
[15/05/2020 16:50:04] /r
[15/05/2020 16:50:04] /r
[15/05/2020 16:50:04] /r
[15/05/2020 16:50:04] /r
[15/05/2020 16:50:04] /r
[15/05/2020 16:50:04] /r
[15/05/2020 16:50:04] /r
[15/05/2020 16:50:04] /r
[15/05/2020 16:50:05] /r
[15/05/2020 16:50:06] /r
[15/05/2020 16:50:07] /r
[15/05/2020 17:07:05] /t
[15/05/2020 17:08:11] /newtype 2520
[15/05/2020 17:08:14] /newtype 2500
[15/05/2020 17:08:47] /up
[15/05/2020 17:08:50] /up
[15/05/2020 17:08:51] /up
[15/05/2020 17:10:27] /newtype 2520
