[15/05/2020 15:10:51] /goto [Gm]Slayer
[15/05/2020 15:11:51] /s
[15/05/2020 15:11:54] /s pikachu
[15/05/2020 15:14:26] /s zoroark
[15/05/2020 15:14:55] /i revive
[15/05/2020 15:15:02] /up
[15/05/2020 15:16:22] /addskill [Gm]Virgem Negra,lvl,50000
[15/05/2020 15:16:45] /ghost
[15/05/2020 15:18:06] /t
[15/05/2020 15:20:18] /t [Gm]Slayer
[15/05/2020 15:20:28] /t [Gm]Slayer
[15/05/2020 15:20:29] /t [Gm]Slayer
[15/05/2020 15:20:35] /t [Gm]Slayer
[15/05/2020 15:20:36] /t [Gm]Slayer
[15/05/2020 15:20:37] /t [Gm]Slayer
[15/05/2020 15:20:38] /t [Gm]Slayer
[15/05/2020 15:20:39] /t [Gm]Slayer
[15/05/2020 15:20:40] /t [Gm]Slayer
[15/05/2020 15:20:44] /t [Gm]Slayer
[15/05/2020 15:20:47] /t [Gm]Slayer
[15/05/2020 15:20:49] /t [Gm]Slayer
[15/05/2020 15:20:51] /t [Gm]Slayer
[15/05/2020 15:20:53] /t [Gm]Slayer
[15/05/2020 15:20:54] /t [Gm]Slayer
[15/05/2020 15:20:55] /t [Gm]Slayer
[15/05/2020 15:20:57] /t [Gm]Slayer
[15/05/2020 15:20:58] /t [Gm]Slayer
[15/05/2020 15:21:00] /t [Gm]Slayer
[15/05/2020 15:21:01] /t [Gm]Slayer
[15/05/2020 15:21:03] /t [Gm]Slayer
[15/05/2020 15:21:05] /t [Gm]Slayer
[15/05/2020 15:21:06] /t [Gm]Slayer
[15/05/2020 15:21:09] /t [Gm]Slayer
[15/05/2020 15:21:15] /t [Gm]Slayer
[15/05/2020 15:21:19] /t [Gm]Slayer
[15/05/2020 15:21:28] /t [Gm]Slayer
[15/05/2020 15:21:31] /t
[15/05/2020 15:21:32] /t
[15/05/2020 15:21:35] /t [Gm]Slayer
[15/05/2020 15:21:43] /t [Gm]Slayer
[15/05/2020 15:22:26] /i gold coins
[15/05/2020 15:22:28] /i gold coins
[15/05/2020 15:22:28] /i gold coins
[15/05/2020 15:22:29] /i gold coins
[15/05/2020 15:22:29] /i gold coins
[15/05/2020 15:22:33] /m zoroark
[15/05/2020 15:22:59] /i ultra boll
[15/05/2020 15:23:02] /i ultra ball
[15/05/2020 15:23:20] /m zoroark
[15/05/2020 15:23:34] /m pikachu
[15/05/2020 15:23:50] /m zoroark
[15/05/2020 15:23:50] /m zoroark
[15/05/2020 15:23:51] /m zoroark
[15/05/2020 15:23:51] /m zoroark
[15/05/2020 15:23:51] /m zoroark
[15/05/2020 15:23:52] /m zoroark
[15/05/2020 15:23:52] /m zoroark
[15/05/2020 15:23:52] /m zoroark
[15/05/2020 15:25:12] /m xorua
[15/05/2020 15:25:15] /m zorua
[15/05/2020 15:25:55] /goto zorua
[15/05/2020 15:27:07] /m zorua
[15/05/2020 15:27:07] /m zorua
[15/05/2020 15:27:08] /m zorua
[15/05/2020 15:27:08] /m zorua
[15/05/2020 15:27:08] /m zorua
[15/05/2020 15:27:09] /m zorua
[15/05/2020 15:27:09] /m zorua
[15/05/2020 15:28:32] /r
[15/05/2020 15:28:35] /r
[15/05/2020 15:28:36] /r
[15/05/2020 15:28:39] /r
[15/05/2020 15:28:50] /t [Gm]Slayer
[15/05/2020 15:29:01] /goto zorua
[15/05/2020 15:29:04] /goto zorua
[15/05/2020 15:29:08] /goto zorua
[15/05/2020 15:29:32] /goto [Gm] Slayer
[15/05/2020 15:29:33] /goto [Gm] Slayer
[15/05/2020 15:29:35] /goto [Gm] Slayer
[15/05/2020 15:29:49] /goto [Gm] Slayer
[15/05/2020 15:29:49] /goto [Gm] Slayer
[15/05/2020 15:29:50] /goto [Gm] Slayer
[15/05/2020 15:29:50] /goto [Gm] Slayer
[15/05/2020 15:29:56] /goto [Gm] Slayer
[15/05/2020 15:29:58] /goto [Gm] Slayer
[15/05/2020 15:30:02] /goto [Gm] Slayer
[15/05/2020 15:30:22] /goto [Gm]Slayer
[15/05/2020 15:30:38] /goto zorua
[15/05/2020 15:30:39] /goto zorua
[15/05/2020 15:30:39] /goto zorua
[15/05/2020 15:30:40] /goto zorua
[15/05/2020 15:30:40] /goto zorua
[15/05/2020 15:30:41] /goto zorua
[15/05/2020 15:30:41] /goto zorua
[15/05/2020 15:30:41] /goto zorua
[15/05/2020 15:30:42] /goto zorua
[15/05/2020 15:30:42] /goto zorua
[15/05/2020 15:30:42] /goto zorua
[15/05/2020 15:30:44] /goto zorua
[15/05/2020 15:30:44] /goto zorua
[15/05/2020 15:34:56] /m zorua
[15/05/2020 15:34:57] /m zorua
[15/05/2020 15:34:57] /m zorua
[15/05/2020 15:35:59] /r
[15/05/2020 15:36:03] /r
[15/05/2020 15:36:05] /r
[15/05/2020 15:36:06] /r
[15/05/2020 15:36:07] /r
[15/05/2020 15:36:08] /r
[15/05/2020 15:36:09] /r
[15/05/2020 15:36:11] /r
[15/05/2020 15:36:14] /r
[15/05/2020 15:36:15] /r
[15/05/2020 15:36:15] /r
[15/05/2020 15:36:21] /r
[15/05/2020 15:36:23] /r
[15/05/2020 15:36:40] /r
[15/05/2020 15:36:55] /m rocket machine
[15/05/2020 15:36:59] /m zorua
[15/05/2020 15:37:12] /r
[15/05/2020 15:37:17] /m rocket machine
[15/05/2020 15:37:19] /m zorua
[15/05/2020 15:37:30] /r
[15/05/2020 15:37:34] /m rocket machine
[15/05/2020 15:37:38] /m zorua
[15/05/2020 15:38:52] /t
[15/05/2020 15:39:28] /m mewtwo
[15/05/2020 16:03:51] /goto Orrik
[15/05/2020 16:05:00] /ghost
[15/05/2020 16:12:04] /b oii
[15/05/2020 16:15:10] /goto orrik
[15/05/2020 16:15:42] /t
