[12/05/2020 18:23:05] /goto zorua
[12/05/2020 18:23:08] /goto zorua
[12/05/2020 18:23:13] /goto zorua
[12/05/2020 18:23:18] /goto zoryua
[12/05/2020 18:23:21] /goto zorua
[12/05/2020 18:23:25] /goto zoroark
[12/05/2020 18:30:03] /goto lugia
[12/05/2020 18:31:36] /goto celibe
[12/05/2020 18:31:40] /goto celibe
[12/05/2020 18:31:44] /goto celibi
[12/05/2020 18:31:48] /goto celibe
[12/05/2020 18:31:53] /goto rayquaza
[12/05/2020 18:32:12] /goto darkrai
[12/05/2020 18:33:13] /goto Lordoritos
[12/05/2020 18:33:24] /goto zoruya
[12/05/2020 18:33:27] /goto zorua
[12/05/2020 18:33:31] /goto zorua
[12/05/2020 23:24:14] /r
[12/05/2020 23:24:19] /goto lucario
[12/05/2020 23:24:24] /goto zapdos
[12/05/2020 23:24:42] /r
[12/05/2020 23:24:43] /r
[12/05/2020 23:24:46] /r
[12/05/2020 23:24:51] /r
[12/05/2020 23:24:57] /town 1
[13/05/2020 00:09:50] /r
[13/05/2020 00:09:57] /r
[13/05/2020 00:11:07] /r
[13/05/2020 00:14:01] /m rayquaza
[13/05/2020 00:14:35] /m kyogre
[13/05/2020 17:13:52] /town 1
[13/05/2020 17:14:17] /r
[13/05/2020 17:14:20] /r
[13/05/2020 17:14:22] /r
[14/05/2020 15:32:30] /town mahogany
[14/05/2020 15:33:03] /ghost
[14/05/2020 15:33:38] /c Pwzera
[14/05/2020 15:34:23] /addskill Pwzera,lvl,100
[14/05/2020 15:35:20] /town ecruteak
[14/05/2020 15:36:13] /c Pwzera
[14/05/2020 15:39:23] /i bike
[14/05/2020 15:39:30] /i bike box
[14/05/2020 15:40:32] /addskill Pwzera,lvl,400
[14/05/2020 15:43:32] /town mahogany
[14/05/2020 15:43:36] /c Pwzera
