[14/05/2020 17:28:23] /ghost
[14/05/2020 17:32:39] /goto
[14/05/2020 17:32:44] /goto zoroark
[14/05/2020 17:32:47] /goto zoroark
[14/05/2020 17:32:51] /goto zoroark
[14/05/2020 17:32:51] /goto zoroark
[14/05/2020 17:32:56] /goto pikachu
[14/05/2020 17:33:03] /goto charizard
[14/05/2020 17:33:17] /goto dragonite
[14/05/2020 17:33:48] /ghost
[14/05/2020 17:33:54] /t
[14/05/2020 17:33:57] /ghost
[14/05/2020 17:34:04] /ghost on
[14/05/2020 17:35:35] /goto Shiny pikachu
[14/05/2020 17:35:41] /goto Shiny Gloom
[14/05/2020 17:35:46] /goto Shiny Charizard
[14/05/2020 17:35:54] /goto Zoro
[14/05/2020 17:35:59] /m
[14/05/2020 17:38:23] /t
[14/05/2020 17:39:01] /goto [ADM] WALKER
