[01/05/2016 02:30:25] /c chita beisuda
[01/05/2016 02:30:52] /t
[01/05/2016 02:31:39] /owner Nobody
[01/05/2016 02:31:52] /goto chita beisuda
[01/05/2016 02:32:00] /a 2
[01/05/2016 02:32:24] /r
[01/05/2016 02:32:26] /r
[01/05/2016 02:32:27] /r
[01/05/2016 02:33:03] /i scarab coin
[01/05/2016 02:33:20] /owner Nobody
[01/05/2016 02:33:31] /owner [GOD] Kevick
[01/05/2016 02:33:38] /owner Nobody
[01/05/2016 02:33:41] /a
[01/05/2016 02:33:43] /a 2
[01/05/2016 02:33:57] /t
[01/05/2016 10:59:03] /i ultra ball
[01/05/2016 10:59:41] /newtype 72
[01/05/2016 10:59:49] /newtype 75
[01/05/2016 11:00:05] /i trash
[01/05/2016 11:00:08] /i bump
[01/05/2016 11:00:09] /i jump
[01/05/2016 11:00:22] /r all
[01/05/2016 11:00:25] /i love ball
[01/05/2016 11:00:28] /r all
[01/05/2016 11:00:30] /r all
[01/05/2016 11:00:34] /r all
[01/05/2016 11:00:36] /r all
[01/05/2016 11:00:37] /r all
[01/05/2016 11:00:39] /r all
[01/05/2016 11:00:41] /r all
[01/05/2016 11:06:03] /r all
[01/05/2016 11:06:05] /r all
[01/05/2016 11:06:06] /r all
[01/05/2016 11:06:08] /r all
[01/05/2016 11:06:10] /r all
[01/05/2016 11:06:12] /r all
[01/05/2016 11:06:28] /r all
[01/05/2016 11:06:29] /r all
[01/05/2016 11:06:32] /r all
[01/05/2016 12:15:57] /goto charizard
[01/05/2016 12:17:24] /t
[01/05/2016 12:20:55] /goto charizard
[01/05/2016 12:21:06] /r
[01/05/2016 12:21:11] /c fury
[01/05/2016 12:21:14] /t fury
[01/05/2016 12:21:20] /c fury
[01/05/2016 12:21:33] /t fury
[01/05/2016 12:23:21] /goto [CM] Luiz
[01/05/2016 12:25:30] /t
[01/05/2016 12:26:05] /newtype 1726
