[03/05/2012 00:27:27] /i ultra ball
[03/05/2012 00:27:31] /m bayleef
[03/05/2012 00:27:57] /m cleffa
[03/05/2012 00:31:42] /m totodile
[03/05/2012 00:35:45] /m golbat
[03/05/2012 00:41:38] /m golbat
[03/05/2012 00:41:48] /m cleffa
[03/05/2012 00:41:55] /m mantine
[03/05/2012 00:42:18] /m totodile
[03/05/2012 00:42:40] /m cindaquil
[03/05/2012 00:42:43] /m cyndaquil
[03/05/2012 00:42:53] /m cyndaquil
[03/05/2012 00:42:54] /m cyndaquil
[03/05/2012 00:42:54] /m cyndaquil
[03/05/2012 00:43:14] /m cyndaquil
[03/05/2012 00:43:15] /m cyndaquil
[03/05/2012 00:43:16] /m cyndaquil
[03/05/2012 00:43:16] /m cyndaquil
[03/05/2012 00:54:30] /m charmeleon
[03/05/2012 00:56:24] /reload talkactions
[03/05/2012 00:56:28] /reload creaturescript
[03/05/2012 00:57:47] /reload creaturescript
[03/05/2012 00:58:50] /m wartortle
[03/05/2012 01:00:47] /reload creaturescript
[03/05/2012 01:00:55] /m pidgeotto
[03/05/2012 01:02:10] /reload creaturescript
[03/05/2012 01:02:25] /m ivysaur, 40
[03/05/2012 01:02:53] /m ivysaur, 70
[03/05/2012 01:04:55] /m arcanine, 60
[03/05/2012 01:06:14] /m arcanine, 50
[03/05/2012 01:12:54] /m arcanine, 50
[03/05/2012 01:15:41] /m arcanine
[03/05/2012 01:15:53] /m arcanine, 50
[03/05/2012 01:16:30] /m arcanine, 50
[03/05/2012 01:17:36] /m arcanine, 50
[03/05/2012 01:18:41] /m arcanine, 50
[03/05/2012 10:54:17] /m scyther, 60
[03/05/2012 10:55:04] /m charizard
[03/05/2012 10:59:17] /m charizard
[03/05/2012 11:08:07] /m charizard
[03/05/2012 11:13:21] /m charmeleon, 90
[03/05/2012 11:16:26] /m charmeleon, 90
[03/05/2012 11:19:55] /m charmeleon, 80
[03/05/2012 11:24:27] /m charmeleon, 80
[03/05/2012 11:27:45] /m charmeleon, 80
[03/05/2012 11:34:30] /m scyther, 80
[03/05/2012 11:35:06] /m scyther, 40
[03/05/2012 11:40:03] /m scyther, 40
[03/05/2012 11:40:28] /m scyther, 40
[03/05/2012 11:41:21] /m charmeleon, 100
[03/05/2012 11:42:06] /m charmeleon, 80
[03/05/2012 11:45:50] /m charmeleon, 80
[03/05/2012 11:49:06] /m charmeleon, 100
[03/05/2012 11:49:26] /m charmeleon, 80
[03/05/2012 11:50:03] /m scyther, 40
[03/05/2012 11:53:11] /m scyther, 40
[03/05/2012 11:55:00] /m scyther, 40
[03/05/2012 12:24:45] /m scyther, 40
[03/05/2012 12:27:40] /m charmeleon, 80
[03/05/2012 12:32:31] /m charmeleon, 80
[03/05/2012 12:33:40] /m charmeleon, 80
[03/05/2012 12:36:34] /m scyther, 40
[03/05/2012 12:37:16] /m scyther, 40
[03/05/2012 12:38:18] /m scyther, 40
[03/05/2012 12:39:04] /m scyther, 50
[03/05/2012 12:47:39] /m scyther, 40
[03/05/2012 12:51:25] /m scyther, 40
[03/05/2012 12:51:36] /m scyther, 100
[03/05/2012 12:52:22] /reload talkactions
[03/05/2012 12:52:36] /m scyther, 100
[03/05/2012 12:52:45] /m scyther, 40
[03/05/2012 12:56:25] /m scyther, 40
[03/05/2012 12:58:15] /reload creaturescript
[03/05/2012 12:58:18] /m scyther, 40
[03/05/2012 12:58:36] /m scyther, 40
[03/05/2012 12:59:33] /m scyther, 40
[03/05/2012 13:00:49] /m scyther, 40
[03/05/2012 17:47:11] /m scyther, 40
[03/05/2012 17:51:19] /m charmeleon, 80
[03/05/2012 17:52:25] /m charmeleon
[03/05/2012 17:52:52] /m charmeleon
[03/05/2012 17:53:17] /m charmeleon, 80
[03/05/2012 17:55:03] /m charmeleon, 80
[03/05/2012 17:56:52] /m scyther, 40
[03/05/2012 17:57:18] /m scyther, 40
[03/05/2012 17:57:54] /m scyther, 40
[03/05/2012 18:02:18] /m scyther, 40
[03/05/2012 18:06:44] /m scyther, 40
[03/05/2012 18:07:54] /m scyther, 0
[03/05/2012 18:08:06] /m scyther, 40
[03/05/2012 18:09:27] /m scyther, 40
[03/05/2012 18:10:36] /m charmeleon, 80
[03/05/2012 18:21:20] /m scyther, 40
[03/05/2012 18:22:51] /reload creaturescript
[03/05/2012 18:22:56] /m scyther, 40
[03/05/2012 18:23:58] /m scyther, 40
[03/05/2012 18:24:41] /m scyther, 40
[03/05/2012 18:26:03] /m scyther, 40
[03/05/2012 18:27:56] /m charmeleon, 80
[03/05/2012 18:29:32] /m scyther, 40
[03/05/2012 18:30:15] /m scyther, 40
[04/05/2012 14:24:12] /m shiny charizard
[04/05/2012 14:24:52] /m shiny snorlax
[04/05/2012 14:34:32] /reload monster
[04/05/2012 14:35:18] /m shiny snorlax
[04/05/2012 14:35:35] /m shiny charizard
[04/05/2012 14:36:46] /m shiny charizard
[10/05/2012 15:20:22] /m charmander
[10/05/2012 15:20:46] /m dusgtrio
[10/05/2012 15:20:52] /m dugtrio
[10/05/2012 15:22:41] /reload monster
[10/05/2012 15:22:52] /m snorlax
[10/05/2012 15:24:20] /reload monster
[10/05/2012 15:24:36] /m bulbasaur, 100
[10/05/2012 15:25:34] /reload spells
[10/05/2012 15:25:37] /reload monster
[10/05/2012 21:14:25] /m kadabra
[10/05/2012 21:15:03] /reload talkactions
[10/05/2012 21:15:12] /reload creaturescript
[10/05/2012 21:21:45] /m abra
[10/05/2012 21:22:57] /m abra
[16/05/2012 21:46:41] /i 1392
[16/05/2012 21:46:48] /i 1391
[16/05/2012 21:47:15] /m blastoise
[16/05/2012 21:47:16] /m blastoise
[16/05/2012 21:48:04] /m pidgeot
[16/05/2012 21:49:32] /m blastoise, 20
[16/05/2012 21:49:34] /m blastoise, 20
[16/05/2012 21:50:48] /i 1194
[16/05/2012 21:50:50] /i 1193
[16/05/2012 21:50:53] /i 1192
[16/05/2012 21:51:01] /i 1395
[16/05/2012 21:51:15] /i 1396
[16/05/2012 21:51:21] /i 134
[16/05/2012 21:51:25] /i 1394
[16/05/2012 21:51:30] /i 1395
[16/05/2012 21:51:42] /m blastoise
[16/05/2012 21:51:43] /m blastoise
[16/05/2012 21:52:03] /m blastoise, 15
[16/05/2012 21:52:04] /m blastoise, 15
[02/06/2012 18:34:02] /i charizard, male
[02/06/2012 18:36:30] /reload creaturescripts
[02/06/2012 19:23:53] /reload creaturescript
[02/06/2012 19:27:09] /m magikarp
[02/06/2012 19:27:35] /m tentacruel
[02/06/2012 19:38:03] /reload talakctions
[02/06/2012 19:38:06] /reload talkactions
[02/06/2012 19:38:14] /m ivysaur
[02/06/2012 19:46:23] /m ivysaur
[02/06/2012 19:49:08] /reload creaturescripts
[02/06/2012 19:49:11] /m ivysaur
[02/06/2012 19:49:47] /reload creaturescripts
[02/06/2012 19:55:13] /m ivysaur
[02/06/2012 19:57:16] /reload creaturescript
[02/06/2012 19:57:22] /m ivysaur
[02/06/2012 20:01:32] /m ivysaur
[02/06/2012 20:02:13] /reload talkactions
[02/06/2012 20:03:15] /reload talkactions
[02/06/2012 20:04:03] /reload talkactions
[02/06/2012 20:05:10] /reload talkactions
[02/06/2012 20:05:20] /reload talkactions
[02/06/2012 20:06:34] /m ivysaur
[02/06/2012 20:08:06] /m ivysaur
[02/06/2012 20:12:20] /m ivysaur
[02/06/2012 20:12:26] /m blastoise
[02/06/2012 20:12:45] /i medicine
[02/06/2012 20:13:56] /m venusaur
[02/06/2012 20:14:01] /m chansey
[02/06/2012 20:14:07] /m hitmonlee
[02/06/2012 20:14:15] /m hitmonchan
[02/06/2012 20:14:23] /m magmar
[02/06/2012 20:14:29] /m shiny venusaur
[02/06/2012 20:14:40] /m shiny charizard
[02/06/2012 20:30:52] /m ivysaur
[02/06/2012 20:34:18] /m venusaur
[02/06/2012 20:35:41] /m ivysaur
[02/06/2012 20:36:00] /m ivysaur
[02/06/2012 20:36:08] /m ivysaur
[02/06/2012 20:36:30] /m ivysaur
[02/06/2012 20:36:52] /m venusaur
[02/06/2012 20:38:02] /m venusaur
[02/06/2012 20:38:15] /m charizard
[02/06/2012 20:45:41] /m venusaur
[02/06/2012 20:46:00] /i pizza
[02/06/2012 20:46:21] /m venusaur
[02/06/2012 20:46:33] /m blastoise
[02/06/2012 20:47:57] /m venusaur
[02/06/2012 20:48:56] /m venusaur
[02/06/2012 20:49:16] /m venusaur
[02/06/2012 22:16:31] /m venusaur
[02/06/2012 22:25:05] /m venusaur
[02/06/2012 22:25:16] /m venusaur
[02/06/2012 22:25:22] /m venusaur
[02/06/2012 22:29:27] /m venusaur
[02/06/2012 22:39:19] /m venusaur
[02/06/2012 22:41:03] /m venusaur
[02/06/2012 22:49:07] /m venusuar
[02/06/2012 22:49:11] /m venusaur
[02/06/2012 22:49:26] /m venusaur
[02/06/2012 22:49:35] /m venusaur
[02/06/2012 22:50:02] /m charizard
[02/06/2012 22:50:32] /m venusaur
[02/06/2012 22:51:13] /m charizard
[02/06/2012 22:52:14] /m venusaur
[02/06/2012 22:52:34] /m venusaur
[03/06/2012 11:30:59] /i 12345
[03/06/2012 11:31:47] /n wingeon master
[03/06/2012 11:31:57] /n .wingeon master
[03/06/2012 11:32:37] /m meganium
[03/06/2012 11:34:56] /m meganium
[03/06/2012 11:37:55] /m meganium
[03/06/2012 11:38:21] /m meganium
[03/06/2012 11:38:50] /m meganium
[03/06/2012 11:39:35] /m venusaur
[03/06/2012 11:44:56] /m meganium
[03/06/2012 11:45:44] /m venusaur
[03/06/2012 11:45:58] /m meganium
[03/06/2012 17:51:11] /m venusaur
[03/06/2012 17:51:56] /reload creaturescripts
[03/06/2012 17:52:00] /m venusuar
[03/06/2012 17:52:02] /m venusaur
[03/06/2012 17:52:42] /m golem
[03/06/2012 17:53:00] /m rhydon
[03/06/2012 18:02:33] /m venusaur
[03/06/2012 18:02:59] /reload creaturescript
[03/06/2012 18:04:46] /reload creaturescript
[03/06/2012 18:05:33] /reload creaturescript
[03/06/2012 18:06:26] /reload creaturescript
[03/06/2012 18:30:28] /m venusaur
[03/06/2012 18:31:27] /reload creaturescript
[03/06/2012 18:32:42] /m venusaur
[03/06/2012 18:36:28] /m venusaur
[03/06/2012 18:40:12] /m venusaur
[03/06/2012 18:41:19] /m venusaur
[03/06/2012 18:41:27] /m venusaur
[03/06/2012 18:41:42] /m venusaur
[03/06/2012 18:42:59] /m venusaur
[03/06/2012 18:43:07] /m venusaur
[03/06/2012 18:50:14] /m venusaur
[03/06/2012 18:51:59] /m venusaur
[03/06/2012 18:52:55] /m meganium
[03/06/2012 18:53:13] /m venusaur
[03/06/2012 18:53:31] /m venusaur
[03/06/2012 18:53:54] /m meganium
[03/06/2012 18:54:10] /m meganium
[03/06/2012 18:55:29] /m alakazam
[03/06/2012 18:56:46] /reload monster
[03/06/2012 18:56:55] /m alakazam
[03/06/2012 18:57:47] /m alakazam
[03/06/2012 18:58:00] /m gengar
[03/06/2012 18:58:24] /m pidgeot
[03/06/2012 18:58:35] /m pidgeot
[03/06/2012 18:59:19] /m machamp
[03/06/2012 18:59:58] /m snorlax
[03/06/2012 19:29:57] /m venusaur
[03/06/2012 19:31:09] /m meganium
[03/06/2012 19:35:08] /m meganium
[03/06/2012 19:37:04] /m charmeleon
[03/06/2012 19:44:01] /m bulbasaur
[03/06/2012 19:54:45] /m venusaur
[03/06/2012 19:55:05] /m venusaur
[03/06/2012 19:55:20] /m venusaur
[03/06/2012 19:56:03] /m meganium
[03/06/2012 19:56:39] /reload creaturescripts
[03/06/2012 19:56:49] /m venusaur
[03/06/2012 19:57:25] /m meganium
[03/06/2012 19:58:07] /reload creaturescript
[03/06/2012 19:58:13] /m meganium
[03/06/2012 19:58:26] /m meganium
[07/06/2012 00:51:45] /m charizard
[07/06/2012 10:55:50] /m charizard
[07/06/2012 10:55:51] /m charizard
[07/06/2012 10:55:51] /m charizard
[07/06/2012 10:55:57] /a 3
[07/06/2012 10:55:59] /m charizard
[07/06/2012 10:56:00] /m charizard
[07/06/2012 10:56:04] /m charizard
[19/07/2012 12:00:45] /m charmander
[19/07/2012 12:00:45] /m charmander
[19/07/2012 12:00:46] /m charmander
[19/07/2012 12:00:46] /m charmander
[19/07/2012 12:00:47] /m charmander
[19/07/2012 12:01:54] /m bellsprout
[19/07/2012 12:02:20] /m wartortle
[19/07/2012 12:03:17] /m bulbasaur
[19/07/2012 12:03:18] /m bulbasaur
[19/07/2012 12:03:54] /i medicine
[19/07/2012 12:05:03] /reload creaturescript
[19/07/2012 12:05:20] /m charmander
[20/07/2012 12:49:04] /m dragonite
[21/07/2012 11:49:38] /m charizard
[21/07/2012 11:49:52] /m charizard
[21/07/2012 11:49:53] /m charizard
[21/07/2012 11:50:06] /i revive
[21/07/2012 11:55:27] /m charizard
[21/07/2012 11:55:27] /m charizard
[21/07/2012 12:21:53] /m charizard
[21/07/2012 12:24:00] /m venuasur
[21/07/2012 12:24:06] /m venusaur
[21/07/2012 12:25:06] /m scythr
[21/07/2012 12:25:43] /m scyther
[21/07/2012 12:26:40] /i hyper poton
[21/07/2012 12:26:43] /i hyper potion
[21/07/2012 12:44:50] /m charizard
[21/07/2012 12:44:51] /m charizard
[21/07/2012 12:46:50] /m charizard
[21/07/2012 12:46:51] /m charizard
[21/07/2012 12:56:23] /m scyther
[21/07/2012 12:56:30] /i pizza
[21/07/2012 12:58:07] /reload spells
[21/07/2012 12:59:29] /reload spells
[21/07/2012 12:59:38] /reload spells
[21/07/2012 13:04:57] /m scyther
[21/07/2012 13:06:12] /m scyther
[21/07/2012 13:12:30] /m scyther
[21/07/2012 13:35:53] /reload talkactions
[21/07/2012 13:36:51] /reload talkactions
[21/07/2012 13:37:55] /reload talkactions
[21/07/2012 14:19:00] /reload talkactions
[21/07/2012 14:19:18] /reload talkactions
[21/07/2012 14:19:36] /reload talkactions
[21/07/2012 14:20:24] /reload talkactions
[21/07/2012 14:20:40] /reload talkactions
[21/07/2012 14:22:02] /reload talkactions
[21/07/2012 14:24:30] /reload talkactions
[21/07/2012 14:28:07] /reload talkactions
[21/07/2012 14:39:21] /m wingeon master
[21/07/2012 14:39:26] /n wingeon master
[21/07/2012 14:39:36] /n .wingeon master
[21/07/2012 14:39:58] /m charmeleon
[21/07/2012 14:44:06] /n .wingeon master
[21/07/2012 14:44:16] /m charmeleon
[21/07/2012 14:47:39] /n .wingeon master
[21/07/2012 14:47:50] /m charmeleon
[21/07/2012 14:49:05] /m meganium
[21/07/2012 14:49:31] /m meganium
[21/07/2012 14:49:49] /m typhlosion
[21/07/2012 14:51:55] /n .wingeon master
[21/07/2012 14:52:01] /m meganium
[21/07/2012 14:52:14] /m typhlosion
[21/07/2012 14:53:27] /m meganium
[21/07/2012 14:55:35] /m meganium
[21/07/2012 15:02:00] /n .wingeon master
[21/07/2012 15:12:35] /reload creaturescript
[21/07/2012 15:15:17] /reload creaturescript
[21/07/2012 15:15:21] /reload creaturescript
[21/07/2012 15:15:51] /reload creaturescript
[21/07/2012 15:17:20] /reload creaturescript
[21/07/2012 16:02:25] /m dragonite
[21/07/2012 16:02:44] /m pidgeot
[21/07/2012 16:03:00] /m machamp
[21/07/2012 16:03:24] /m arcanine
[21/07/2012 16:03:39] /m arcanine
[21/07/2012 16:04:08] /m shiny arcanine
[21/07/2012 16:04:27] /m shiiny mewtwo
[21/07/2012 16:04:36] /m shiny mew
[21/07/2012 16:05:56] /m shiny dragonite
[21/07/2012 16:12:50] /m shiny mew
[21/07/2012 16:14:11] /reload monster
[21/07/2012 16:15:16] /m arcanine
[21/07/2012 16:15:49] /reload monster
[21/07/2012 16:16:04] /m shiny arcanine
[21/07/2012 16:16:37] /m mew
[21/07/2012 16:18:25] /m shiny mew
[21/07/2012 16:19:04] /m shiny charizard
[21/07/2012 16:19:35] /m alakazam
[21/07/2012 16:21:25] /m alakazam
[21/07/2012 16:46:22] /i ultra ball
[21/07/2012 16:46:26] /m raticate
[21/07/2012 16:46:27] /m raticate
[21/07/2012 16:46:27] /m raticate
[21/07/2012 16:46:29] /m raticate
[21/07/2012 16:46:30] /m raticate
[21/07/2012 17:08:08] /m raticate
[21/07/2012 17:08:09] /m raticate
[21/07/2012 17:08:09] /m raticate
[21/07/2012 17:08:29] /m ratatta
[21/07/2012 17:08:33] /m rattata
[21/07/2012 17:08:33] /m rattata
[21/07/2012 17:08:34] /m rattata
[21/07/2012 17:08:34] /m rattata
[21/07/2012 17:08:35] /m rattata
[21/07/2012 17:10:39] /m rattata
[21/07/2012 17:10:40] /m rattata
[21/07/2012 17:10:40] /m rattata
[21/07/2012 17:11:35] /i heart stone
[21/07/2012 17:12:38] /m bulbsaur
[21/07/2012 17:12:46] /m bulbasaur
[21/07/2012 17:12:47] /m bulbasaur
[21/07/2012 17:12:48] /m bulbasaur
[21/07/2012 17:13:06] /m bulbasaur
[21/07/2012 17:13:06] /m bulbasaur
[21/07/2012 17:13:07] /m bulbasaur
[21/07/2012 17:13:08] /m bulbasaur
[21/07/2012 17:13:46] /m bulbasaur
[21/07/2012 17:13:47] /m bulbasaur
[21/07/2012 17:13:48] /m bulbasaur
[21/07/2012 17:13:48] /m bulbasaur
[21/07/2012 17:13:58] /i medicine
[21/07/2012 17:14:21] /m bulbsaur
[21/07/2012 17:14:21] /m bulbsaur
[21/07/2012 17:14:26] /m bulbasaur
[21/07/2012 17:14:27] /m bulbasaur
[21/07/2012 17:14:27] /m bulbasaur
[21/07/2012 17:14:28] /m bulbasaur
[21/07/2012 17:14:28] /m bulbasaur
[21/07/2012 17:14:29] /m bulbasaur
[21/07/2012 17:14:30] /m bulbasaur
[21/07/2012 17:14:58] /m bulbasaur
[21/07/2012 17:14:59] /m bulbasaur
[21/07/2012 17:14:59] /m bulbasaur
[21/07/2012 17:15:00] /m bulbasaur
[21/07/2012 17:15:01] /m bulbasaur
[21/07/2012 17:15:02] /m bulbasaur
[21/07/2012 17:15:02] /m bulbasaur
[21/07/2012 17:23:39] /m bulbasaur
[21/07/2012 17:23:39] /m bulbasaur
[21/07/2012 17:23:40] /m bulbasaur
[21/07/2012 17:23:40] /m bulbasaur
[21/07/2012 17:23:40] /m bulbasaur
[21/07/2012 17:23:41] /m bulbasaur
[21/07/2012 17:23:41] /m bulbasaur
[21/07/2012 17:23:41] /m bulbasaur
[21/07/2012 17:23:42] /m bulbasaur
[21/07/2012 17:23:42] /m bulbasaur
[21/07/2012 17:23:42] /m bulbasaur
[21/07/2012 17:23:43] /m bulbasaur
[21/07/2012 17:24:44] /m bulbasaur
[21/07/2012 17:24:45] /m bulbasaur
[21/07/2012 17:24:45] /m bulbasaur
[21/07/2012 17:24:46] /m bulbasaur
[21/07/2012 17:24:46] /m bulbasaur
[21/07/2012 17:24:46] /m bulbasaur
[21/07/2012 17:24:47] /m bulbasaur
[21/07/2012 17:24:47] /m bulbasaur
[21/07/2012 17:24:47] /m bulbasaur
[21/07/2012 17:24:47] /m bulbasaur
[21/07/2012 17:24:48] /m bulbasaur
[21/07/2012 17:25:14] /m bulbasaur
[21/07/2012 17:25:14] /m bulbasaur
[21/07/2012 17:25:15] /m bulbasaur
[21/07/2012 17:25:15] /m bulbasaur
[21/07/2012 17:25:15] /m bulbasaur
[21/07/2012 17:25:16] /m bulbasaur
[21/07/2012 17:25:16] /m bulbasaur
[21/07/2012 17:25:16] /m bulbasaur
[21/07/2012 17:25:17] /m bulbasaur
[21/07/2012 17:25:17] /m bulbasaur
[21/07/2012 17:25:39] /m bulbasaur
[21/07/2012 17:25:40] /m bulbasaur
[21/07/2012 17:25:40] /m bulbasaur
[21/07/2012 17:25:40] /m bulbasaur
[21/07/2012 17:25:41] /m bulbasaur
[21/07/2012 17:25:41] /m bulbasaur
[21/07/2012 17:25:42] /m bulbasaur
[21/07/2012 17:25:42] /m bulbasaur
[21/07/2012 17:25:42] /m bulbasaur
[21/07/2012 17:26:49] /i 11989
[21/07/2012 17:27:00] /i 11990
[21/07/2012 17:30:19] /i leaf stone
[21/07/2012 17:30:22] /i venom stone
[21/07/2012 17:30:34] /i leaf stone
[21/07/2012 17:30:41] /i leaf stone
[21/07/2012 17:40:04] /m bulbasaur
[21/07/2012 17:40:17] /m ivysaur
[21/07/2012 17:40:32] /m venusaur
[21/07/2012 17:41:28] /m charmander
[21/07/2012 17:41:39] /m charmeleon
[21/07/2012 17:42:25] /m charizard
[21/07/2012 17:47:43] /m bulbasaur
[21/07/2012 17:47:54] /m bulbasaur
[21/07/2012 17:48:07] /m ivysayr
[21/07/2012 17:48:09] /m ivysaur
[21/07/2012 17:48:23] /m venusaur
[21/07/2012 18:20:56] /m bulbasaur
[21/07/2012 18:21:27] /reload monster
[21/07/2012 18:21:30] /m bulbasaur
[21/07/2012 18:22:07] /m metapod
[21/07/2012 18:23:16] /m machamp
[21/07/2012 18:23:44] /m machoke
[21/07/2012 18:24:55] /reload monster
[21/07/2012 18:25:01] /m machoke
[21/07/2012 18:25:49] /m machop
[21/07/2012 18:28:37] /m arcanine
[21/07/2012 18:31:32] /m snorlax
[21/07/2012 18:31:56] /m snorlax
[21/07/2012 18:44:54] /m charmander
[21/07/2012 18:45:34] /m charmander
[21/07/2012 18:47:40] /reload talkactions
[21/07/2012 18:48:07] /reload talkactions
[21/07/2012 18:51:01] /m charmander
[21/07/2012 18:51:21] /m charmander
[21/07/2012 19:10:46] /m charmander
[21/07/2012 19:12:51] /m charmander
[21/07/2012 20:12:40] /m rattata
[21/07/2012 20:13:13] /m arcanine
[21/07/2012 20:13:35] /m caterpie
[21/07/2012 20:14:04] /m blastoise
[21/07/2012 20:15:06] /m charmeleon
[21/07/2012 20:15:34] /m wartortle
[21/07/2012 20:16:02] /m charmeleon
[21/07/2012 20:17:06] /m rattata
[21/07/2012 20:24:40] /reload talkactions
[21/07/2012 20:25:20] /reload talkactions
[21/07/2012 20:58:33] /reload talkactions
[21/07/2012 20:59:05] /reload talkactions
[21/07/2012 20:59:40] /reload talkactions
[22/07/2012 13:14:30] /reload talkactions
[22/07/2012 13:21:50] /m bulbasaur
[22/07/2012 14:00:42] /reload talkactions
[22/07/2012 14:01:13] /reload talkactions
[22/07/2012 14:01:29] /reload talkactions
[22/07/2012 14:01:44] /reload talkactions
[22/07/2012 15:17:11] /i revive
[22/07/2012 15:32:09] /m charmander
[22/07/2012 17:00:11] /m blastoise
[22/07/2012 17:00:34] /n nick
[22/07/2012 17:00:49] /n aChangeNick
[22/07/2012 17:01:23] /m blastoise
[22/07/2012 17:01:39] /reload talkactions
[22/07/2012 20:23:56] /m charmeleon
[22/07/2012 20:25:36] /i revive
[22/07/2012 20:26:06] /m charmeleon
[22/07/2012 20:26:38] /m charmeleon
[22/07/2012 20:36:53] /m charmander
[22/07/2012 20:37:12] /m charizard
[23/07/2012 18:01:10] /m dragonite
[23/07/2012 18:01:29] /m venusaur
[23/07/2012 18:03:44] /i hyper potion
[23/07/2012 18:04:01] /m venusaur
[23/07/2012 18:04:17] /i medicine
[23/07/2012 18:04:22] /m charizard
[23/07/2012 18:15:03] /i pizza
[23/07/2012 18:15:41] /m venusaur
[23/07/2012 18:17:27] /m dratini
[23/07/2012 18:26:49] /m poliwhril
[23/07/2012 18:26:55] /m poliwhirl
[23/07/2012 18:30:22] /m dratini
[23/07/2012 18:30:51] /m bulbasaur
[23/07/2012 18:32:43] /m bulbasaur
[23/07/2012 18:35:38] /m bulbasaur
[23/07/2012 18:36:44] /m bulbasaur
[23/07/2012 18:38:26] /m bulbasaur
[23/07/2012 18:44:27] /m charmander
[23/07/2012 18:46:07] /m charmander
[23/07/2012 18:46:39] /m dragonite
[23/07/2012 18:47:38] /n aChangeName
[23/07/2012 18:47:41] /n aChangeNome
[23/07/2012 18:47:43] /n aChangeNick
[23/07/2012 18:48:29] /i 2160
[23/07/2012 18:51:06] /m venusaur
[23/07/2012 18:58:11] /reload talkactions
[23/07/2012 19:03:18] /reload creaturescripts
[23/07/2012 19:06:22] /m bulbasaur
[23/07/2012 19:13:30] /reload monster
[23/07/2012 19:13:44] /m venusaur
[23/07/2012 19:13:53] /m shiny venusaur
[23/07/2012 19:14:36] /m shiny alakazam
[23/07/2012 19:14:51] /m shiny alakazam
[23/07/2012 19:14:57] /m alakazam
[23/07/2012 22:55:00] /n chothes
[23/07/2012 22:55:08] /n clothes
[23/07/2012 22:55:23] /n aClothes
[23/07/2012 22:57:59] /reload npc
[23/07/2012 22:58:03] /n .wingeon master
[23/07/2012 22:58:45] /n .wingeon master
[23/07/2012 23:02:13] /reload npc
[23/07/2012 23:02:36] /reload npc
[23/07/2012 23:07:39] /reload npc
[23/07/2012 23:08:53] /reload talkactions
[23/07/2012 23:08:55] /reload npc
[23/07/2012 23:12:11] /reload talkactions
[23/07/2012 23:12:40] /reload talkactions
[23/07/2012 23:25:46] /reload npc
[23/07/2012 23:27:00] /reload npc
[23/07/2012 23:27:22] /reload npc
[23/07/2012 23:29:09] /reload npc
[23/07/2012 23:30:45] /reload npc
[23/07/2012 23:30:47] /reload npc
[23/07/2012 23:31:53] /reload npc
[23/07/2012 23:32:51] /reload npc
[23/07/2012 23:36:36] /m venusaur
[23/07/2012 23:36:57] /m meganium
[23/07/2012 23:37:11] /m dragonite
[23/07/2012 23:43:34] /m shiny nidoran male
[23/07/2012 23:45:34] /m shiny nidoran female
[23/07/2012 23:47:22] /m shiny mr.mime
[23/07/2012 23:47:25] /m shiny mr. mime
[23/07/2012 23:49:30] /m shiny nidoran male
[23/07/2012 23:49:46] /m shiny nidoran female
[23/07/2012 23:49:51] /m shiny mr. mime
[23/07/2012 23:51:22] /reload talkactions
[23/07/2012 23:52:21] /m shiny nidoran male
[23/07/2012 23:52:27] /m shiny nidoran female
[23/07/2012 23:52:32] /m shiny mr. mime
[24/07/2012 00:10:38] /reload npc
[24/07/2012 00:11:02] /n .Psycraft Master
[24/07/2012 00:12:43] /reload npc
[24/07/2012 00:12:49] /n .psycraft master
[24/07/2012 00:14:53] /newtype 1161
[24/07/2012 00:15:23] /reload talkactions
[24/07/2012 00:15:27] /newtype 1161
[24/07/2012 00:15:46] /newtype 1153
[24/07/2012 00:15:51] /newtype 1149
[24/07/2012 00:15:54] /newtype 1150
[24/07/2012 00:15:55] /newtype 1150
[24/07/2012 00:15:57] /newtype 1151
[24/07/2012 00:15:59] /newtype 1152
[24/07/2012 00:16:01] /newtype 1153
[24/07/2012 00:16:03] /newtype 1154
[24/07/2012 00:16:04] /newtype 1155
[24/07/2012 00:16:06] /newtype 1156
[24/07/2012 00:16:07] /newtype 1157
[24/07/2012 00:16:09] /newtype 1158
[24/07/2012 00:16:11] /newtype 1159
[24/07/2012 00:16:13] /newtype 1160
[24/07/2012 00:16:14] /newtype 1161
[24/07/2012 00:16:17] /newtype 1162
[24/07/2012 00:16:18] /newtype 1163
[24/07/2012 00:16:20] /newtype 1164
[24/07/2012 00:16:21] /newtype 1165
[24/07/2012 00:16:23] /newtype 1166
[24/07/2012 00:16:25] /newtype 1167
[24/07/2012 00:16:26] /newtype 1168
[24/07/2012 00:16:28] /newtype 1169
[24/07/2012 00:16:31] /newtype 1170
[24/07/2012 00:16:32] /newtype 1171
[24/07/2012 00:16:34] /newtype 1172
[24/07/2012 00:16:36] /newtype 1173
[24/07/2012 00:16:38] /newtype 1174
[24/07/2012 00:16:39] /newtype 1175
[24/07/2012 00:16:40] /newtype 1176
[24/07/2012 00:16:42] /newtype 1177
[24/07/2012 00:16:44] /newtype 1178
[24/07/2012 00:16:45] /newtype 1179
[24/07/2012 00:16:48] /newtype 1180
[24/07/2012 00:16:49] /newtype 1181
[24/07/2012 00:16:50] /newtype 1182
[24/07/2012 00:16:52] /newtype 1183
[24/07/2012 00:16:57] /newtype 1184
[24/07/2012 00:16:59] /newtype 1185
[24/07/2012 00:17:01] /newtype 1186
[24/07/2012 00:17:03] /newtype 1187
[24/07/2012 00:17:04] /newtype 1188
[24/07/2012 00:17:07] /newtype 1189
[24/07/2012 00:17:09] /newtype 1190
[24/07/2012 00:17:11] /newtype 1191
[24/07/2012 00:17:12] /newtype 1192
[24/07/2012 00:17:15] /newtype 1193
[24/07/2012 00:17:16] /newtype 1194
[24/07/2012 00:17:17] /newtype 1195
[24/07/2012 00:17:19] /newtype 1196
[24/07/2012 00:46:39] /newtype 1426
[24/07/2012 00:46:52] /newtype 1015
[24/07/2012 00:47:00] /newtype 1016
[24/07/2012 00:47:09] /newtype 1035
[24/07/2012 00:47:14] /newtype 1036
[24/07/2012 00:47:17] /newtype 1034
[24/07/2012 00:47:28] /newtype 1408
[24/07/2012 00:47:31] /newtype 1409
[24/07/2012 00:47:33] /newtype 1407
[24/07/2012 00:47:47] /newtype 1441
[24/07/2012 00:48:00] /newtype 1442
[24/07/2012 00:48:03] /newtype 1443
[24/07/2012 00:48:07] /newtype 1444
[24/07/2012 01:29:03] /newtype 1437
[24/07/2012 01:29:06] /newtype 1421
[24/07/2012 01:29:11] /newtype 1437
[24/07/2012 01:29:19] /newtype 1438
[24/07/2012 01:29:24] /newtype 1422
[24/07/2012 01:29:34] /newtype 1434
[24/07/2012 01:29:39] /newtype 1423
[24/07/2012 01:29:45] /newtype 1430
[24/07/2012 01:29:50] /newtype 1428
[24/07/2012 01:29:58] /newtype 1432
[24/07/2012 01:30:04] /newtype 1425
[24/07/2012 01:30:09] /newtype 1433
[24/07/2012 01:30:14] /newtype 1424
[24/07/2012 01:30:19] /newtype 1436
[24/07/2012 01:30:23] /newtype 1427
[24/07/2012 01:30:32] /newtype 1431
[24/07/2012 01:30:38] /newtype 1429
[24/07/2012 01:30:42] /newtype 1435
[24/07/2012 01:30:47] /newtype 1426
[24/07/2012 01:30:56] /newtype 1016
[24/07/2012 01:31:02] /newtype 1015
[24/07/2012 01:31:11] /newtype 1442
[24/07/2012 01:32:58] /reload talkactions
[24/07/2012 01:33:44] /reload talkactions
[24/07/2012 01:34:25] /reload talkactions
[24/07/2012 01:36:27] /m scyther
[24/07/2012 01:45:30] /n .wingeon master
[24/07/2012 01:46:07] /n .malefic master
[24/07/2012 01:46:14] /n .naturia master
[24/07/2012 01:46:19] /n .raibolt master
[24/07/2012 01:46:27] /n .volcanic master
[24/07/2012 01:46:40] /n .gardestrike master
[24/07/2012 01:46:52] /n .psycraft master
[24/07/2012 01:47:16] /n .orebound master
[24/07/2012 01:47:27] /n .seavel master
[24/07/2012 10:46:22] /reload talkactions
[24/07/2012 10:48:07] /reload talkactions
[24/07/2012 10:48:36] /reload talkactions
[24/07/2012 11:22:18] /reload talkactions
[24/07/2012 11:23:25] /reload talkactions
[24/07/2012 11:25:09] /reload talkactions
[24/07/2012 11:26:04] /reload talkactions
[24/07/2012 11:26:25] /reload talkactions
[24/07/2012 11:28:20] /reload talkactions
[24/07/2012 11:30:24] /reload talkactions
[24/07/2012 11:32:02] /reload talkactions
[24/07/2012 11:34:17] /reload npc
[24/07/2012 11:34:21] /n .wingeon master
[24/07/2012 11:35:02] /n .volcanic master
[24/07/2012 11:35:07] /n .malefic master
[24/07/2012 11:37:06] /n .raibolt master
[24/07/2012 12:18:13] /reload talkactions
[24/07/2012 12:18:38] /reload talkactions
[24/07/2012 12:19:34] /reload talkactions
[24/07/2012 12:36:39] /reload talkactions
[24/07/2012 13:16:39] /m caterpie
[24/07/2012 13:17:09] /m charmander
[24/07/2012 14:09:35] /n aChangeNick
[24/07/2012 14:10:18] /m dragonair
[24/07/2012 14:10:57] /m dragonite
[24/07/2012 14:34:04] /m charmander
[24/07/2012 14:41:18] /m snorlax
[24/07/2012 14:44:58] /m snorlax
[24/07/2012 14:54:41] /m snorlax
[24/07/2012 14:54:57] /m snorlax
[24/07/2012 14:55:06] /m snorlax
[24/07/2012 14:55:39] /m snorlax
[24/07/2012 14:57:33] /m shiny rhydon
[24/07/2012 14:58:48] /reload creaturescript
[24/07/2012 14:58:58] /m shiny rhydon
[24/07/2012 14:59:11] /m venusaur
[24/07/2012 15:14:09] /m dragonite
[24/07/2012 15:14:24] /m dragonite
[24/07/2012 15:14:40] /m venusaur
[24/07/2012 15:14:53] /m venusaur
[24/07/2012 15:15:03] /m meganium
[24/07/2012 15:15:25] /m venusaur
[24/07/2012 15:15:41] /m meganium
[24/07/2012 15:16:06] /m rattata
[24/07/2012 15:16:20] /m meganium
[24/07/2012 15:16:45] /m venusaur
[24/07/2012 15:17:27] /m charizard
[24/07/2012 15:17:43] /m typhlosion
[24/07/2012 15:18:04] /m charizard
[24/07/2012 15:18:17] /m blastoise
[24/07/2012 15:19:35] /m rattata
[24/07/2012 15:24:30] /reload creaturescript
[24/07/2012 15:24:34] /m rattata
[24/07/2012 15:24:43] /m venusaur
[24/07/2012 17:03:09] /i venom stone
[24/07/2012 17:03:12] /i leaf stone
[24/07/2012 17:10:27] /reload actions
[24/07/2012 17:10:45] /i venom stone
[24/07/2012 17:10:48] /i leaf stone
[24/07/2012 17:11:16] /i fire stone
[24/07/2012 17:11:20] /i fire stone
[24/07/2012 17:18:42] /reload creaturescripts
[24/07/2012 21:27:40] /m machoke
[24/07/2012 21:28:24] /m machamp
[11/02/2013 12:44:39] /t
[11/02/2013 12:47:54] /n stone seller
[11/02/2013 12:48:35] /n Shiny magnetom
[11/02/2013 12:48:37] /n Shiny magneton
[11/02/2013 12:50:15] /m magnetomn
[11/02/2013 12:50:18] /m magneton
[11/02/2013 12:50:27] /m lapras
[11/02/2013 12:51:18] /i fire stone
[11/02/2013 12:51:19] /i fire stone
[11/02/2013 12:53:50] /i fire stone
[11/02/2013 12:53:51] /i fire stone
[11/02/2013 12:55:02] /i fire stone
[11/02/2013 12:56:21] /m articuno
[11/02/2013 13:28:47] /town 2
[11/02/2013 13:28:48] /town 1
[11/02/2013 13:28:49] /town 3
[11/02/2013 13:28:50] /town 4
[11/02/2013 13:28:52] /town 5
[11/02/2013 13:28:53] /town 6
[11/02/2013 13:28:55] /town 7
[11/02/2013 13:28:56] /town 8
[11/02/2013 13:28:58] /town 9
[11/02/2013 13:29:40] /a
[11/02/2013 13:29:41] /a
[11/02/2013 13:29:44] /a
[11/02/2013 13:29:46] /a 2
[11/02/2013 13:29:54] /n tracey
[11/02/2013 13:30:14] /r
[11/02/2013 13:30:18] /n tracey
[11/02/2013 13:31:45] /r
[11/02/2013 13:31:48] /goto tracey
[11/02/2013 13:32:33] /t
[11/02/2013 13:39:24] /t
[11/02/2013 13:39:50] /m moltres
[11/02/2013 13:40:10] /i master ball
[15/02/2013 19:38:02] /newtype 1441
[15/02/2013 19:40:14] /newtype 1426
[15/02/2013 19:41:43] /m tyranitar
[15/02/2013 19:42:27] /m steelix
[15/02/2013 19:43:38] /m steelix
[15/02/2013 19:43:57] /m shiny golem
[15/02/2013 19:44:19] /m shiny venusaur
[15/02/2013 19:44:33] /m shiny meganium
[15/02/2013 19:44:43] /m shiny victribell
[15/02/2013 19:45:33] /m moltres
[16/02/2013 12:11:48] /i fire stone
[16/02/2013 12:12:54] /t
[16/02/2013 12:12:56] /town 1
[16/02/2013 12:12:57] /town 2
[16/02/2013 12:12:59] /town 3
[16/02/2013 12:13:01] /town 4
[16/02/2013 12:13:04] /town 5
[16/02/2013 12:18:53] /a 5
[16/02/2013 12:18:59] /a 5
[16/02/2013 12:18:59] /goto tracey
[16/02/2013 12:19:37] /a 30
[16/02/2013 12:19:39] /a 30
[16/02/2013 12:19:39] /a 30
[16/02/2013 12:19:40] /a 30
[16/02/2013 12:21:21] /town 6
[16/02/2013 12:21:26] /town 5
[16/02/2013 12:21:30] /a
[16/02/2013 12:21:30] /a
[16/02/2013 12:21:31] /down
[16/02/2013 12:21:33] /a
[16/02/2013 12:21:33] /a
[16/02/2013 12:21:33] /a
[16/02/2013 12:27:05] /t
[16/02/2013 12:27:14] /a
[16/02/2013 12:28:19] /i 2160
[16/02/2013 12:28:55] /clean
[16/02/2013 12:29:31] /r
[16/02/2013 12:29:32] /r
[16/02/2013 12:29:42] /t
[16/02/2013 12:30:36] /m golem
[16/02/2013 12:30:57] /a
[16/02/2013 12:31:45] /i small stone
[16/02/2013 12:31:50] /i bone
[16/02/2013 12:31:50] /i sandbag
[16/02/2013 12:32:10] /i bone
[16/02/2013 12:32:11] /i bone
[16/02/2013 12:32:11] /i bone
[16/02/2013 12:32:12] /i bone
[16/02/2013 12:32:25] /t
[16/02/2013 12:32:30] /m cubone
[16/02/2013 12:32:30] /m cubone
[16/02/2013 12:32:30] /m cubone
[16/02/2013 12:32:31] /m cubone
[16/02/2013 12:32:31] /m cubone
[16/02/2013 12:32:31] /m cubone
[16/02/2013 12:32:37] /m cubone
[16/02/2013 12:32:40] /m cubone
[16/02/2013 12:32:41] /m cubone
[16/02/2013 12:32:42] /m cubone
[16/02/2013 12:32:42] /m cubone
[16/02/2013 12:32:42] /m cubone
[16/02/2013 12:32:43] /m cubone
[16/02/2013 12:32:43] /m cubone
[16/02/2013 12:33:32] /i 12208
[16/02/2013 12:33:39] /i bone
[16/02/2013 12:33:48] /goto sand trainer
[16/02/2013 12:34:15] /t
[16/02/2013 12:34:21] /m marowak
[16/02/2013 12:34:21] /m marowak
[16/02/2013 12:34:22] /m marowak
[16/02/2013 12:34:22] /m marowak
[16/02/2013 12:34:22] /m marowak
[16/02/2013 12:34:23] /m marowak
[16/02/2013 12:34:23] /m marowak
[16/02/2013 12:34:46] /m marowak
[16/02/2013 12:34:47] /m marowak
[16/02/2013 12:34:47] /m marowak
[16/02/2013 12:34:47] /m marowak
[16/02/2013 12:34:48] /m marowak
[16/02/2013 12:34:48] /m marowak
[16/02/2013 12:34:48] /m marowak
[16/02/2013 12:34:49] /m marowak
[16/02/2013 12:34:49] /m marowak
[16/02/2013 12:34:49] /m marowak
[16/02/2013 12:34:50] /m marowak
[16/02/2013 12:34:51] /m marowak
[16/02/2013 12:34:51] /m marowak
[16/02/2013 12:34:51] /m marowak
[16/02/2013 12:34:52] /m marowak
[16/02/2013 12:34:52] /m marowak
[16/02/2013 12:34:52] /m marowak
[16/02/2013 12:34:53] /m marowak
[16/02/2013 12:35:25] /m marowak
[16/02/2013 12:35:25] /m marowak
[16/02/2013 12:35:25] /m marowak
[16/02/2013 12:35:26] /m marowak
[16/02/2013 12:35:26] /m marowak
[16/02/2013 12:35:26] /m marowak
[16/02/2013 12:35:27] /m marowak
[16/02/2013 12:35:28] /m marowak
[16/02/2013 12:35:29] /m marowak
[16/02/2013 12:35:29] /m marowak
[16/02/2013 12:35:30] /m marowak
[16/02/2013 12:35:30] /m marowak
[16/02/2013 12:35:30] /m marowak
[16/02/2013 12:35:31] /m marowak
[16/02/2013 12:35:31] /m marowak
[16/02/2013 12:36:14] /i fainted marowak
[16/02/2013 12:36:15] /i fainted marowak
[16/02/2013 12:36:15] /i fainted marowak
[16/02/2013 12:36:15] /i fainted marowak
[16/02/2013 12:36:20] /i fainted marowak
[16/02/2013 12:36:47] /m marowak
[16/02/2013 12:36:47] /m marowak
[16/02/2013 12:36:47] /m marowak
[16/02/2013 12:36:48] /m marowak
[16/02/2013 12:36:48] /m marowak
[16/02/2013 12:36:48] /m marowak
[16/02/2013 12:36:50] /m marowak
[16/02/2013 12:36:50] /m marowak
[16/02/2013 12:36:51] /m marowak
[16/02/2013 12:36:51] /m marowak
[16/02/2013 12:36:52] /m marowak
[16/02/2013 12:36:53] /m marowak
[16/02/2013 12:36:53] /m marowak
[16/02/2013 12:36:53] /m marowak
[16/02/2013 12:37:14] /r all
[16/02/2013 12:37:32] /i ultra ball
[16/02/2013 12:37:52] /goto sand trainer
[16/02/2013 12:38:11] /t
[16/02/2013 12:38:24] /m magnetom
[16/02/2013 12:38:26] /m magneton
[16/02/2013 12:38:27] /m magneton
[16/02/2013 12:38:27] /m magneton
[16/02/2013 12:38:28] /m magneton
[16/02/2013 12:38:28] /m magneton
[16/02/2013 12:38:28] /m magneton
[16/02/2013 12:38:29] /m magneton
[16/02/2013 12:38:29] /m magneton
[16/02/2013 12:38:29] /m magneton
[16/02/2013 12:38:30] /m magneton
[16/02/2013 12:38:30] /m magneton
[16/02/2013 12:38:30] /m magneton
[16/02/2013 12:38:31] /m magneton
[16/02/2013 12:38:31] /m magneton
[16/02/2013 12:38:32] /m magneton
[16/02/2013 12:38:32] /m magneton
[16/02/2013 12:38:34] /m magneton
[16/02/2013 12:38:35] /m magneton
[16/02/2013 12:38:35] /m magneton
[16/02/2013 12:38:36] /m magneton
[16/02/2013 12:38:36] /m magneton
[16/02/2013 12:38:36] /m magneton
[16/02/2013 12:39:08] /m charmeleon
[16/02/2013 12:39:08] /m charmeleon
[16/02/2013 12:39:09] /m charmeleon
[16/02/2013 12:39:09] /m charmeleon
[16/02/2013 12:39:09] /m charmeleon
[16/02/2013 12:39:10] /m charmeleon
[16/02/2013 12:39:10] /m charmeleon
[16/02/2013 12:39:10] /m charmeleon
[16/02/2013 12:39:12] /m charmeleon
[16/02/2013 12:39:12] /m charmeleon
[16/02/2013 12:39:13] /m charmeleon
[16/02/2013 12:39:13] /m charmeleon
[16/02/2013 12:39:14] /m charmeleon
[16/02/2013 12:39:14] /m charmeleon
[16/02/2013 12:39:14] /m charmeleon
[16/02/2013 12:39:15] /m charmeleon
[16/02/2013 12:39:15] /m charmeleon
[16/02/2013 12:39:16] /m charmeleon
[16/02/2013 12:39:16] /m charmeleon
[16/02/2013 12:39:17] /m charmeleon
[16/02/2013 12:39:17] /m charmeleon
[16/02/2013 12:39:17] /m charmeleon
[16/02/2013 12:39:18] /m charmeleon
[16/02/2013 12:39:19] /m charmeleon
[16/02/2013 12:39:19] /m charmeleon
[16/02/2013 12:39:23] /m charmeleon
[16/02/2013 12:39:23] /m charmeleon
[16/02/2013 12:39:24] /m charmeleon
[16/02/2013 12:39:24] /m charmeleon
[16/02/2013 12:39:24] /m charmeleon
[16/02/2013 12:39:36] /m charmeleon
[16/02/2013 12:39:36] /m charmeleon
[16/02/2013 12:39:36] /m charmeleon
[16/02/2013 12:39:37] /m charmeleon
[16/02/2013 12:39:37] /m charmeleon
[16/02/2013 12:39:38] /m magnetom
[16/02/2013 12:39:41] /m magneton
[16/02/2013 12:39:41] /m magneton
[16/02/2013 12:39:42] /m magneton
[16/02/2013 12:39:42] /m magneton
[16/02/2013 12:39:42] /m magneton
[16/02/2013 12:39:42] /m magneton
[16/02/2013 12:39:43] /m magneton
[16/02/2013 12:39:43] /m magneton
[16/02/2013 12:39:43] /m magneton
[16/02/2013 12:39:44] /m magneton
[16/02/2013 12:39:44] /m magneton
[16/02/2013 12:40:17] /m graveler
[16/02/2013 12:40:17] /m graveler
[16/02/2013 12:40:18] /m graveler
[16/02/2013 12:40:18] /m graveler
[16/02/2013 12:40:18] /m graveler
[16/02/2013 12:40:19] /m graveler
[16/02/2013 12:40:19] /m graveler
[16/02/2013 12:40:19] /m graveler
[16/02/2013 12:40:20] /m graveler
[16/02/2013 12:40:20] /m graveler
[16/02/2013 12:40:21] /m graveler
[16/02/2013 12:40:21] /m graveler
[16/02/2013 12:40:22] /m graveler
[16/02/2013 12:40:22] /m graveler
[16/02/2013 12:40:22] /m graveler
[16/02/2013 12:40:23] /m graveler
[16/02/2013 12:40:23] /m graveler
[16/02/2013 12:40:23] /m graveler
[16/02/2013 12:40:24] /m graveler
[16/02/2013 12:40:24] /m graveler
[16/02/2013 12:40:24] /m graveler
[16/02/2013 12:40:25] /m graveler
[16/02/2013 12:40:25] /m graveler
[16/02/2013 12:40:25] /m graveler
[16/02/2013 12:40:26] /m graveler
[16/02/2013 12:40:26] /m graveler
[16/02/2013 12:40:26] /m graveler
[16/02/2013 12:40:28] /m graveler
[16/02/2013 12:40:28] /m graveler
[16/02/2013 12:40:29] /m graveler
[16/02/2013 12:40:29] /m graveler
[16/02/2013 12:40:30] /m graveler
[16/02/2013 12:40:30] /m graveler
[16/02/2013 12:40:30] /m graveler
[16/02/2013 12:40:31] /m graveler
[16/02/2013 12:40:31] /m graveler
[16/02/2013 12:40:32] /m graveler
[16/02/2013 12:40:32] /m graveler
[16/02/2013 12:40:33] /m graveler
[16/02/2013 12:40:33] /m graveler
[16/02/2013 12:40:33] /m graveler
[16/02/2013 12:40:34] /m graveler
[16/02/2013 12:40:34] /m graveler
[16/02/2013 12:40:35] /m graveler
[16/02/2013 12:40:35] /m graveler
[16/02/2013 12:40:36] /m graveler
[16/02/2013 12:40:53] /m graveler
[16/02/2013 12:40:53] /m graveler
[16/02/2013 12:40:53] /m graveler
[16/02/2013 12:40:54] /m graveler
[16/02/2013 12:40:54] /m graveler
[16/02/2013 12:40:54] /m graveler
[16/02/2013 12:40:55] /m graveler
[16/02/2013 12:40:56] /m graveler
[16/02/2013 12:40:56] /m graveler
[16/02/2013 12:40:56] /m graveler
[16/02/2013 12:40:57] /m graveler
[16/02/2013 12:40:57] /m graveler
[16/02/2013 12:40:57] /m graveler
[16/02/2013 12:40:58] /m graveler
[16/02/2013 12:40:58] /m graveler
[16/02/2013 12:40:58] /m graveler
[16/02/2013 12:40:59] /m graveler
[16/02/2013 12:40:59] /m graveler
[16/02/2013 12:40:59] /m graveler
[16/02/2013 12:41:00] /m graveler
[16/02/2013 12:41:18] /goto sand trainer
[16/02/2013 12:45:53] /t
[16/02/2013 12:45:55] /town 9
[16/02/2013 12:45:57] /town 10
[16/02/2013 12:45:58] /town 11
[16/02/2013 12:46:00] /town 12
[16/02/2013 12:46:02] /town 13
[16/02/2013 12:46:03] /town 14
[16/02/2013 12:46:47] /up
[16/02/2013 12:46:49] /up
[16/02/2013 12:46:51] /up
[16/02/2013 12:46:56] /up 2
[16/02/2013 12:46:59] /up 3
[16/02/2013 12:47:01] /up 4
[16/02/2013 12:47:04] /down
[16/02/2013 12:47:07] /up
[16/02/2013 12:47:18] /town 14
[16/02/2013 12:47:39] /up 6
[16/02/2013 12:47:41] /up 7
[16/02/2013 12:47:42] /up 8
[16/02/2013 12:47:47] /up 9
[16/02/2013 12:49:50] /m aerodactyl, 50
[16/02/2013 12:49:54] /r
[16/02/2013 12:50:36] /r
[16/02/2013 12:50:49] /r
[17/02/2013 18:41:12] /t
[17/02/2013 18:41:22] /goto tracey
[17/02/2013 18:42:00] /a 50
[17/02/2013 18:42:10] /a 50
[17/02/2013 18:42:12] /a 50
[17/02/2013 18:42:16] /a 20
[17/02/2013 18:42:17] /a 20
[17/02/2013 18:42:18] /a 20
[17/02/2013 18:42:19] /a 20
[17/02/2013 18:44:47] /addskill [GOD]Ticho,lvl,50
[17/02/2013 18:45:12] /m mewtwo
[17/02/2013 18:45:56] /m lugia
[17/02/2013 18:46:01] /r
[17/02/2013 18:46:26] /m milotic
[17/02/2013 18:46:31] /m articuno
[17/02/2013 18:46:39] /r
[17/02/2013 18:47:03] /t
[17/02/2013 18:49:33] /clean
[17/02/2013 20:01:41] /town 5
[17/02/2013 20:01:42] /town 4
[17/02/2013 20:01:44] /town 3
[17/02/2013 20:02:04] /town 3
[17/02/2013 20:16:37] /town 3
[17/02/2013 20:17:01] /goto tracey
[17/02/2013 20:17:03] /goto tracey
[17/02/2013 20:17:05] /r
[17/02/2013 20:17:06] /goto tracey
[17/02/2013 20:17:08] /r
[17/02/2013 20:17:08] /goto tracey
[17/02/2013 20:17:11] /r
[17/02/2013 20:17:13] /goto tracey
[17/02/2013 20:17:19] /r
[17/02/2013 20:17:19] /goto tracey
[17/02/2013 20:17:38] /goto tracey
[17/02/2013 20:17:41] /r
[17/02/2013 20:17:42] /goto tracey
[19/02/2013 10:37:27] /goto ricky
[19/02/2013 10:37:30] /a
[19/02/2013 10:37:30] /a
[19/02/2013 10:45:57] /goto tracey3
[19/02/2013 10:46:07] /goto tracey
[19/02/2013 10:46:07] /town 5
[19/02/2013 10:46:12] /town 4
[19/02/2013 10:46:12] /town 3
[19/02/2013 10:48:59] /attr actionid 
[19/02/2013 10:49:04] /attr actionid 4888
[19/02/2013 10:49:07] /attr actionid 4888
[19/02/2013 10:49:09] /attr actionid 4888
[19/02/2013 10:50:10] /attr uniqueid 4888
[19/02/2013 10:50:38] /r
[19/02/2013 10:51:45] /n henry
[19/02/2013 10:51:50] /r
[19/02/2013 10:51:53] /r
[19/02/2013 10:51:54] /r
[19/02/2013 11:16:05] /goto surge
[19/02/2013 11:17:09] /goto brock
[19/02/2013 11:17:15] /m shiny lapras, 50
[19/02/2013 11:17:52] /clean
[19/02/2013 11:18:02] /clean
[19/02/2013 11:18:43] /goto sabrina
[19/02/2013 11:19:38] /goto misty
[19/02/2013 11:20:35] /town 2
[19/02/2013 11:20:38] /town 3
[19/02/2013 11:20:41] /town 4
[19/02/2013 11:20:57] /goto koga
[19/02/2013 11:21:57] /town 4
[19/02/2013 11:21:59] /town 5
[19/02/2013 11:22:18] /a
[19/02/2013 11:23:07] /town 6
[19/02/2013 11:24:20] /town 9
[19/02/2013 11:24:23] /town 8
[19/02/2013 11:24:26] /town 10
[19/02/2013 11:30:51] /goto brock
[19/02/2013 11:31:30] /goto surge
[19/02/2013 11:34:30] /t
[19/02/2013 21:34:14] /goto rey
[19/02/2013 21:35:08] /goto rey
[19/02/2013 21:35:10] /a
[19/02/2013 21:41:03] /goto tracey
[19/02/2013 21:41:05] /r
[19/02/2013 21:41:06] /goto tracey
[19/02/2013 21:44:49] /goto tracey
[19/02/2013 21:44:50] /r
[19/02/2013 21:44:56] /r
[19/02/2013 21:45:04] /goto trace
[19/02/2013 21:45:11] /goto tracey
[19/02/2013 21:45:11] /goto tracey
[19/02/2013 21:45:13] /r
[19/02/2013 21:45:14] /goto tracey
[19/02/2013 21:45:17] /r
[19/02/2013 21:45:18] /goto tracey
[19/02/2013 21:45:21] /r
[19/02/2013 21:45:22] /goto tracey
[19/02/2013 21:46:04] /town 4
[19/02/2013 21:46:06] /town 3
[19/02/2013 21:46:11] /town 2
[19/02/2013 21:46:11] /town 5
[19/02/2013 21:46:31] /r
[19/02/2013 21:46:32] /r
[19/02/2013 21:46:33] /r
[19/02/2013 21:46:34] /r
[19/02/2013 21:46:48] /a
[19/02/2013 21:46:53] /a 2
[19/02/2013 21:47:03] /a 3
[19/02/2013 21:47:24] /goto police
[19/02/2013 21:47:29] /goto police comander
[19/02/2013 21:47:36] /goto commander police
[19/02/2013 21:47:45] /goto police
[19/02/2013 21:47:48] /n police
[19/02/2013 21:48:58] /clean
[19/02/2013 21:49:27] /t
[20/02/2013 11:44:01] /goto carlos
[20/02/2013 11:44:03] /a
[20/02/2013 11:57:49] /goto carlos
[20/02/2013 11:58:22] /i revive
[20/02/2013 11:58:47] /goto tracey
[20/02/2013 11:58:50] /town 2
[20/02/2013 11:58:52] /town 3
[20/02/2013 12:00:18] /t
[20/02/2013 12:00:41] /i fire stone
[20/02/2013 12:01:46] /r
[20/02/2013 12:02:42] /m charizard
[20/02/2013 12:02:43] /m charizard
[20/02/2013 12:02:43] /m charizard
[20/02/2013 12:02:43] /m charizard
[20/02/2013 12:02:44] /m charizard
[20/02/2013 12:02:44] /m charizard
[20/02/2013 12:02:44] /m charizard
[20/02/2013 12:02:45] /m charizard
[20/02/2013 12:02:45] /m charizard
[20/02/2013 12:02:45] /m charizard
[20/02/2013 12:02:46] /m charizard
[20/02/2013 12:02:46] /m charizard
[20/02/2013 12:02:46] /m charizard
[20/02/2013 12:02:47] /m charizard
[20/02/2013 12:02:47] /m charizard
[20/02/2013 12:02:48] /m charizard
[20/02/2013 12:02:48] /m charizard
[20/02/2013 12:02:48] /m charizard
[20/02/2013 12:02:49] /m charizard
[20/02/2013 12:02:49] /m charizard
[20/02/2013 12:02:49] /m charizard
[20/02/2013 12:02:50] /m charizard
[20/02/2013 12:02:50] /m charizard
[20/02/2013 12:02:51] /m charizard
[20/02/2013 12:02:51] /m charizard
[20/02/2013 12:03:26] /i ultra ball
[20/02/2013 12:03:44] /m golem, 50
[20/02/2013 12:03:48] /r
[20/02/2013 12:03:58] /m charizard
[20/02/2013 12:03:58] /m charizard
[20/02/2013 12:03:59] /m charizard
[20/02/2013 12:03:59] /m charizard
[20/02/2013 12:03:59] /m charizard
[20/02/2013 12:03:59] /m charizard
[20/02/2013 12:04:04] /m charizard
[20/02/2013 12:04:04] /m charizard
[20/02/2013 12:04:04] /m charizard
[20/02/2013 12:04:04] /m charizard
[20/02/2013 12:04:04] /m charizard
[20/02/2013 12:04:05] /m charizard
[20/02/2013 12:04:06] /m charizard
[20/02/2013 12:04:06] /m charizard
[20/02/2013 12:04:07] /m charizard
[20/02/2013 12:04:07] /m charizard
[20/02/2013 12:04:07] /m charizard
[20/02/2013 12:04:08] /m charizard
[20/02/2013 12:04:08] /m charizard
[20/02/2013 12:04:09] /m charizard
[20/02/2013 12:04:09] /m charizard
[20/02/2013 12:04:10] /m charizard
[20/02/2013 12:04:10] /m charizard
[20/02/2013 12:04:11] /m charizard
[20/02/2013 12:04:11] /m charizard
[20/02/2013 12:04:12] /m charizard
[20/02/2013 12:04:12] /m charizard
[20/02/2013 12:04:13] /m charizard
[20/02/2013 12:04:13] /m charizard
[20/02/2013 12:04:14] /m charizard
[20/02/2013 12:05:10] /m venusaur
[20/02/2013 12:05:10] /m venusaur
[20/02/2013 12:05:11] /m venusaur
[20/02/2013 12:05:11] /m venusaur
[20/02/2013 12:05:11] /m venusaur
[20/02/2013 12:05:11] /m venusaur
[20/02/2013 12:05:12] /m venusaur
[20/02/2013 12:05:12] /m venusaur
[20/02/2013 12:05:13] /m venusaur
[20/02/2013 12:05:13] /m venusaur
[20/02/2013 12:05:13] /m venusaur
[20/02/2013 12:05:13] /m venusaur
[20/02/2013 12:05:14] /m venusaur
[20/02/2013 12:05:14] /m venusaur
[20/02/2013 12:05:14] /m venusaur
[20/02/2013 12:05:15] /m venusaur
[20/02/2013 12:05:15] /m venusaur
[20/02/2013 12:05:15] /m venusaur
[20/02/2013 12:05:16] /m venusaur
[20/02/2013 12:05:16] /m venusaur
[20/02/2013 12:05:16] /m venusaur
[20/02/2013 12:06:03] /addskill [GOD]Ticho,fishing,50
[20/02/2013 12:06:18] /addskill [GOD]Ticho,fishing,50
[20/02/2013 12:06:26] /addskill [GOD]Ticho,pesca,50
[20/02/2013 12:06:27] /addskill [GOD]Ticho,pesca,50
[20/02/2013 12:06:28] /addskill [GOD]Ticho,pesca,50
[20/02/2013 12:06:28] /addskill [GOD]Ticho,pesca,50
[20/02/2013 12:06:28] /addskill [GOD]Ticho,pesca,50
[20/02/2013 12:06:29] /addskill [GOD]Ticho,pesca,50
[20/02/2013 12:06:29] /addskill [GOD]Ticho,pesca,50
[20/02/2013 12:06:29] /addskill [GOD]Ticho,pesca,50
[20/02/2013 12:06:30] /addskill [GOD]Ticho,pesca,50
[20/02/2013 12:06:35] /addskill [GOD]Ticho,pesca,50
[20/02/2013 12:06:35] /addskill [GOD]Ticho,pesca,5
[20/02/2013 12:06:35] /addskill [GOD]Ticho,pesca,5
[20/02/2013 12:06:35] /addskill [GOD]Ticho,pesca,5
[20/02/2013 12:06:35] /addskill [GOD]Ticho,pesca,5
[20/02/2013 12:06:35] /addskill [GOD]Ticho,pesca,5
[20/02/2013 12:06:36] /addskill [GOD]Ticho,pesca,5
[20/02/2013 12:06:37] /addskill [GOD]Ticho,pesca,5
[20/02/2013 12:06:37] /addskill [GOD]Ticho,pesca,5
[20/02/2013 12:06:37] /addskill [GOD]Ticho,pesca,5
[20/02/2013 12:06:37] /addskill [GOD]Ticho,pesca,5
[20/02/2013 12:06:38] /addskill [GOD]Ticho,pesca,5
[20/02/2013 12:06:38] /addskill [GOD]Ticho,pesca,5
[20/02/2013 12:06:38] /addskill [GOD]Ticho,pesca,5
[20/02/2013 12:06:39] /addskill [GOD]Ticho,pesca,5
[20/02/2013 12:06:39] /addskill [GOD]Ticho,pesca,5
[20/02/2013 12:06:39] /addskill [GOD]Ticho,pesca,5
[20/02/2013 12:06:40] /addskill [GOD]Ticho,pesca,5
[20/02/2013 12:06:40] /addskill [GOD]Ticho,pesca,5
[20/02/2013 12:06:40] /addskill [GOD]Ticho,pesca,5
[20/02/2013 12:06:40] /addskill [GOD]Ticho,pesca,5
[20/02/2013 12:06:41] /addskill [GOD]Ticho,pesca,5
[20/02/2013 12:06:41] /addskill [GOD]Ticho,pesca,5
[20/02/2013 12:06:42] /addskill [GOD]Ticho,pesca,5
[20/02/2013 12:06:42] /addskill [GOD]Ticho,pesca,5
[20/02/2013 12:06:42] /addskill [GOD]Ticho,pesca,5
[20/02/2013 12:06:43] /addskill [GOD]Ticho,pesca,5
[20/02/2013 12:06:43] /addskill [GOD]Ticho,pesca,5
[20/02/2013 12:06:43] /addskill [GOD]Ticho,pesca,5
[20/02/2013 12:06:44] /addskill [GOD]Ticho,pesca,5
[20/02/2013 12:06:44] /addskill [GOD]Ticho,pesca,5
[20/02/2013 12:06:44] /addskill [GOD]Ticho,pesca,5
[20/02/2013 12:06:45] /addskill [GOD]Ticho,pesca,5
[20/02/2013 12:06:45] /addskill [GOD]Ticho,pesca,5
[20/02/2013 12:06:45] /addskill [GOD]Ticho,pesca,5
[20/02/2013 12:06:46] /addskill [GOD]Ticho,pesca,5
[20/02/2013 12:06:46] /addskill [GOD]Ticho,pesca,5
[20/02/2013 12:06:46] /addskill [GOD]Ticho,pesca,5
[20/02/2013 12:06:47] /addskill [GOD]Ticho,pesca,5
[20/02/2013 12:06:57] /addskill [GOD]Ticho,pesca,5
[20/02/2013 12:07:19] /addskill [GOD]Ticho,fishing, 10
[20/02/2013 12:07:19] /addskill [GOD]Ticho,fishing, 10
[20/02/2013 12:07:19] /addskill [GOD]Ticho,fishing, 10
[20/02/2013 12:07:20] /addskill [GOD]Ticho,fishing, 10
[20/02/2013 12:07:20] /addskill [GOD]Ticho,fishing, 10
[20/02/2013 12:07:22] /addskill [GOD]Ticho,fishing, 10
[20/02/2013 12:07:22] /addskill [GOD]Ticho,fishing, 10
[20/02/2013 12:07:23] /addskill [GOD]Ticho,fishing, 10
[20/02/2013 12:07:23] /addskill [GOD]Ticho,fishing, 10
[20/02/2013 12:07:23] /addskill [GOD]Ticho,fishing, 10
[20/02/2013 12:07:24] /addskill [GOD]Ticho,fishing, 10
[20/02/2013 12:07:24] /addskill [GOD]Ticho,fishing, 10
[20/02/2013 12:07:24] /addskill [GOD]Ticho,fishing, 10
[20/02/2013 12:07:25] /addskill [GOD]Ticho,fishing, 10
[20/02/2013 12:07:26] /addskill [GOD]Ticho,fishing, 10
[20/02/2013 12:07:26] /addskill [GOD]Ticho,fishing, 1
[20/02/2013 12:07:27] /addskill [GOD]Ticho,fishing, 1
[20/02/2013 12:07:27] /addskill [GOD]Ticho,fishing, 1
[20/02/2013 12:07:28] /addskill [GOD]Ticho,fishing, 1
[20/02/2013 12:07:28] /addskill [GOD]Ticho,fishing, 1
[20/02/2013 12:07:28] /addskill [GOD]Ticho,fishing, 1
[20/02/2013 12:07:28] /addskill [GOD]Ticho,fishing, 1
[20/02/2013 12:07:29] /addskill [GOD]Ticho,fishing, 1
[20/02/2013 12:07:30] /addskill [GOD]Ticho,fishing, 1
[20/02/2013 12:07:30] /addskill [GOD]Ticho,fishing, 1
[20/02/2013 12:07:31] /addskill [GOD]Ticho,fishing, 1
[20/02/2013 12:07:31] /addskill [GOD]Ticho,fishing, 1
[20/02/2013 12:07:36] /addskill [GOD]Ticho,fishing, 1
[20/02/2013 12:07:37] /addskill [GOD]Ticho,fishing, 1
[20/02/2013 12:07:38] /addskill [GOD]Ticho,fishing, 1
[20/02/2013 12:07:38] /addskill [GOD]Ticho,fishing, 1
[20/02/2013 12:07:40] /addskill [GOD]Ticho,fishing, 1
[20/02/2013 12:07:40] /addskill [GOD]Ticho,fishing, 1
[20/02/2013 12:07:40] /addskill [GOD]Ticho,fishing, 1
[20/02/2013 12:07:44] /addskill [GOD]Ticho,fishing, 1
[20/02/2013 12:07:45] /addskill [GOD]Ticho,fishing, 1
[20/02/2013 12:08:58] /m shiny magmae
[20/02/2013 12:09:01] /m shiny magmar
[20/02/2013 12:09:21] /m charizard
[20/02/2013 12:09:21] /m charizard
[20/02/2013 12:09:21] /m charizard
[20/02/2013 12:09:22] /m charizard
[20/02/2013 12:09:22] /m charizard
[20/02/2013 12:09:22] /m charizard
[20/02/2013 12:09:23] /m charizard
[20/02/2013 12:09:23] /m charizard
[20/02/2013 12:09:23] /m charizard
[20/02/2013 12:09:24] /m charizard
[20/02/2013 12:09:24] /m charizard
[20/02/2013 12:09:25] /m charizard
[20/02/2013 12:09:25] /m charizard
[20/02/2013 12:09:28] /m charizard
[20/02/2013 12:10:03] /addskill [GOD]Ticho,lvl,500
[20/02/2013 12:10:04] /addskill [GOD]Ticho,lvl,500
[20/02/2013 12:10:09] /addskill [GOD]Ticho,lvl,500
[20/02/2013 12:10:16] /m shiny charizard
[20/02/2013 12:10:29] /m shiny charizard
[20/02/2013 12:10:29] /m shiny charizard
[20/02/2013 12:10:29] /m shiny charizard
[20/02/2013 12:10:29] /m shiny charizard
[20/02/2013 12:10:30] /m shiny charizard
[20/02/2013 12:10:30] /m shiny charizard
[20/02/2013 12:10:31] /m shiny charizard
[20/02/2013 12:10:31] /m shiny charizard
[20/02/2013 12:10:31] /m shiny charizard
[20/02/2013 12:10:31] /m shiny charizard
[20/02/2013 12:10:32] /m shiny charizard
[20/02/2013 12:10:32] /m shiny charizard
[20/02/2013 12:10:33] /m shiny charizard
[20/02/2013 12:10:33] /m shiny charizard
[20/02/2013 12:10:33] /m shiny charizard
[20/02/2013 12:10:36] /m shiny charizard
[20/02/2013 12:10:36] /m shiny charizard
[20/02/2013 12:10:37] /m shiny charizard
[20/02/2013 12:10:37] /m shiny charizard
[20/02/2013 12:10:37] /m shiny charizard
[20/02/2013 12:10:38] /m shiny charizard
[20/02/2013 12:10:38] /m shiny charizard
[20/02/2013 12:10:38] /m shiny charizard
[20/02/2013 12:10:39] /m shiny charizard
[20/02/2013 12:10:39] /m shiny charizard
[20/02/2013 13:07:10] /goto tracey
[20/02/2013 13:11:16] /goto carlos
[20/02/2013 13:11:18] /a
[20/02/2013 13:11:18] /a
[20/02/2013 13:27:40] /goto tracey
[20/02/2013 13:27:50] /r
[20/02/2013 13:27:52] /goto tracey
[20/02/2013 13:32:23] /m mewtwo
[20/02/2013 13:32:42] /goto brock
[20/02/2013 13:33:24] /goto blaine
[20/02/2013 13:34:17] /m shiny charizard
[20/02/2013 13:34:35] /m mewtwo
[23/02/2013 12:19:46] /goto tracey
[23/02/2013 12:19:51] /goto tracey
[23/02/2013 12:19:54] /town 2
[23/02/2013 12:19:56] /town 3
[23/02/2013 12:20:01] /town 4
[23/02/2013 12:20:04] /town 5
[23/02/2013 12:20:10] /down 
[23/02/2013 12:20:12] /a 5
[23/02/2013 12:22:04] /m mewtwo
[23/02/2013 12:22:04] /m mewtwo
[23/02/2013 12:22:05] /m mewtwo
[23/02/2013 12:22:05] /m mewtwo
[23/02/2013 12:23:19] /m weedle, 50
[23/02/2013 12:23:56] /m mewtwo
[23/02/2013 12:24:05] /m mewtwo
[23/02/2013 12:24:12] /m mewtwo
[23/02/2013 12:24:13] /m mewtwo
[23/02/2013 12:24:13] /m mewtwo
[23/02/2013 12:24:13] /m mewtwo
[23/02/2013 12:24:13] /m mewtwo
[23/02/2013 12:24:13] /m mewtwo
[23/02/2013 12:24:14] /m mewtwo
[23/02/2013 12:24:14] /m mewtwo
[23/02/2013 12:24:15] /m mewtwo
[23/02/2013 12:24:15] /m mewtwo
[23/02/2013 12:24:16] /m mewtwo
[23/02/2013 12:24:16] /m mewtwo
[23/02/2013 12:24:17] /m mewtwo
[23/02/2013 12:24:17] /m mewtwo
[23/02/2013 12:24:17] /m mewtwo
[23/02/2013 12:24:18] /m mewtwo
[23/02/2013 12:24:18] /m mewtwo
[23/02/2013 12:24:18] /m mewtwo
[23/02/2013 12:24:19] /m mewtwo
[23/02/2013 12:24:19] /m mewtwo
[23/02/2013 12:24:20] /m mewtwo
[23/02/2013 12:24:20] /m mewtwo
[23/02/2013 12:24:20] /m mewtwo
[23/02/2013 12:24:21] /m mewtwo
[23/02/2013 12:24:21] /m mewtwo
[23/02/2013 12:24:21] /m mewtwo
[23/02/2013 12:24:22] /m mewtwo
[23/02/2013 21:39:12] /goto shiny hypno
[23/02/2013 21:39:29] /m shiny hypno
[23/02/2013 21:39:34] /m shiny hypno
[23/02/2013 21:39:42] /i medicine
[23/02/2013 21:39:54] /m shiny hypno
[23/02/2013 21:39:54] /m shiny hypno
[23/02/2013 21:39:54] /m shiny hypno
[23/02/2013 21:39:54] /m shiny hypno
[23/02/2013 21:39:55] /m shiny hypno
[23/02/2013 21:39:55] /m shiny hypno
[23/02/2013 21:40:32] /goto shiny alakazam
[23/02/2013 21:40:52] /m shiny alakazam
[23/02/2013 21:40:57] /m shiny alakazam
[23/02/2013 21:40:57] /m shiny alakazam
[23/02/2013 21:40:57] /m shiny alakazam
[23/02/2013 21:40:57] /m shiny alakazam
[23/02/2013 21:40:57] /m shiny alakazam
[23/02/2013 21:40:58] /m shiny alakazam
[23/02/2013 21:40:58] /m shiny alakazam
[23/02/2013 21:40:58] /m shiny alakazam
[23/02/2013 21:40:59] /m shiny alakazam
[23/02/2013 21:40:59] /m shiny alakazam
[23/02/2013 21:40:59] /m shiny alakazam
[23/02/2013 21:41:00] /m shiny alakazam
[23/02/2013 21:41:00] /m shiny alakazam
[23/02/2013 21:41:00] /m shiny alakazam
[23/02/2013 21:41:01] /m shiny alakazam
[23/02/2013 21:41:01] /m shiny alakazam
[23/02/2013 21:41:01] /m shiny alakazam
[23/02/2013 21:41:02] /m shiny alakazam
[23/02/2013 21:41:02] /m shiny alakazam
[23/02/2013 21:41:02] /m shiny alakazam
[23/02/2013 21:41:03] /m shiny alakazam
[23/02/2013 21:41:03] /m shiny alakazam
[23/02/2013 21:41:03] /m shiny alakazam
[23/02/2013 21:41:04] /m shiny alakazam
[23/02/2013 21:41:04] /m shiny alakazam
[23/02/2013 21:41:04] /m shiny alakazam
[23/02/2013 21:41:05] /m shiny alakazam
[23/02/2013 21:41:08] /m shiny alakazam
[23/02/2013 21:41:11] /m shiny alakazam
[23/02/2013 21:41:11] /m shiny alakazam
[23/02/2013 21:41:11] /m shiny alakazam
[23/02/2013 21:41:11] /m shiny alakazam
[23/02/2013 21:41:11] /m shiny alakazam
[23/02/2013 21:41:11] /m shiny alakazam
[23/02/2013 21:41:11] /m shiny alakazam
[23/02/2013 21:41:12] /m shiny alakazam
[23/02/2013 21:41:12] /m shiny alakazam
[23/02/2013 21:41:13] /m shiny alakazam
[23/02/2013 21:41:13] /m shiny alakazam
[23/02/2013 21:41:14] /m shiny alakazam
[23/02/2013 21:41:15] /m shiny alakazam
[23/02/2013 21:41:20] /m shiny alakazam
[23/02/2013 21:41:21] /m shiny alakazam
[23/02/2013 21:41:21] /m shiny alakazam
[23/02/2013 21:41:21] /m shiny alakazam
[23/02/2013 21:41:21] /m shiny alakazam
[23/02/2013 21:41:21] /m shiny alakazam
[23/02/2013 21:41:21] /m shiny alakazam
[23/02/2013 21:41:22] /m shiny alakazam
[23/02/2013 21:42:41] /m shiny alakazam
[23/02/2013 21:42:46] /m shiny alakazam
[23/02/2013 21:42:46] /m shiny alakazam
[23/02/2013 21:42:46] /m shiny alakazam
[23/02/2013 21:42:46] /m shiny alakazam
[23/02/2013 21:42:46] /m shiny alakazam
[23/02/2013 21:42:47] /m shiny alakazam
[23/02/2013 21:42:47] /m shiny alakazam
[23/02/2013 21:42:47] /m shiny alakazam
[23/02/2013 21:42:48] /m shiny alakazam
[23/02/2013 21:42:48] /m shiny alakazam
[23/02/2013 21:42:48] /m shiny alakazam
[23/02/2013 21:42:49] /m shiny alakazam
[23/02/2013 21:42:49] /m shiny alakazam
[23/02/2013 21:42:49] /m shiny alakazam
[23/02/2013 21:42:50] /m shiny alakazam
[23/02/2013 21:42:50] /m shiny alakazam
[23/02/2013 21:42:50] /m shiny alakazam
[23/02/2013 21:42:51] /m shiny alakazam
[23/02/2013 21:42:51] /m shiny alakazam
[23/02/2013 21:42:51] /m shiny alakazam
[23/02/2013 21:42:51] /m shiny alakazam
[23/02/2013 21:42:52] /m shiny alakazam
[23/02/2013 21:42:53] /m shiny alakazam
[23/02/2013 21:42:53] /m shiny alakazam
[23/02/2013 21:42:54] /m shiny alakazam
[23/02/2013 21:42:54] /m shiny alakazam
[23/02/2013 21:42:55] /m shiny alakazam
[23/02/2013 21:42:55] /m shiny alakazam
[23/02/2013 21:43:01] /m shiny alakazam
[23/02/2013 21:43:01] /m shiny alakazam
[23/02/2013 21:43:02] /m shiny alakazam
[23/02/2013 21:43:07] /m shiny alakazam
[23/02/2013 21:43:11] /m shiny alakazam
[23/02/2013 21:43:11] /m shiny alakazam
[23/02/2013 21:43:11] /m shiny alakazam
[23/02/2013 21:43:12] /m shiny alakazam
[23/02/2013 21:43:13] /goto shiny alakazam
[23/02/2013 21:43:13] /goto shiny alakazam
[23/02/2013 21:43:14] /goto shiny alakazam
[23/02/2013 21:43:14] /goto shiny alakazam
[23/02/2013 21:43:15] /goto shiny alakazam
[23/02/2013 21:43:22] /goto shiny alakazam
[23/02/2013 21:43:27] /goto shiny alakazam
[23/02/2013 21:43:40] /goto shiny alakazam
[23/02/2013 21:43:56] /goto shiny alakazam
[23/02/2013 21:44:03] /goto shiny alakazam
[23/02/2013 21:44:07] /m shiny alakazam
[23/02/2013 21:44:07] /m shiny alakazam
[23/02/2013 21:44:08] /m shiny alakazam
[23/02/2013 21:44:08] /m shiny alakazam
[23/02/2013 21:44:09] /m shiny alakazam
[23/02/2013 21:44:09] /m shiny alakazam
[23/02/2013 21:44:10] /m shiny alakazam
[23/02/2013 21:44:10] /m shiny alakazam
[23/02/2013 21:44:10] /m shiny alakazam
[23/02/2013 21:44:11] /m shiny alakazam
[23/02/2013 21:44:11] /m shiny alakazam
[23/02/2013 21:44:11] /m shiny alakazam
[23/02/2013 21:44:12] /m shiny alakazam
[23/02/2013 21:44:12] /m shiny alakazam
[23/02/2013 21:44:12] /m shiny alakazam
[23/02/2013 21:44:13] /m shiny alakazam
[23/02/2013 21:44:13] /m shiny alakazam
[23/02/2013 21:44:13] /m shiny alakazam
[23/02/2013 21:44:14] /m shiny alakazam
[23/02/2013 21:44:14] /m shiny alakazam
[23/02/2013 21:44:15] /m shiny alakazam
[23/02/2013 21:44:16] /m shiny alakazam
[23/02/2013 21:44:16] /m shiny alakazam
[23/02/2013 21:44:16] /m shiny alakazam
[23/02/2013 21:44:17] /m shiny alakazam
[23/02/2013 21:44:17] /m shiny alakazam
[23/02/2013 21:44:18] /m shiny alakazam
[23/02/2013 21:44:18] /m shiny alakazam
[23/02/2013 21:45:05] /i ultra ball
[23/02/2013 21:45:37] /m shiny alakazam
[23/02/2013 21:45:37] /m shiny alakazam
[23/02/2013 21:45:38] /m shiny alakazam
[23/02/2013 21:45:38] /m shiny alakazam
[23/02/2013 21:45:38] /m shiny alakazam
[23/02/2013 21:45:39] /m shiny alakazam
[23/02/2013 21:45:39] /m shiny alakazam
[23/02/2013 21:45:39] /m shiny alakazam
[23/02/2013 21:45:40] /m shiny alakazam
[23/02/2013 21:45:40] /m shiny alakazam
[23/02/2013 21:45:41] /m shiny alakazam
[23/02/2013 21:45:41] /m shiny alakazam
[23/02/2013 21:45:42] /m shiny alakazam
[23/02/2013 21:45:47] /m shiny alakazam
[23/02/2013 21:45:47] /m shiny alakazam
[23/02/2013 21:45:47] /m shiny alakazam
[23/02/2013 21:45:47] /m shiny alakazam
[23/02/2013 21:45:47] /m shiny alakazam
[23/02/2013 21:45:48] /m shiny alakazam
[23/02/2013 21:45:48] /m shiny alakazam
[23/02/2013 21:45:49] /m shiny alakazam
[23/02/2013 21:45:50] /m shiny alakazam
[23/02/2013 21:45:51] /m shiny alakazam
[23/02/2013 21:46:06] /m shiny alakazam
[23/02/2013 21:46:07] /m shiny alakazam
[23/02/2013 21:46:07] /m shiny alakazam
[23/02/2013 21:46:07] /m shiny alakazam
[23/02/2013 21:46:07] /m shiny alakazam
[23/02/2013 21:46:08] /m shiny alakazam
[23/02/2013 21:46:08] /m shiny alakazam
[23/02/2013 21:46:08] /m shiny alakazam
[23/02/2013 21:46:09] /m shiny alakazam
[23/02/2013 21:46:10] /m shiny alakazam
[23/02/2013 21:46:10] /m shiny alakazam
[23/02/2013 21:46:11] /m shiny alakazam
[23/02/2013 21:46:11] /m shiny alakazam
[23/02/2013 21:46:11] /m shiny alakazam
[23/02/2013 21:46:12] /m shiny alakazam
[23/02/2013 21:46:12] /m shiny alakazam
[23/02/2013 21:46:13] /m shiny alakazam
[23/02/2013 21:46:13] /m shiny alakazam
[23/02/2013 21:46:14] /m shiny alakazam
[23/02/2013 21:46:14] /m shiny alakazam
[23/02/2013 21:46:15] /m shiny alakazam
[23/02/2013 21:46:17] /i ultra ball
[23/02/2013 21:46:17] /i ultra ball
[23/02/2013 21:46:18] /i ultra ball
[23/02/2013 21:46:18] /i ultra ball
[23/02/2013 21:46:19] /i ultra ball
[23/02/2013 21:46:21] /m shiny alakazam
[23/02/2013 21:46:21] /m shiny alakazam
[23/02/2013 21:46:22] /m shiny alakazam
[23/02/2013 21:46:22] /m shiny alakazam
[23/02/2013 21:46:23] /m shiny alakazam
[23/02/2013 21:46:23] /m shiny alakazam
[23/02/2013 21:46:25] /m shiny alakazam
[23/02/2013 21:46:26] /m shiny alakazam
[23/02/2013 21:47:08] /m shiny alakazam/r
[23/02/2013 21:47:09] /t
[23/02/2013 21:47:24] /m umbreon
[23/02/2013 21:47:36] /m shiny umbreon
[23/02/2013 21:47:45] /m shiny umbreon
[23/02/2013 21:47:45] /m shiny umbreon
[23/02/2013 21:47:45] /m shiny umbreon
[23/02/2013 21:47:46] /m shiny umbreon
[23/02/2013 21:47:46] /m shiny umbreon
[23/02/2013 21:47:46] /m shiny umbreon
[23/02/2013 21:47:47] /m shiny umbreon
[23/02/2013 21:47:47] /m shiny umbreon
[23/02/2013 21:47:47] /m shiny umbreon
[23/02/2013 21:47:48] /m shiny umbreon
[23/02/2013 21:47:49] /m shiny umbreon
[23/02/2013 21:47:49] /m shiny umbreon
[23/02/2013 21:47:51] /m shiny umbreon
[23/02/2013 21:47:52] /m shiny umbreon
[23/02/2013 21:47:52] /m shiny umbreon
[23/02/2013 21:47:53] /m shiny umbreon
[23/02/2013 21:47:57] /m umbreon
[23/02/2013 21:47:57] /m umbreon
[23/02/2013 21:47:58] /m umbreon
[23/02/2013 21:47:58] /m umbreon
[23/02/2013 21:47:59] /m umbreon
[23/02/2013 21:47:59] /m umbreon
[23/02/2013 21:48:00] /m shiny umbreon
[23/02/2013 21:48:01] /m shiny umbreon
[23/02/2013 21:48:06] /m shiny umbreon
[23/02/2013 21:48:07] /m shiny umbreon
[23/02/2013 21:48:07] /m shiny umbreon
[23/02/2013 21:48:07] /m shiny umbreon
[23/02/2013 21:48:08] /m shiny umbreon
[23/02/2013 21:48:08] /m shiny umbreon
[23/02/2013 21:48:09] /m shiny umbreon
[23/02/2013 21:49:10] /m shiny magneton
[23/02/2013 21:49:11] /m shiny magneton
[23/02/2013 21:49:11] /m shiny magneton
[23/02/2013 21:49:11] /m shiny magneton
[23/02/2013 21:49:12] /m shiny magneton
[23/02/2013 21:49:12] /m shiny magneton
[23/02/2013 21:49:12] /m shiny magneton
[23/02/2013 21:49:13] /m shiny magneton
[23/02/2013 21:49:13] /m shiny magneton
[23/02/2013 21:49:13] /m shiny magneton
[23/02/2013 21:49:13] /m shiny magneton
[23/02/2013 21:49:14] /m shiny magneton
[23/02/2013 21:49:14] /m shiny magneton
[23/02/2013 21:49:14] /m shiny magneton
[23/02/2013 21:49:15] /m shiny magneton
[23/02/2013 21:49:15] /m shiny magneton
[23/02/2013 21:49:15] /m shiny magneton
[23/02/2013 21:49:16] /m shiny magneton
[23/02/2013 21:49:16] /m shiny magneton
[23/02/2013 21:49:16] /m shiny magneton
[23/02/2013 21:49:17] /m shiny magneton
[23/02/2013 21:49:17] /m shiny magneton
[23/02/2013 21:49:17] /m shiny magneton
[23/02/2013 21:49:17] /m shiny magneton
[23/02/2013 21:49:20] /m shiny magneton
[23/02/2013 21:49:20] /m shiny magneton
[23/02/2013 21:49:21] /m shiny magneton
[23/02/2013 21:49:34] /m shiny magneton
[23/02/2013 21:49:39] /m shiny magneton
[23/02/2013 21:49:39] /m shiny magneton
[23/02/2013 21:49:39] /m shiny magneton
[23/02/2013 21:49:39] /m shiny magneton
[23/02/2013 21:49:39] /m shiny magneton
[23/02/2013 21:49:39] /m shiny magneton
[23/02/2013 21:49:39] /m shiny magneton
[23/02/2013 21:49:39] /m shiny magneton
[23/02/2013 21:49:40] /m shiny magneton
[23/02/2013 21:49:40] /m shiny magneton
[23/02/2013 21:49:40] /m shiny magneton
[23/02/2013 21:49:41] /m shiny magneton
[23/02/2013 21:49:41] /m shiny magneton
[23/02/2013 21:49:41] /m shiny magneton
[23/02/2013 21:49:42] /m shiny magneton
[23/02/2013 21:49:42] /m shiny magneton
[23/02/2013 21:53:51] /m shiny tentacool
[23/02/2013 21:53:56] /m shiny tentacool
[23/02/2013 21:53:57] /m shiny tentacool
[23/02/2013 21:53:57] /m shiny tentacool
[23/02/2013 21:53:57] /m shiny tentacool
[23/02/2013 21:53:58] /m shiny tentacool
[24/02/2013 09:46:07] /goto rey
[24/02/2013 09:46:09] /a
[24/02/2013 09:48:07] /clean
[24/02/2013 09:49:26] /t
[24/02/2013 09:50:29] /m moltres
[24/02/2013 09:50:44] /i ultra ball
[24/02/2013 09:50:50] /m shiny venusaur
[24/02/2013 09:50:50] /m shiny venusaur
[24/02/2013 09:50:51] /m shiny venusaur
[24/02/2013 09:50:52] /m shiny venusaur
[24/02/2013 09:50:52] /m shiny venusaur
[24/02/2013 09:50:53] /m shiny venusaur
[24/02/2013 09:50:53] /m shiny venusaur
[24/02/2013 09:50:53] /m shiny venusaur
[24/02/2013 09:51:17] /m shiny magikarp
[24/02/2013 09:51:18] /m shiny magikarp
[24/02/2013 09:51:18] /m shiny magikarp
[24/02/2013 09:51:18] /m shiny magikarp
[24/02/2013 09:51:19] /m shiny magikarp
[24/02/2013 09:51:19] /m shiny magikarp
[24/02/2013 09:51:19] /m shiny magikarp
[24/02/2013 09:51:20] /m shiny magikarp
[24/02/2013 09:52:38] /r
[05/03/2013 11:03:10] /a
[05/03/2013 11:03:11] /a
[05/03/2013 11:03:11] /a
[05/03/2013 11:03:11] /a
[05/03/2013 11:03:12] /a
[05/03/2013 11:03:12] /a
[05/03/2013 11:03:14] /a
[05/03/2013 11:03:19] /a
[05/03/2013 11:03:19] /a 5
[05/03/2013 11:03:45] /m shiny snorlax
[05/03/2013 11:03:45] /m shiny snorlax
[05/03/2013 11:03:46] /m shiny snorlax
[05/03/2013 11:03:46] /m shiny snorlax
[05/03/2013 11:03:46] /m shiny snorlax
[05/03/2013 11:03:47] /m shiny snorlax
[05/03/2013 11:03:47] /m shiny snorlax
[05/03/2013 11:03:48] /m shiny snorlax
[05/03/2013 11:03:49] /m shiny snorlax
[05/03/2013 11:04:18] /m pidgey
[05/03/2013 11:04:19] /m pidgey
[05/03/2013 11:04:19] /m pidgey
[05/03/2013 11:04:20] /m pidgey
[05/03/2013 11:04:34] /goto shiny blastoise
[05/03/2013 11:04:57] /m shiny blastoise
[05/03/2013 11:04:58] /m shiny blastoise
[05/03/2013 11:04:58] /m shiny blastoise
[05/03/2013 11:04:58] /m shiny blastoise
[05/03/2013 11:04:59] /m shiny blastoise
[05/03/2013 11:04:59] /m shiny blastoise
[05/03/2013 11:05:00] /m shiny blastoise
[05/03/2013 11:05:00] /m shiny blastoise
[05/03/2013 11:05:01] /m shiny blastoise
[05/03/2013 11:05:01] /m shiny blastoise
[05/03/2013 11:05:01] /m shiny blastoise
[06/03/2013 12:49:56] /goto moltres
[06/03/2013 12:50:48] /goto shiny arcanine
[06/03/2013 12:51:00] /goto shiny arcanine
[06/03/2013 12:51:14] /goto shiny arcanine
[11/03/2013 14:48:44] /t
[11/03/2013 14:49:03] /i stone
[11/03/2013 14:49:05] /i stone
[11/03/2013 14:49:06] /i stone
[11/03/2013 14:49:07] /i stone
[11/03/2013 14:49:08] /i stone
[11/03/2013 14:49:09] /i stone
[11/03/2013 14:49:10] /i stone
[11/03/2013 14:49:11] /i stone
[11/03/2013 14:49:15] /r
[11/03/2013 14:49:16] /r
[11/03/2013 14:49:19] /r
[11/03/2013 14:49:21] /r
[11/03/2013 14:49:22] /r
[11/03/2013 14:49:23] /r
[11/03/2013 14:49:24] /r
[11/03/2013 14:49:26] /r
[11/03/2013 14:51:28] /a
[11/03/2013 14:52:10] /a
[11/03/2013 14:52:11] /a
[11/03/2013 14:54:05] /a 50
[11/03/2013 14:54:07] /a 50
[11/03/2013 14:54:08] /a 50
[11/03/2013 14:54:09] /a 50
[11/03/2013 14:54:10] /a 50
[11/03/2013 14:54:11] /a 50
[11/03/2013 14:54:11] /a 50
[11/03/2013 14:54:11] /a 50
[11/03/2013 14:54:12] /a 50
[11/03/2013 14:54:12] /a 50
[11/03/2013 14:54:12] /a 50
[11/03/2013 14:54:14] /a
[11/03/2013 14:54:15] /a
[11/03/2013 14:54:15] /a
[11/03/2013 14:54:16] /a
[11/03/2013 14:54:17] /a
[11/03/2013 14:54:17] /a
[11/03/2013 14:54:18] /a
[11/03/2013 14:54:21] /a
[11/03/2013 14:54:23] /a
[11/03/2013 14:54:24] /a
[11/03/2013 14:54:24] /a
[11/03/2013 14:54:25] /a
[11/03/2013 14:54:27] /r
[11/03/2013 14:54:29] /r
[11/03/2013 14:54:30] /r
[11/03/2013 14:54:31] /r
[11/03/2013 14:54:34] /a
[11/03/2013 14:54:48] /i 5000
[11/03/2013 14:54:53] /i 25
[11/03/2013 14:54:55] /i 253
[11/03/2013 14:54:57] /i 251
[11/03/2013 14:55:12] /i 1228
[11/03/2013 14:55:20] /i 1284
[11/03/2013 14:55:22] /a
[11/03/2013 14:55:24] /i 1284
[11/03/2013 14:55:26] /a
[11/03/2013 14:55:27] /i 1284
[11/03/2013 14:55:29] /i 1284
[11/03/2013 14:55:31] /a
[11/03/2013 14:55:31] /i 1284
[11/03/2013 14:55:47] /i 1284
[11/03/2013 14:55:52] /i 1284
[11/03/2013 14:55:53] /i 1284
[11/03/2013 14:55:55] /i 1284
[11/03/2013 14:55:56] /i 1284
[11/03/2013 14:55:57] /i 1284
[11/03/2013 14:55:58] /i 1284
[11/03/2013 14:56:08] /i 1284
[11/03/2013 14:56:09] /i 1284
[11/03/2013 14:56:10] /i 1284
[11/03/2013 14:56:11] /i 1284
[11/03/2013 14:56:12] /i 1284
[11/03/2013 14:57:24] /a 200
[11/03/2013 14:57:25] /a 200
[11/03/2013 14:57:35] /i 2768
[11/03/2013 14:57:37] /i 2768
[11/03/2013 14:57:40] /i 2768
[11/03/2013 14:57:41] /i 2768
[11/03/2013 14:57:42] /i 2768
[11/03/2013 14:57:43] /i 2768
[11/03/2013 14:57:44] /i 2768
[11/03/2013 14:57:45] /i 2768
[11/03/2013 14:57:49] /r
[11/03/2013 14:58:57] /i 1524
[11/03/2013 14:58:58] /i 1524
[11/03/2013 14:58:58] /i 1524
[11/03/2013 14:58:59] /i 1524
[11/03/2013 14:59:00] /i 1524
[11/03/2013 14:59:04] /a
[11/03/2013 14:59:12] /r
[11/03/2013 15:02:06] /i 11730
[11/03/2013 15:02:21] /a 200
[11/03/2013 15:02:30] /a 100
[11/03/2013 15:02:31] /a 100
[11/03/2013 15:02:34] /a 120
[11/03/2013 15:02:36] /a 20
[11/03/2013 15:02:37] /a 20
[11/03/2013 15:02:38] /a 20
[11/03/2013 15:02:39] /a
[11/03/2013 15:02:40] /a
[11/03/2013 15:02:40] /a
[11/03/2013 15:02:40] /a
[11/03/2013 15:02:40] /a
[11/03/2013 15:02:41] /a
[11/03/2013 15:02:41] /a
[11/03/2013 15:02:41] /a
[11/03/2013 15:02:41] /a
[11/03/2013 15:02:42] /a
[11/03/2013 15:02:42] /a
[11/03/2013 15:02:43] /a
[11/03/2013 15:02:43] /a
[11/03/2013 15:02:43] /a
[11/03/2013 15:02:43] /a
[11/03/2013 15:02:45] /a
[11/03/2013 15:02:47] /a
[11/03/2013 15:02:48] /a
[11/03/2013 15:03:00] /i 11730
[11/03/2013 15:03:03] /i 11730
[11/03/2013 15:03:04] /i 11730
[11/03/2013 15:03:06] /i 11730
[11/03/2013 15:03:07] /i 11730
[11/03/2013 15:03:07] /i 11730
[11/03/2013 15:03:08] /i 11730
[11/03/2013 15:03:09] /i 11730
[11/03/2013 15:04:36] /a 50
[11/03/2013 15:04:38] /a 200
[11/03/2013 15:04:39] /a 200
[11/03/2013 15:04:45] /i stone
[11/03/2013 15:04:46] /i stone
[11/03/2013 15:04:47] /i stone
[11/03/2013 15:04:48] /i stone
[11/03/2013 15:04:48] /i stone
[11/03/2013 15:04:49] /i stone
[11/03/2013 15:04:50] /i stone
[11/03/2013 15:04:51] /i stone
[11/03/2013 15:04:54] /i 8047
[11/03/2013 15:04:56] /a
[11/03/2013 15:04:57] /i 8047
[11/03/2013 15:04:59] /a
[11/03/2013 15:05:00] /i 8047
[11/03/2013 15:05:01] /a
[11/03/2013 15:05:02] /i 8047
[11/03/2013 15:05:03] /a
[11/03/2013 15:05:04] /i 8047
[11/03/2013 15:05:05] /a
[11/03/2013 15:05:06] /i 8047
[11/03/2013 15:05:07] /a
[11/03/2013 15:05:08] /i 8047
[11/03/2013 15:05:09] /a
[11/03/2013 15:05:10] /i 8047
[11/03/2013 15:05:17] /a
[11/03/2013 15:05:19] /r
[11/03/2013 15:05:20] /r
[11/03/2013 15:05:24] /i 8047
[11/03/2013 15:05:40] /t
[11/03/2013 15:30:10] /i 390
[11/03/2013 15:30:17] /i 391
[11/03/2013 15:30:21] /i 392
[11/03/2013 15:30:25] /i 389
[11/03/2013 15:30:27] /i 388
[11/03/2013 15:30:29] /i 387
[11/03/2013 15:30:30] /i 387
[11/03/2013 15:30:35] /i 387
[11/03/2013 15:30:37] /r
[11/03/2013 15:30:38] /r
[11/03/2013 15:30:40] /i 387
[11/03/2013 15:30:44] /i 387
[11/03/2013 15:30:44] /i 387
[11/03/2013 15:30:45] /i 387
[11/03/2013 15:30:46] /i 387
[11/03/2013 15:30:47] /i 387
[11/03/2013 15:30:50] /r
[11/03/2013 15:30:52] /r
[11/03/2013 15:30:55] /i 392
[11/03/2013 15:30:58] /i 39
[11/03/2013 15:31:01] /i 391
[11/03/2013 15:31:03] /i 391
[11/03/2013 15:31:03] /i 391
[11/03/2013 15:31:06] /i 391
[11/03/2013 15:31:06] /i 391
[11/03/2013 15:31:07] /i 391
[11/03/2013 15:31:08] /i 391
[11/03/2013 15:31:09] /i 391
[11/03/2013 15:31:13] /r
[11/03/2013 15:31:28] /i 387
[11/03/2013 15:31:31] /i 386
[11/03/2013 15:31:32] /i 386
[11/03/2013 15:31:33] /i 386
[11/03/2013 15:31:34] /i 386
[11/03/2013 15:31:34] /i 386
[11/03/2013 15:31:35] /i 386
[11/03/2013 15:31:36] /i 386
[11/03/2013 15:31:37] /i 386
[11/03/2013 15:31:37] /i 386
[11/03/2013 15:31:41] /r
[11/03/2013 15:31:44] /i 385
[11/03/2013 15:32:05] /i 391
[11/03/2013 15:32:07] /r
[12/03/2013 17:15:59] /a 80
[12/03/2013 17:16:01] /a 80
[12/03/2013 17:16:03] /a 50
[12/03/2013 17:16:08] /a 50
[12/03/2013 17:16:11] /a 50
[12/03/2013 17:16:12] /a 50
[12/03/2013 17:16:13] /a 50
[12/03/2013 17:16:13] /a 50
[12/03/2013 17:16:14] /a 50
[12/03/2013 17:16:15] /a 50
[12/03/2013 17:16:18] /a 50
[12/03/2013 17:16:22] /a 50
[12/03/2013 17:16:35] /a 50
[12/03/2013 17:16:36] /a 50
[12/03/2013 17:16:37] /a 50
[12/03/2013 17:16:39] /a 50
[12/03/2013 17:16:40] /a 50
[12/03/2013 17:16:41] /a 50
[12/03/2013 17:16:41] /a 50
[12/03/2013 17:16:42] /a 50
[12/03/2013 17:16:46] /a 
[12/03/2013 17:16:49] /a 20
[12/03/2013 17:16:51] /a 
[12/03/2013 17:17:11] /a 20
[12/03/2013 17:17:12] /a 20
[12/03/2013 17:17:13] /a 20
[12/03/2013 17:17:14] /a 20
[12/03/2013 17:17:15] /a 20
[12/03/2013 17:17:21] /a 20
[12/03/2013 17:17:21] /a 20
[12/03/2013 17:17:23] /a 20
[12/03/2013 17:17:24] /a 20
[12/03/2013 17:17:25] /a 20
[12/03/2013 17:17:26] /a 20
[12/03/2013 17:55:30] /t
[12/03/2013 17:55:36] /i 1387
[12/03/2013 17:55:47] /attr position 717 673 7
[13/03/2013 11:23:47] /t
[13/03/2013 11:24:46] /goto celebi
[13/03/2013 11:25:20] /a 5
[13/03/2013 11:25:21] /a 5
[13/03/2013 11:25:58] /m blastoise
[13/03/2013 11:26:32] /a
[13/03/2013 11:26:32] /a
[13/03/2013 11:26:38] /a
[13/03/2013 11:26:39] /a
[13/03/2013 11:26:45] /m shiny dragonite
[13/03/2013 11:27:19] /a 5
[13/03/2013 11:27:20] /a 5
[13/03/2013 11:27:21] /a 5
[13/03/2013 11:27:22] /a 5
[13/03/2013 11:27:52] /a
[13/03/2013 11:27:52] /a
[13/03/2013 11:27:53] /a
[13/03/2013 11:27:53] /a
[13/03/2013 11:27:53] /a
[13/03/2013 11:27:54] /a
[13/03/2013 11:27:55] /a
[13/03/2013 11:27:56] /a
[13/03/2013 11:29:27] /t
[13/03/2013 18:07:08] /goto rey
[13/03/2013 18:07:09] /a
[13/03/2013 18:09:33] /goto tracey
[13/03/2013 18:12:00] /attr group [GOD]Ticho ,new type ,46
[13/03/2013 18:12:10] /newtype 1
[13/03/2013 18:12:14] /newtype 2
[13/03/2013 18:12:17] /newtype 47
[13/03/2013 18:12:21] /newtype 36
[13/03/2013 18:12:23] /newtype 46
[13/03/2013 18:12:27] /newtype 10
[13/03/2013 18:12:29] /newtype 20
[13/03/2013 18:12:30] /newtype 21
[13/03/2013 18:12:33] /newtype 23
[13/03/2013 18:12:34] /newtype 22
[13/03/2013 18:12:36] /newtype 24
[13/03/2013 18:12:37] /newtype 25
[13/03/2013 18:12:39] /newtype 26
[13/03/2013 18:12:40] /newtype 27
[13/03/2013 18:12:43] /newtype 28
[13/03/2013 18:12:44] /newtype 29
[13/03/2013 18:12:46] /newtype 30
[13/03/2013 18:12:48] /newtype 1
[13/03/2013 18:12:52] /newtype 32
[13/03/2013 18:12:58] /newtype 33
[13/03/2013 18:12:59] /newtype 34
[13/03/2013 18:13:00] /newtype 35
[13/03/2013 18:13:01] /newtype 36
[13/03/2013 18:13:03] /newtype 37
[13/03/2013 18:13:04] /newtype 38
[13/03/2013 18:13:06] /newtype 39
[13/03/2013 18:13:08] /newtype 40
[13/03/2013 18:13:10] /newtype 41
[13/03/2013 18:13:12] /newtype 42
[13/03/2013 18:13:13] /newtype 43
[13/03/2013 18:13:14] /newtype 44
[13/03/2013 18:13:15] /newtype 45
[13/03/2013 18:13:17] /newtype 46
[13/03/2013 18:13:18] /newtype 47
[13/03/2013 18:13:20] /newtype 48
[13/03/2013 18:13:21] /newtype 49
[13/03/2013 18:13:23] /newtype 50
[13/03/2013 18:13:24] /newtype 51
[13/03/2013 18:13:25] /newtype 52
[13/03/2013 18:13:27] /newtype 53
[13/03/2013 18:13:28] /newtype 54
[13/03/2013 18:13:30] /newtype 55
[13/03/2013 18:13:31] /newtype 56
[13/03/2013 18:13:32] /newtype 57
[13/03/2013 18:13:34] /newtype 58
[13/03/2013 18:13:36] /newtype 59
[13/03/2013 18:13:38] /newtype 60
[13/03/2013 18:13:41] /newtype 61
[13/03/2013 18:13:42] /newtype 62
[13/03/2013 18:13:43] /newtype 63
[13/03/2013 18:13:45] /newtype 64
[13/03/2013 18:13:46] /newtype 65
[13/03/2013 18:13:47] /newtype 66
[13/03/2013 18:13:48] /newtype 67
[13/03/2013 18:13:49] /newtype 68
[13/03/2013 18:13:51] /newtype 69
[13/03/2013 18:13:53] /newtype 11
[13/03/2013 18:13:54] /newtype 12
[13/03/2013 18:13:56] /newtype 13
[13/03/2013 18:13:57] /newtype 14
[13/03/2013 18:13:59] /newtype 15
[13/03/2013 18:14:00] /newtype 16
[13/03/2013 18:14:02] /newtype 17
[13/03/2013 18:14:03] /newtype 18
[13/03/2013 18:14:04] /newtype 19
[13/03/2013 18:14:06] /newtype 20
[13/03/2013 18:14:09] /newtype 2
[13/03/2013 18:14:10] /newtype 3
[13/03/2013 18:14:12] /newtype 4
[13/03/2013 18:14:13] /newtype 5
[13/03/2013 18:14:14] /newtype 6
[13/03/2013 18:14:16] /newtype 7
[13/03/2013 18:14:17] /newtype 8
[13/03/2013 18:14:18] /newtype 9
[13/03/2013 18:14:24] /newtype 90
[13/03/2013 18:14:26] /newtype 91
[13/03/2013 18:14:27] /newtype 92
[13/03/2013 18:14:28] /newtype 93
[13/03/2013 18:14:29] /newtype 94
[13/03/2013 18:14:30] /newtype 95
[13/03/2013 18:14:32] /newtype 96
[13/03/2013 18:14:33] /newtype 97
[13/03/2013 18:14:34] /newtype 8
[13/03/2013 18:14:37] /newtype 22
[13/03/2013 18:14:39] /newtype 222
[13/03/2013 18:14:41] /newtype 223
[13/03/2013 18:14:43] /newtype 224
[13/03/2013 18:14:45] /newtype 225
[13/03/2013 18:14:46] /newtype 226
[13/03/2013 18:14:47] /newtype 227
[13/03/2013 18:14:49] /newtype 228
[13/03/2013 18:14:50] /newtype 229
[13/03/2013 18:14:53] /newtype 221
[13/03/2013 18:14:54] /newtype 220
[13/03/2013 18:14:57] /newtype 230
[13/03/2013 18:14:58] /newtype 231
[13/03/2013 18:14:59] /newtype 232
[13/03/2013 18:15:00] /newtype 233
[13/03/2013 18:15:02] /newtype 234
[13/03/2013 18:15:03] /newtype 235
[13/03/2013 18:15:04] /newtype 236
[13/03/2013 18:15:05] /newtype 237
[13/03/2013 18:15:07] /newtype 238
[13/03/2013 18:15:08] /newtype 239
[13/03/2013 18:15:12] /newtype 240
[13/03/2013 18:15:13] /newtype 242
[13/03/2013 18:15:14] /newtype 243
[13/03/2013 18:15:15] /newtype 244
[13/03/2013 18:15:17] /newtype 245
[13/03/2013 18:15:18] /newtype 246
[13/03/2013 18:15:19] /newtype 247
[13/03/2013 18:15:20] /newtype 248
[13/03/2013 18:15:21] /newtype 249
[13/03/2013 18:15:24] /newtype 250
[13/03/2013 18:15:27] /newtype 251
[13/03/2013 18:15:28] /newtype 252
[13/03/2013 18:15:29] /newtype 253
[13/03/2013 18:15:31] /newtype 254
[13/03/2013 18:15:32] /newtype 255
[13/03/2013 18:15:34] /newtype 256
[13/03/2013 18:15:35] /newtype 257
[13/03/2013 18:15:37] /newtype 258
[13/03/2013 18:15:38] /newtype 259
[13/03/2013 18:15:40] /newtype 211
[13/03/2013 18:15:42] /newtype 212
[13/03/2013 18:15:44] /newtype 213
[13/03/2013 18:15:46] /newtype 214
[13/03/2013 18:15:49] /newtype 215
[13/03/2013 18:15:50] /newtype 216
[13/03/2013 18:15:51] /newtype 217
[13/03/2013 18:15:53] /newtype 218
[13/03/2013 18:15:54] /newtype 219
[13/03/2013 18:15:56] /newtype 218
[13/03/2013 18:23:47] /newtype 218
[13/03/2013 18:23:52] /newtype 154
[13/03/2013 18:23:54] /newtype 1454
[13/03/2013 18:23:56] /newtype 1456
[13/03/2013 18:23:58] /newtype 1457
[13/03/2013 18:24:01] /newtype 1500
[13/03/2013 18:24:04] /newtype 1501
[13/03/2013 18:24:05] /newtype 1502
[13/03/2013 18:24:07] /newtype 1503
[13/03/2013 18:24:08] /newtype 1504
[13/03/2013 18:24:09] /newtype 1505
[13/03/2013 18:24:10] /newtype 1506
[13/03/2013 18:24:12] /newtype 1507
[13/03/2013 18:24:15] /newtype 1506
[13/03/2013 18:24:32] /newtype 1506
[13/03/2013 18:24:34] /newtype 1509
[13/03/2013 18:24:36] /newtype 15010
[13/03/2013 18:24:38] /newtype 1510
[13/03/2013 18:24:39] /newtype 1515
[13/03/2013 18:24:40] /newtype 1516
[13/03/2013 18:24:46] /newtype 1517
[13/03/2013 18:24:50] /newtype 1518
[13/03/2013 18:24:54] /newtype 1519
[13/03/2013 18:24:56] /newtype 1520
[13/03/2013 18:24:58] /newtype 1523
[13/03/2013 18:24:59] /newtype 1524
[13/03/2013 18:25:06] /newtype 1525
[13/03/2013 18:25:09] /newtype 1526
[13/03/2013 18:25:12] /newtype 1527
[13/03/2013 18:25:15] /newtype 1528
[13/03/2013 18:25:17] /newtype 1530
[13/03/2013 18:25:18] /newtype 1535
[13/03/2013 18:25:20] /newtype 1537
[13/03/2013 18:25:22] /newtype 1536
[13/03/2013 18:25:24] /newtype 1535
[13/03/2013 18:25:26] /newtype 1534
[13/03/2013 18:25:31] /newtype 1480
[14/03/2013 11:52:55] /newtype 1454
[14/03/2013 11:53:10] /goto celebi
[14/03/2013 11:53:12] /up
[14/03/2013 11:53:15] /a 5
[14/03/2013 11:53:16] /a 5
[14/03/2013 11:53:17] /a
[14/03/2013 11:54:57] /c Bolz
[14/03/2013 11:55:57] /addskill Bolz,lvl,200
[14/03/2013 12:00:10] /c eu aqi
[14/03/2013 12:02:00] /addskill Eu aqi,lvl,200
[14/03/2013 12:02:16] /r
[14/03/2013 12:03:09] /c sou eu
[14/03/2013 12:03:31] /c eu aqi
[14/03/2013 12:04:51] /a
[14/03/2013 12:04:56] /c bolz
[14/03/2013 12:05:22] /m celebi
[14/03/2013 12:05:48] /goto bolz
[14/03/2013 12:06:49] /r
[14/03/2013 12:09:23] /mode 2
[14/03/2013 12:09:25] /mode 1
[14/03/2013 12:09:56] /m moltres
[14/03/2013 12:14:12] /i ultra ball
[14/03/2013 12:14:21] /m moltres
[14/03/2013 12:14:21] /m moltres
[14/03/2013 12:14:22] /m moltres
[14/03/2013 12:14:22] /m moltres
[14/03/2013 12:14:22] /m moltres
[14/03/2013 12:14:23] /m moltres
[14/03/2013 12:14:23] /m moltres
[14/03/2013 12:14:23] /m moltres
[14/03/2013 12:14:23] /m moltres
[14/03/2013 12:14:24] /m moltres
[14/03/2013 12:14:24] /m moltres
[14/03/2013 12:14:24] /m moltres
[14/03/2013 12:14:25] /m moltres
[14/03/2013 12:14:25] /m moltres
[14/03/2013 12:14:25] /m moltres
[14/03/2013 12:14:26] /m moltres
[14/03/2013 12:14:26] /m moltres
[14/03/2013 12:14:26] /m moltres
[14/03/2013 12:14:27] /m moltres
[14/03/2013 12:15:38] /t
[14/03/2013 12:16:08] /i 2160
[14/03/2013 12:17:14] /t
[14/03/2013 12:37:55] /goto celebi
[14/03/2013 12:37:58] /up
[14/03/2013 12:38:00] /a 5
[14/03/2013 12:39:55] /clean
[14/03/2013 12:43:12] /a
[14/03/2013 12:43:20] /attr actionid 10001
[14/03/2013 12:43:26] /a
[14/03/2013 12:43:29] /attr actionid 10001
[14/03/2013 12:43:30] /attr actionid 10001
[14/03/2013 12:44:58] /attr uniqueid 10001
[14/03/2013 12:45:06] /attr uniqueid 10001
[14/03/2013 12:45:06] /attr uniqueid 10001
[15/03/2013 18:43:43] /goto moltres
[15/03/2013 18:43:56] /a
[15/03/2013 18:43:59] /up
[15/03/2013 18:44:01] /a 5
[15/03/2013 18:45:53] /a
[15/03/2013 18:46:10] /a
[15/03/2013 18:46:11] /a
[15/03/2013 18:47:41] /down
[15/03/2013 18:47:42] /a
[15/03/2013 18:47:50] /a
[15/03/2013 18:47:58] /goto lugia
[15/03/2013 18:48:04] /up
[16/03/2013 12:32:18] /goto moltres
[16/03/2013 12:32:59] /goto suicune
[16/03/2013 12:34:58] /m suicune
[16/03/2013 12:36:35] /attr uniqueid 7104
[16/03/2013 12:37:23] /goto moltres
[16/03/2013 12:37:33] /r
[16/03/2013 12:37:33] /r
[16/03/2013 12:37:39] /goto moltres
[16/03/2013 12:38:03] /goto moltres
[16/03/2013 12:38:06] /t
[16/03/2013 12:38:43] /a 50
[16/03/2013 12:40:49] /a 50
[16/03/2013 12:40:50] /a 50
[16/03/2013 12:40:51] /a 50
[16/03/2013 12:40:52] /a 50
[16/03/2013 12:40:53] /a 50
[16/03/2013 12:40:55] /a 50
[16/03/2013 12:41:00] /up
[16/03/2013 12:41:01] /up
[16/03/2013 12:41:03] /a
[16/03/2013 12:41:04] /a
[16/03/2013 12:41:04] /a
[16/03/2013 12:41:04] /a
[16/03/2013 12:41:05] /a
[16/03/2013 12:41:05] /a
[16/03/2013 12:41:05] /a
[16/03/2013 12:41:06] /a
[16/03/2013 12:41:06] /a
[16/03/2013 12:41:07] /a
[16/03/2013 12:41:07] /a
[16/03/2013 12:41:07] /a
[16/03/2013 12:41:07] /a
[16/03/2013 12:41:08] /a
[16/03/2013 12:41:20] /a 
[16/03/2013 12:41:33] /goto moltres
[16/03/2013 12:42:22] /up
[16/03/2013 12:43:34] /a 5
[16/03/2013 12:43:42] /r
[16/03/2013 12:44:42] /down
[16/03/2013 12:44:44] /a 5
[16/03/2013 12:44:45] /a 5
[17/03/2013 10:31:50] /t
[18/03/2013 10:25:51] /addskill [GOD]Ticho,lvl,1
[18/03/2013 10:26:48] /newtype 1569
[18/03/2013 10:26:51] /newtype 1568
[18/03/2013 10:27:02] /newtype 1576
[18/03/2013 10:27:06] /newtype 1575
[18/03/2013 10:27:10] /newtype 1574
[18/03/2013 10:27:12] /newtype 1573
[18/03/2013 10:27:16] /newtype 1572
[18/03/2013 10:27:18] /newtype 1571
[18/03/2013 10:27:22] /newtype 1570
[18/03/2013 10:27:28] /newtype 1569
[18/03/2013 10:27:30] /newtype 1565
[18/03/2013 10:27:36] /newtype 1564
[18/03/2013 10:27:40] /newtype 1563
[18/03/2013 10:27:42] /newtype 1562
[18/03/2013 10:27:44] /newtype 1561
[18/03/2013 10:27:48] /newtype 1476
[18/03/2013 10:27:52] /newtype 1456
[18/03/2013 10:27:55] /newtype 1466
[18/03/2013 10:27:59] /newtype 1467
[18/03/2013 10:28:01] /newtype 1465
[18/03/2013 10:28:04] /newtype 1463
[18/03/2013 10:28:06] /newtype 1462
[18/03/2013 10:28:20] /newtype 1421
[18/03/2013 10:28:44] /newtype 1429
[18/03/2013 10:30:21] /i 1387
[18/03/2013 10:30:28] /attr position 51 47 7
[18/03/2013 10:30:32] /a
[18/03/2013 10:30:32] /a
[18/03/2013 10:30:33] /a
[18/03/2013 10:30:35] /a 5
[18/03/2013 10:30:39] /a 10
[18/03/2013 10:30:44] /a 30
[18/03/2013 10:30:46] /a
[18/03/2013 10:30:50] /i 1387
[18/03/2013 10:30:52] /r
[18/03/2013 10:31:04] /t
[18/03/2013 10:31:09] /a 30
[18/03/2013 10:31:10] /a
[18/03/2013 10:31:20] /attr position 1054 1050 7
[18/03/2013 10:31:33] /r
[18/03/2013 19:41:46] /newtype 1421
[18/03/2013 19:42:09] /newtype 1422
[18/03/2013 19:42:23] /newtype 1423
[18/03/2013 19:42:46] /newtype 1428
[18/03/2013 19:43:04] /newtype 1425
[18/03/2013 19:43:20] /newtype 1424
[18/03/2013 19:43:33] /newtype 1427
[18/03/2013 19:44:11] /newtype 1425
[18/03/2013 19:44:23] /newtype 1424
[18/03/2013 19:44:38] /newtype 1427
[18/03/2013 19:44:50] /newtype 1429
[18/03/2013 19:45:24] /newtype 1444
[18/03/2013 19:45:37] /newtype 1441
[18/03/2013 20:12:42] /addskill [GOD]Ticho,lvl,50
[18/03/2013 21:07:01] /newtype 1542
[18/03/2013 21:07:04] /newtype 1565
[18/03/2013 21:07:06] /newtype 1567
[18/03/2013 21:07:08] /newtype 1572
[18/03/2013 21:07:10] /newtype 1573
[18/03/2013 21:07:11] /newtype 1574
[18/03/2013 21:07:13] /newtype 1575
[18/03/2013 21:07:14] /newtype 1576
[18/03/2013 21:07:15] /newtype 1577
[18/03/2013 21:07:17] /newtype 1578
[18/03/2013 21:07:18] /newtype 1579
[18/03/2013 21:07:22] /newtype 1612
[18/03/2013 21:07:24] /newtype 1613
[19/03/2013 10:49:19] /newtype 1437
[19/03/2013 10:49:35] /newtype 1438
[19/03/2013 10:49:47] /newtype 1434
[19/03/2013 10:50:00] /newtype 1430
[19/03/2013 10:50:11] /newtype 1432
[19/03/2013 10:50:21] /newtype 1433
[19/03/2013 10:50:32] /newtype 1436
[19/03/2013 10:50:42] /newtype 1431
[19/03/2013 10:50:51] /newtype 1435
[19/03/2013 10:51:16] /a
[19/03/2013 10:54:16] /newtype 1421
[19/03/2013 10:54:53] /r
[19/03/2013 10:54:58] /r
[19/03/2013 10:55:01] /r
[19/03/2013 10:55:07] /i 12946
[19/03/2013 11:12:20] /i 11726
[19/03/2013 11:12:22] /i 11726
[19/03/2013 11:12:24] /r
[19/03/2013 11:12:34] /i 11725
[19/03/2013 11:12:42] /i 11727
[19/03/2013 11:12:50] /i 11723
[19/03/2013 11:13:03] /newtype 1500
[19/03/2013 11:13:06] /newtype 1572
[19/03/2013 11:13:10] /newtype 1575
[19/03/2013 11:13:11] /newtype 1576
[19/03/2013 11:13:12] /newtype 1577
[19/03/2013 11:13:13] /newtype 1578
[19/03/2013 11:13:15] /newtype 1579
[19/03/2013 11:13:16] /newtype 1570
[19/03/2013 11:13:19] /newtype 1580
[19/03/2013 11:13:20] /newtype 1581
[19/03/2013 11:13:21] /newtype 1582
[19/03/2013 11:13:22] /newtype 1583
[19/03/2013 11:13:23] /newtype 1589
[19/03/2013 11:13:25] /newtype 1590
[19/03/2013 11:13:27] /newtype 1591
[19/03/2013 11:13:28] /newtype 1592
[19/03/2013 11:13:30] /newtype 1593
[19/03/2013 11:14:37] /newtype 1594
[19/03/2013 11:14:39] /newtype 1593
[19/03/2013 11:14:41] /newtype 1592
[19/03/2013 11:14:42] /newtype 1594
[19/03/2013 11:17:26] /newtype 1595
[19/03/2013 11:18:02] /newtype 1596
[19/03/2013 11:19:26] /newtype 1597
[19/03/2013 11:19:28] /newtype 1598
[19/03/2013 11:19:30] /newtype 1597
[19/03/2013 11:20:26] /newtype 1500
[19/03/2013 11:20:33] /newtype 1501
[19/03/2013 11:20:36] /newtype 1499
[19/03/2013 11:21:40] /t
[19/03/2013 11:21:54] /newtype 1400
[19/03/2013 11:25:47] /r
[19/03/2013 11:25:48] /r
[19/03/2013 11:25:49] /r
[19/03/2013 11:25:50] /r
[19/03/2013 11:25:52] /r
[19/03/2013 11:25:53] /r
[19/03/2013 11:25:54] /r
[19/03/2013 11:40:37] /r
[30/04/2013 02:25:44] /town 1
[30/04/2013 02:25:53] /town 2
[30/04/2013 02:26:54] /town 3
[30/04/2013 02:27:38] /town 4
[30/04/2013 02:28:24] /town 5
[30/04/2013 02:29:10] /town 6
[30/04/2013 02:30:00] /town 7
[30/04/2013 02:31:09] /town 7
[30/04/2013 02:31:13] /town 8
[30/04/2013 02:32:02] /town 9
[30/04/2013 02:32:07] /town 10
[30/04/2013 02:33:02] /town 11
[30/04/2013 02:33:07] /town 12
[30/04/2013 02:34:20] /town 13
[30/04/2013 02:34:27] /t
[30/04/2013 02:36:51] /goto moltres
[30/04/2013 02:36:56] /up
[30/04/2013 02:38:26] /goto celebi
[30/04/2013 02:38:30] /up
[30/04/2013 02:38:37] /a 5
[30/04/2013 02:39:54] /goto lugia
[30/04/2013 02:40:03] /goto suicune
[30/04/2013 02:40:10] /up
[30/04/2013 02:41:48] /t
[30/04/2013 02:43:34] /t
[30/04/2013 02:45:08] /t
[30/04/2013 02:45:14] /goto hitmonlee
[30/04/2013 02:46:07] /goto celebi
[30/04/2013 02:47:08] /goto moltres
[30/04/2013 02:48:08] /goto suicune
[30/04/2013 02:49:07] /t
[30/04/2013 12:46:35] /m shiny arcanine
[30/04/2013 12:46:45] /m shiny charizard
[30/04/2013 12:48:08] /a 50
[30/04/2013 12:48:12] /a 10
[30/04/2013 12:48:13] /a 10
[30/04/2013 12:48:23] /a 10
[30/04/2013 12:48:47] /t
[30/04/2013 12:49:07] /m arcanine
[30/04/2013 12:49:14] /m venusaur
[30/04/2013 12:49:21] /m charizard
[30/04/2013 12:49:28] /m blastoise
[30/04/2013 12:49:47] /m sudowoodo
[30/04/2013 12:49:55] /m kingdra
[30/04/2013 12:50:05] /m slowking
[30/04/2013 12:51:16] /m Girafarig
[30/04/2013 12:51:30] /m skarmory
[30/04/2013 12:51:46] /m electrode
[30/04/2013 12:52:06] /m voltorb
[30/04/2013 12:52:20] /r
[30/04/2013 12:52:26] /m shiny electrode
[30/04/2013 12:52:33] /m shiny voltorb
[30/04/2013 12:52:52] /m shiny charizard
[30/04/2013 12:53:09] /m shiny venusaur
[30/04/2013 12:53:19] /m shiny blastoise
[30/04/2013 12:53:42] /m shiny arcanine
[30/04/2013 12:53:46] /r
[30/04/2013 20:24:43] /addskill [GOD]Ticho,lvl,1500
[30/04/2013 20:26:18] /m moltres
[30/04/2013 20:36:27] /t
[30/04/2013 20:37:04] /i 13051
[30/04/2013 20:37:34] /r
[30/04/2013 20:37:39] /r
[11/04/2016 13:46:11] /m shiny electabuzz
[11/04/2016 13:46:52] /m caterpie
[11/04/2016 13:49:04] /reload order.lua
[11/04/2016 14:02:22] /gethouse luiz
[11/04/2016 14:02:37] /gethouse [GOD]Ticho
[11/04/2016 14:05:48] /reload fly.lua
[11/04/2016 14:05:55] /reload all
[11/04/2016 14:59:48] /a
[11/04/2016 14:59:48] /a
[11/04/2016 14:59:48] /a
[11/04/2016 14:59:48] /a
[11/04/2016 14:59:49] /a
[11/04/2016 14:59:55] /a
[11/04/2016 15:00:03] /town 3
[11/04/2016 15:00:17] /town 4
[11/04/2016 15:00:47] /n namer
[11/04/2016 15:04:59] /m big snorlax
[11/04/2016 15:05:03] /m big ursaring
[11/04/2016 15:08:39] /m gyarados
[11/04/2016 15:08:43] /m shiny gyarados
[11/04/2016 15:09:51] /goto machop
[11/04/2016 15:10:46] /t
[11/04/2016 20:12:02] /m golem
[11/04/2016 20:12:51] /m geodude
[11/04/2016 20:16:49] /goto golem
[12/04/2016 09:29:26] /m magikarp
[12/04/2016 09:30:03] /t
[12/04/2016 09:30:22] /a
[12/04/2016 09:30:23] /a
[12/04/2016 09:30:23] /a
[12/04/2016 09:35:11] /i Crystal  stone
[12/04/2016 09:35:15] /i water stone
[12/04/2016 09:35:42] /i Crystal  Stone
[12/04/2016 09:46:53] /t
[12/04/2016 12:21:52] /i shiny stone
[12/04/2016 13:31:14] /i 13075
[12/04/2016 14:04:00] /i 13075
[12/04/2016 14:06:32] /goto golem
[13/04/2016 12:56:28] /t
[13/04/2016 13:08:27] /goto moltrs
[13/04/2016 13:08:33] /goto moltres
[13/04/2016 20:06:05] /t
[13/04/2016 20:06:08] /t
[13/04/2016 20:07:12] /i 2160
[13/04/2016 20:08:50] /i 2160,1
[13/04/2016 20:12:19] /i 2160
[13/04/2016 20:13:00] /i 2160
[13/04/2016 20:14:05] /i 2160
[13/04/2016 20:16:59] /i 2160
[13/04/2016 20:21:31] /i 2160
[13/04/2016 20:22:03] /i 2160
[14/04/2016 08:37:55] /t
[14/04/2016 08:37:56] /t
[14/04/2016 10:56:36] /i 2159
[14/04/2016 10:59:39] /i 2160
[14/04/2016 10:59:41] /i 2159
[14/04/2016 11:00:31] /i 2159
[14/04/2016 11:00:42] /i 2159
[14/04/2016 11:02:12] /i 2159
[14/04/2016 11:02:14] /i 2159
[14/04/2016 11:22:49] /i 2159
[14/04/2016 11:22:52] /i 2159
[14/04/2016 12:03:09] /i 12344
[14/04/2016 12:03:55] /i 2550
[14/04/2016 12:09:23] /i 2159
[14/04/2016 12:09:24] /i 2159
[14/04/2016 12:09:53] /t
[14/04/2016 20:13:00] /i 2159
[14/04/2016 20:16:10] /m lapras
[14/04/2016 20:16:20] /m moltres
[14/04/2016 20:16:37] /m moltres
[14/04/2016 20:16:46] /m articuno
[14/04/2016 20:16:51] /m lapras
[14/04/2016 20:18:24] /reload creatureevent.lua
[15/04/2016 08:42:16] /m abra
[15/04/2016 08:42:56] /r
[15/04/2016 08:43:22] /m abra
[15/04/2016 08:57:38] /m moltres
[15/04/2016 08:57:40] /m abra
[15/04/2016 08:57:44] /m abra
[15/04/2016 08:58:09] /goto abra
[17/04/2016 21:47:05] /t
[17/04/2016 21:52:40] /i 2159
[17/04/2016 21:53:17] /t
[17/04/2016 21:54:30] /m arcanine
[17/04/2016 21:54:32] /m arcanine
[17/04/2016 21:54:34] /m arcanine
[17/04/2016 21:54:38] /m arcanine
[17/04/2016 21:54:57] /m arcanine] 
[17/04/2016 21:54:58] /m arcanine
[17/04/2016 21:54:58] /m arcanine/m arcanine
[17/04/2016 21:55:00] /m arcanine
[17/04/2016 21:55:00] /m arcanine
[17/04/2016 21:55:01] /m arcanine
[17/04/2016 21:55:02] /m arcanine
[17/04/2016 21:55:03] /m arcanine
[17/04/2016 21:55:04] /m arcanine
[17/04/2016 23:51:03] /t
[17/04/2016 23:53:58] /a
[17/04/2016 23:53:59] /a
[17/04/2016 23:54:11] /a
[17/04/2016 23:56:00] /t
[17/04/2016 23:56:08] /m arcanine
[17/04/2016 23:56:11] /i shiny stone
[18/04/2016 00:07:33] /i 2159
[18/04/2016 01:45:45] /goto onix
[18/04/2016 01:46:10] /m steelix
[18/04/2016 01:46:55] /t
[18/04/2016 01:47:30] /a 2
[18/04/2016 01:47:34] /a 2
[18/04/2016 01:48:07] /gethouse [GOD]Ticho
[18/04/2016 01:49:19] /i 2159
[18/04/2016 01:49:22] /i 2159
[18/04/2016 08:11:47] /i 2160,1
[18/04/2016 08:13:15] /i 2160
[18/04/2016 08:13:19] /t
[18/04/2016 09:34:02] /t
                                                                                                                                   [19/04/2016 03:49:22] /zombiestart 1
[19/04/2016 03:52:46] /zombiestart
[19/04/2016 03:52:49] /zombiestart 1
[19/04/2016 03:53:08] /m dragonite
[19/04/2016 03:53:11] /m moltres
[19/04/2016 03:53:13] /m alakazam
[19/04/2016 04:04:16] /zombiestart 1
[19/04/2016 19:19:59] /zombiestart  1
[20/04/2016 18:39:52] /m zombie_event
[20/04/2016 18:39:58] /m dragonite
[20/04/2016 18:43:49] /reload magica.lua
[20/04/2016 18:44:32] /t
[20/04/2016 18:52:38] /m arcanine
[21/04/2016 23:26:31] /goto arcanine
[21/04/2016 23:27:31] /t
[25/04/2016 09:18:51] /t
[25/04/2016 09:31:19] /m arcanine
[25/04/2016 09:31:35] /m snorlax
[25/04/2016 09:31:49] /m shiny snorlax
[25/04/2016 22:36:43] /t
[25/04/2016 22:46:11] /m arcanine
[25/04/2016 22:49:11] /goto venusaur
[26/04/2016 03:06:00] /reload action
[26/04/2016 03:06:23] /i 2159
[26/04/2016 03:09:07] /t
[26/04/2016 03:09:52] /reload action
[29/04/2016 08:16:13] /t
[29/04/2016 08:19:14] /n namer
[29/04/2016 18:01:42] /r
[29/04/2016 18:01:49] /t
[29/04/2016 18:02:50] /r
[29/04/2016 18:02:51] /r
[29/04/2016 18:04:23] /t
[29/04/2016 18:04:37] /town 2
[29/04/2016 18:05:13] /town 1
[20/02/2018 06:55:52] /t
[20/02/2018 07:30:48] /t
[20/02/2018 07:32:56] /i 13075
