[09/10/2021 16:47:57] /t
[09/10/2021 16:51:05] /t
[09/10/2021 16:57:54] /i addon box
[09/10/2021 17:14:51] /t
[09/10/2021 17:15:16] /m agostinho
[09/10/2021 17:17:04] /cliport
[09/10/2021 18:04:52] /goto professor
[09/10/2021 18:04:57] /goto Professor carvalho
[09/10/2021 18:07:59] /t
[09/10/2021 18:08:24] /i fire stone
[09/10/2021 18:08:51] /addskill Hirxzzzinha,lvl,20
[09/10/2021 18:08:55] /addskill Hirxzzzinha,lvl,10
[09/10/2021 18:11:18] /i ultra ball
[09/10/2021 18:11:51] /t
[09/10/2021 18:12:18] /i 2148
[09/10/2021 18:12:24] /i 2152
[09/10/2021 18:13:06] /goto lapras
[09/10/2021 18:15:57] /i 12171
[09/10/2021 18:16:07] /i 11448
[09/10/2021 18:18:14] /t
[09/10/2021 18:18:16] /goto charizard
[09/10/2021 18:18:41] /r
[09/10/2021 18:19:09] /r
[09/10/2021 18:19:46] /r
[09/10/2021 18:19:46] /t
[09/10/2021 18:22:53] /goto charizard
[09/10/2021 18:29:18] /r
[09/10/2021 18:29:37] /r
[09/10/2021 18:30:24] /t
[09/10/2021 19:03:20] /goto Wghostr
[09/10/2021 19:05:27] /goto Wghostr
[09/10/2021 19:05:31] /addskill Wghostr,lvl,70
[09/10/2021 19:21:31] /t
[09/10/2021 19:26:04] /r
[09/10/2021 19:28:39] /goto gengar
[09/10/2021 19:28:44] /t
[09/10/2021 19:28:53] /r
[09/10/2021 19:29:08] /addskill Hirxzzzinha,lvl,30
[09/10/2021 19:29:28] /t
[09/10/2021 19:32:11] /t
[09/10/2021 19:56:37] /goto frosslass
[09/10/2021 20:03:37] /t
[09/10/2021 20:07:30] /t
[09/10/2021 20:10:30] /r
[09/10/2021 21:49:00] /goto professor carvalho
[09/10/2021 21:49:07] /c mochileiro
[09/10/2021 21:50:15] /t
[09/10/2021 21:52:16] /t
[10/10/2021 19:41:02] /t
[10/10/2021 20:25:48] /t
[10/10/2021 20:59:27] /goto professor carvalho
[10/10/2021 20:59:33] /t
[10/10/2021 20:59:41] /goto professor carvalho
[10/10/2021 21:00:15] /c Noobzin
[11/10/2021 09:14:34] /t
[11/10/2021 09:16:03] /addskill Noobzin,lvl,40
[11/10/2021 09:17:38] /addskill Noobzin,lvl,20
[11/10/2021 09:18:29] /addskill Noobzin,lvl,10
[11/10/2021 09:19:02] /addskill Noobzin,lvl,30
[11/10/2021 09:45:49] /goto darkrai
[11/10/2021 09:46:31] /n nurse
[11/10/2021 09:47:24] /r all
[11/10/2021 09:50:25] /goto zorua
[11/10/2021 09:50:30] /goto nurse joy
[11/10/2021 09:50:33] /goto nurse
[11/10/2021 09:50:35] /goto darkrai
[11/10/2021 10:01:36] /addskill Hirxzzzinha,lvl,40
[11/10/2021 10:01:44] /r
[11/10/2021 10:09:54] /m jirachi
[11/10/2021 10:09:57] /r
[11/10/2021 10:10:00] /t
[11/10/2021 10:15:38] /goto bulbasaur
[11/10/2021 10:15:41] /goto squirtle
[11/10/2021 10:15:42] /t
[11/10/2021 10:29:48] /newtype 1111
[11/10/2021 10:29:51] /newtype 72221
[11/10/2021 10:29:53] /newtype 722
[11/10/2021 10:29:55] /newtype 7
[11/10/2021 10:29:57] /newtype 92
[11/10/2021 10:30:05] /newtype 881
[11/10/2021 10:30:09] /newtype 882
[11/10/2021 10:30:12] /newtype 880
[11/10/2021 10:30:14] /newtype 999
[11/10/2021 10:30:18] /newtype 1000
[11/10/2021 10:30:20] /newtype 991
[11/10/2021 10:31:44] /t
[11/10/2021 10:37:29] /i 1151
[11/10/2021 10:37:32] /r
[11/10/2021 10:46:56] /m zorua
[11/10/2021 10:47:09] /r
[11/10/2021 11:21:26] /t
[11/10/2021 11:32:32] /goto darkrai
[11/10/2021 11:36:54] /t
[11/10/2021 11:37:06] /r
[11/10/2021 12:02:20] /i boost stone
[11/10/2021 12:46:35] /t
[11/10/2021 13:35:50] /town agate
[11/10/2021 13:46:54] /owner Hirxzzzinha
[11/10/2021 13:59:59] /r
[11/10/2021 14:05:58] /t
[11/10/2021 14:06:47] /t
[11/10/2021 14:17:17] /m zoroark
[11/10/2021 14:17:27] /r
[11/10/2021 14:18:02] /t
[11/10/2021 14:18:04] /goto moltres
[11/10/2021 14:18:09] /goto articuno
[11/10/2021 14:19:02] /a
[11/10/2021 14:19:03] /a
[11/10/2021 14:20:17] /t
[11/10/2021 14:28:01] /m gloom
[11/10/2021 14:28:15] /m articuno
[11/10/2021 14:32:32] /r
[11/10/2021 14:32:33] /r
[11/10/2021 16:43:52] /m darkrai
[11/10/2021 16:44:47] /m darkrai
[11/10/2021 16:45:24] /m darkrai nightmare
[11/10/2021 16:49:38] /m moltres
[11/10/2021 16:49:49] /r
[11/10/2021 16:53:50] /m moltres
[11/10/2021 16:59:48] /m moltres
[11/10/2021 17:00:19] /r
[11/10/2021 17:01:16] /m zapdos
[11/10/2021 17:02:48] /r
[11/10/2021 17:03:37] /m moltres
[11/10/2021 17:05:29] /r
[11/10/2021 17:05:47] /r
[11/10/2021 17:06:56] /r
[11/10/2021 17:07:39] /i leaf stone
[11/10/2021 17:09:18] /r
[11/10/2021 17:09:18] /r
[11/10/2021 17:11:52] /r
[11/10/2021 17:28:37] /i shiny ston
[11/10/2021 17:28:40] /i shiny stone
[11/10/2021 17:28:46] /i 13088
[11/10/2021 17:28:47] /i 13088
[11/10/2021 17:28:48] /i 13088
[11/10/2021 17:28:49] /i 13088
[11/10/2021 17:28:49] /i 13088
[11/10/2021 17:28:50] /i 13088
[11/10/2021 17:30:34] /i 13088
[11/10/2021 17:30:34] /i 13088
[11/10/2021 17:30:35] /i 13088
[11/10/2021 17:30:35] /i 13088
[11/10/2021 17:30:36] /i 13088
[11/10/2021 17:30:38] /i 13088
[11/10/2021 17:31:42] /i 13088
[11/10/2021 17:31:42] /i 13088
[11/10/2021 17:31:43] /i 13088
[11/10/2021 17:31:43] /i 13088
[11/10/2021 17:32:24] /i 13088
[11/10/2021 17:32:25] /i 13088
[11/10/2021 17:32:25] /i 13088
[11/10/2021 17:32:26] /i 13088
[11/10/2021 17:32:27] /i 13088
[11/10/2021 17:32:27] /i 13088
[11/10/2021 17:32:28] /i 13088
[11/10/2021 17:33:58] /i 13088
[11/10/2021 17:33:59] /i 13088
[11/10/2021 17:33:59] /i 13088
[11/10/2021 17:34:00] /i 13088
[11/10/2021 17:34:40] /i 13088
[11/10/2021 17:34:41] /i 13088
[11/10/2021 17:34:41] /i 13088
[11/10/2021 17:34:42] /i 13088
[11/10/2021 17:34:42] /i 13088
[11/10/2021 17:34:43] /i 13088
[11/10/2021 17:34:43] /i 13088
[11/10/2021 17:35:34] /i 13088
[11/10/2021 17:35:35] /i 13088
[11/10/2021 17:35:36] /i 13088
[11/10/2021 17:35:36] /i 13088
[11/10/2021 17:35:37] /i 13088
[11/10/2021 17:35:37] /i 13088
[11/10/2021 17:35:38] /i 13088
[11/10/2021 17:36:41] /i 10388
[11/10/2021 17:36:47] /i 13088
[11/10/2021 17:36:48] /i 13088
[11/10/2021 17:36:48] /i 13088
[11/10/2021 17:36:49] /i 13088
[11/10/2021 17:36:49] /i 13088
[11/10/2021 17:36:50] /i 13088
[11/10/2021 17:36:50] /i 13088
[11/10/2021 17:55:42] /m sceptile
[11/10/2021 17:55:56] /m sceptile
[11/10/2021 17:55:57] /m sceptile
[11/10/2021 17:55:57] /m sceptile
[11/10/2021 17:55:58] /m sceptile
[11/10/2021 17:55:58] /m sceptile
[11/10/2021 17:55:59] /m sceptile
[11/10/2021 17:55:59] /m sceptile
[11/10/2021 17:56:00] /m sceptile
[11/10/2021 18:21:40] /c wghostr
[11/10/2021 18:21:48] /promote Wghostr
[11/10/2021 18:21:49] /promote Wghostr
[11/10/2021 18:21:50] /promote Wghostr
[11/10/2021 18:21:50] /promote Wghostr
[11/10/2021 18:21:52] /promote Wghostr
[11/10/2021 18:24:00] /goto wghotr
[11/10/2021 18:24:05] /goto Wghostr
[11/10/2021 18:24:10] /promote Wghostr
[11/10/2021 18:24:53] /pos
[11/10/2021 21:32:38] /t
[11/10/2021 21:55:37] /goto tropius
[11/10/2021 21:55:48] /t
[11/10/2021 22:24:01] /goto darkrai
[11/10/2021 22:24:55] /n nurse
[11/10/2021 22:26:09] /t
[11/10/2021 22:26:17] /goto articuno
[12/10/2021 16:32:34] /t
[12/10/2021 17:12:20] /i 4992
[12/10/2021 17:20:31] /i fire stone
[12/10/2021 17:42:02] /m zoroark
[12/10/2021 17:42:16] /r
[12/10/2021 17:42:18] /m zorua
[12/10/2021 17:42:22] /r
[12/10/2021 17:42:49] /n misty
[12/10/2021 17:43:21] /r
[12/10/2021 17:44:07] /r
[12/10/2021 17:53:20] /reload actions
[12/10/2021 17:53:29] /newtype 2518
[12/10/2021 17:54:49] /i 12774
[12/10/2021 17:55:11] /m slaking
[12/10/2021 17:55:15] /m shiny slaking
[12/10/2021 17:56:32] /m shiny chansey
[12/10/2021 17:56:33] /r
[12/10/2021 17:56:35] /r
[12/10/2021 17:56:36] /r
[12/10/2021 17:56:39] /m zorua
[12/10/2021 17:57:00] /m arceus
[12/10/2021 17:59:32] /i 19800
[12/10/2021 17:59:35] /r
[12/10/2021 17:59:36] /r
[12/10/2021 18:03:03] /i 1985
[12/10/2021 18:03:08] /newtype 1985
[12/10/2021 18:03:23] /newtype 1981
[12/10/2021 18:07:04] /t
[12/10/2021 18:07:31] /r
[12/10/2021 18:07:31] /r
[12/10/2021 18:07:32] /r
[12/10/2021 18:34:03] /m shiny probopass
[12/10/2021 18:38:27] /m nurse chansey
[12/10/2021 18:38:31] /n nurse chansey
[12/10/2021 18:38:34] /r
[12/10/2021 18:38:46] /m clefable
[12/10/2021 18:38:52] /r
[12/10/2021 18:39:13] /i 2208
[12/10/2021 18:39:17] /newtype 2208
[12/10/2021 18:48:00] /m bulbasaur
[12/10/2021 18:56:55] /newtype 2646
[12/10/2021 18:57:30] /m tepig
[12/10/2021 18:58:12] /m reuniclus
[12/10/2021 18:58:24] /m snivy
[12/10/2021 18:58:59] /m serperior
[12/10/2021 19:00:06] /m Oshawott
[12/10/2021 19:00:08] /r
[12/10/2021 19:00:16] /m emboar
[12/10/2021 19:00:45] /m Servine
[12/10/2021 19:04:45] /m milotic
[12/10/2021 19:04:50] /m shiny milotic
[12/10/2021 19:04:51] /r
[12/10/2021 19:04:52] /r
[12/10/2021 19:05:29] /m pupitar
[12/10/2021 19:09:03] /m shiny vileplume
[12/10/2021 19:11:32] /m shiny sceptile
[12/10/2021 19:16:46] /m poliwag
[12/10/2021 19:17:39] /m Piplup
[12/10/2021 19:18:15] /m torchic
[12/10/2021 19:19:12] /m mudkip
[12/10/2021 19:19:25] /m Turtwig
[12/10/2021 19:19:57] /m treecko
[12/10/2021 19:20:52] /m chinchar
[12/10/2021 19:20:55] /m chimchar
[12/10/2021 19:21:34] /m charmander
[12/10/2021 19:21:59] /m grovyle
[12/10/2021 19:22:12] /m croconaw
[12/10/2021 19:23:00] /m victini
[12/10/2021 19:23:09] /m lucario
[12/10/2021 19:23:16] /m shiny lucario
[12/10/2021 19:24:25] /m aggron
[12/10/2021 19:24:39] /m mega pidgeot
[12/10/2021 19:25:16] /m beedril
[12/10/2021 19:25:21] /m beedril
[12/10/2021 19:25:43] /goto aggron
[12/10/2021 19:25:45] /m Beedrill [19]
[12/10/2021 19:25:48] /m Beedrill 
[12/10/2021 19:26:53] /m geodude
[12/10/2021 19:27:10] /m dragonite
[12/10/2021 19:27:14] /m shiny dragonite
[12/10/2021 19:27:37] /m hydreigon
[12/10/2021 19:28:12] /m reshiram
[12/10/2021 19:30:00] /newtype 263
[12/10/2021 19:30:09] /newtype 163
[12/10/2021 19:30:21] /newtype 166
[12/10/2021 19:31:52] /newtype 511
[12/10/2021 19:32:00] /newtype 510
[12/10/2021 19:32:38] /newtype 615
[12/10/2021 19:32:45] /newtype 614
[12/10/2021 19:33:04] /newtype 664
[12/10/2021 19:33:26] /newtype 3097
[12/10/2021 19:34:17] /m frosslass
[12/10/2021 19:34:32] /m spiritomb
[12/10/2021 19:35:55] /m sableye
[12/10/2021 19:36:34] /m lopunny
[12/10/2021 19:36:47] /m tropius
[12/10/2021 19:37:54] /m samurott
[12/10/2021 19:38:42] /m squirtle
[12/10/2021 19:39:19] /m tangela
[12/10/2021 19:39:26] /m shiny tangela
[12/10/2021 19:39:56] /m shiny gardevoir
[12/10/2021 19:41:20] /m golbat
[12/10/2021 19:41:22] /m grobat
[12/10/2021 19:42:53] /m shiny milotic
[12/10/2021 19:43:42] /m charmander
[12/10/2021 19:43:52] /m metagross
[12/10/2021 19:44:14] /m shiny metagross
[12/10/2021 19:44:41] /m golurk
[12/10/2021 19:44:58] /m audino
[12/10/2021 19:45:13] /m shiny clefable
[12/10/2021 19:45:23] /m caterpie
[12/10/2021 19:45:59] /m magmar
[12/10/2021 19:46:03] /m shiny magmar
[12/10/2021 19:46:33] /m cobrat
[12/10/2021 19:46:44] /m ampharos
[12/10/2021 19:47:00] /m shiny tropius
[12/10/2021 19:47:12] /m flygon
[12/10/2021 19:48:04] /m shaymin
[12/10/2021 19:48:07] /r
[12/10/2021 19:48:37] /m groudon
[12/10/2021 19:48:44] /m salamence
[12/10/2021 19:48:57] /m infernape
[12/10/2021 19:49:04] /m shiny infernape
[12/10/2021 19:49:11] /m gliscor
[12/10/2021 19:49:25] /m lucario
[12/10/2021 19:49:38] /m drapion
[12/10/2021 19:49:48] /m steelix
[12/10/2021 19:49:56] /m wobbuffet
[12/10/2021 19:51:08] /m shiny venusaur
[12/10/2021 19:51:19] /m shiny beedrill
[12/10/2021 19:51:26] /m pidgeot
[12/10/2021 19:51:28] /a
[12/10/2021 19:51:28] /a
[12/10/2021 19:51:31] /m pidgeot
[12/10/2021 19:51:34] /m shiny pidgeot
[12/10/2021 19:51:50] /m muk
[12/10/2021 19:51:52] /m shiny muk
[12/10/2021 19:52:32] /m giratina
[12/10/2021 19:53:23] /m darkai
[12/10/2021 19:53:24] /m darkrai
[12/10/2021 19:53:47] /m darkrai nightmare
[12/10/2021 19:54:37] /m meloetta
[12/10/2021 19:55:01] /m shiny onix
[12/10/2021 19:55:27] /m cresselia
[12/10/2021 19:55:36] /m glacecuno
[12/10/2021 19:56:15] /m ekans
[12/10/2021 19:56:47] /m ghastly
[12/10/2021 19:57:01] /m Gastly
[12/10/2021 19:57:11] /m dusknoir
[12/10/2021 19:57:37] /m crobat
[12/10/2021 19:58:03] /m Typhlosion
[12/10/2021 19:58:31] /m shiny magikarp
[12/10/2021 20:00:13] /m xatu
[12/10/2021 20:00:38] /m heatran
[12/10/2021 20:00:55] /m thundurus
[12/10/2021 20:00:58] /m thundorus
[12/10/2021 20:01:01] /m thondurus
[12/10/2021 20:01:04] /m landorus
[12/10/2021 20:01:12] /m mewtwo
[12/10/2021 20:01:36] /m shiny charizard
[12/10/2021 20:01:44] /m charizard
[12/10/2021 20:03:04] /m lanturn
[12/10/2021 20:03:26] /m porygon
[12/10/2021 20:04:45] /m scizor
[12/10/2021 20:08:11] /m starmie
[12/10/2021 20:09:52] /m Toxicroak
[12/10/2021 20:10:22] /m eevee
[12/10/2021 20:11:33] /m gardevoir
[12/10/2021 20:13:02] /m herocross
[12/10/2021 20:13:33] /m shiny lapras
[12/10/2021 20:14:47] /m Noctowl
[12/10/2021 20:15:04] /m chandelure
[12/10/2021 20:16:41] /m kyurem
[12/10/2021 20:17:08] /m palkia
[12/10/2021 20:17:10] /r
[12/10/2021 20:18:25] /m Charizard
[12/10/2021 20:19:04] /m gardevoir
[12/10/2021 20:19:06] /r
[12/10/2021 20:19:32] /m zoroark
[12/10/2021 20:19:51] /m bulbasaur
[12/10/2021 20:19:54] /r
[12/10/2021 20:20:02] /m darkrai
[12/10/2021 20:20:23] /m mega lucario
[12/10/2021 20:20:30] /r
[12/10/2021 20:20:50] /r
[12/10/2021 20:20:51] /r
[12/10/2021 20:22:04] /m sceptile
[12/10/2021 20:22:11] /m shiny sceptile
[12/10/2021 20:22:14] /r
[12/10/2021 20:22:51] /m charizard
[12/10/2021 20:22:55] /r
[12/10/2021 20:23:15] /m shiny vileplume
[12/10/2021 20:23:42] /m shiny magikarp
[12/10/2021 20:24:13] /m zorua
[12/10/2021 20:24:19] /r
[12/10/2021 20:24:20] /r
[12/10/2021 20:24:21] /r
[12/10/2021 20:24:42] /m pikachu super
[12/10/2021 20:24:44] /r
[12/10/2021 20:25:17] /m zoroark
[12/10/2021 20:25:20] /m gardevoir
[12/10/2021 20:25:24] /m shiny magikarp
[12/10/2021 20:25:39] /m shiny vileplume
[12/10/2021 20:25:53] /m darkrai
[12/10/2021 20:25:57] /m shiny sceptile
[12/10/2021 20:26:06] /m zorua
[12/10/2021 20:27:59] /m giratina
[12/10/2021 20:29:12] /m shiny tropius
[12/10/2021 20:29:48] /m charizard
[12/10/2021 21:04:57] /m slyveon
[12/10/2021 21:05:14] /m garchomp
[12/10/2021 21:05:34] /i garchomp addon
[12/10/2021 21:08:51] /m haxorus
[12/10/2021 21:10:34] /m arceus
[12/10/2021 21:10:58] /m riolu
[12/10/2021 21:11:14] /m chikorita
[12/10/2021 21:11:46] /m totodile
[12/10/2021 21:12:19] /m snorlax
[12/10/2021 21:13:30] /m starmie
[12/10/2021 21:46:55] /m swampert
[12/10/2021 21:57:42] /m pinsir
[12/10/2021 21:58:04] /m marowak
[12/10/2021 21:58:14] /m mega unown
[12/10/2021 21:58:38] /m tepig
[12/10/2021 22:00:22] /m aipom
[12/10/2021 22:00:32] /m gliscor
[12/10/2021 22:00:52] /m shiny gliscor
[12/10/2021 22:02:45] /newtype 604
[12/10/2021 22:05:21] /m shiny Tyranitar
[12/10/2021 22:05:24] /m Tyranitar
[12/10/2021 22:05:41] /m Tangrowth
[12/10/2021 22:05:45] /m shiny Tangrowth
[12/10/2021 22:07:22] /m latios
[12/10/2021 22:08:54] /m magikarp
[12/10/2021 22:09:30] /m meganium
[12/10/2021 22:09:50] /m milotic
[12/10/2021 22:10:53] /m mudkip
[12/10/2021 22:11:12] /m magmortar
[12/10/2021 22:11:28] /m kyogre
[12/10/2021 22:11:35] /m cradily
[12/10/2021 22:11:54] /m regice
[12/10/2021 22:12:07] /m infernape
[12/10/2021 22:13:26] /m shiny oddish
[12/10/2021 22:14:41] /t
[12/10/2021 22:16:16] /m charmander
[12/10/2021 22:17:13] /m vileplume
[12/10/2021 22:17:44] /m chansey
[12/10/2021 22:22:41] /m gardevoir
[12/10/2021 22:23:18] /m garchomp
[12/10/2021 22:23:31] /newtype 2392
[12/10/2021 22:24:49] /m toxigroak
[12/10/2021 22:27:57] /m toxicroak
[12/10/2021 22:28:02] /r
[12/10/2021 22:28:30] /r
[12/10/2021 22:28:34] /m toxicroak
[12/10/2021 22:28:37] /m garchomp
[12/10/2021 22:30:34] /m cobalion
[12/10/2021 22:31:22] /m slowpoke
[12/10/2021 22:31:52] /m corsola
[12/10/2021 22:33:08] /m starmie
[12/10/2021 22:33:13] /r
[12/10/2021 22:33:15] /r
[13/10/2021 09:24:15] /goto regice
[13/10/2021 09:24:41] /goto regice
[13/10/2021 09:26:59] /goto registeel
[13/10/2021 09:27:27] /reload cds
[13/10/2021 10:30:52] /goto loren
[13/10/2021 10:31:23] /i 2152
[13/10/2021 10:32:19] /goto remembrace
[13/10/2021 10:32:31] /t
[13/10/2021 11:33:04] /t
[13/10/2021 11:41:41] /r
[13/10/2021 11:41:41] /r
[13/10/2021 11:43:50] /t
[13/10/2021 11:45:02] /m lapras
