[01/05/2016 13:26:45] /i revive
[01/05/2016 13:27:16] /t
[01/05/2016 13:28:12] /reload action
[01/05/2016 13:29:35] /reload actION
[01/05/2016 13:29:47] /b revive arrumado !
[02/05/2016 16:56:30] /n torneio
[02/05/2016 16:56:35] /r
[02/05/2016 16:56:42] /r
[02/05/2016 16:56:44] /r
[02/05/2016 16:56:53] /kick the bast
[02/05/2016 16:56:56] /kick the best
[02/05/2016 16:57:08] /r
[02/05/2016 16:57:10] /r all
[02/05/2016 16:57:38] /goto charizard
[02/05/2016 16:57:54] /t
[02/05/2016 16:58:04] /r
[02/05/2016 16:58:38] /a
[02/05/2016 16:58:41] /goto clefaiy
[02/05/2016 16:58:49] /goto Cleffa
[02/05/2016 16:58:53] /goto Onix
[02/05/2016 16:58:58] /m steelix
[02/05/2016 16:59:03] /m shiny steelix
[02/05/2016 16:59:06] /m shiny gloom
[02/05/2016 16:59:28] /i fire stone
[02/05/2016 16:59:37] /t
[02/05/2016 17:00:02] /addskill Kevick, Leve, 100
[02/05/2016 17:00:06] /addskill Kevick, Level, 100
[02/05/2016 17:00:12] /addskill Kevick, Level, 1
[02/05/2016 17:00:18] /addskill Kevick, lvel, 100
[02/05/2016 17:01:04] /i revive
[02/05/2016 17:01:15] /goto charizard
[02/05/2016 17:01:35] /newtype 75
[02/05/2016 17:01:42] /t
[02/05/2016 17:01:46] /goto charizard
[02/05/2016 17:01:56] /t
[02/05/2016 17:02:40] /i shiny stone
[02/05/2016 17:02:53] /r
[02/05/2016 17:09:25] /goto charizard
[02/05/2016 17:09:33] /t
[02/05/2016 17:10:01] /save
[02/05/2016 17:10:09] /addskill zoro,levl,5
[02/05/2016 17:10:20] /save
[02/05/2016 17:10:28] /reload creturescript
[02/05/2016 17:10:32] /reload creturescript
[02/05/2016 17:10:50] /reload creaturescripts
[02/05/2016 17:13:43] /r
[02/05/2016 17:13:53] /n torneio
[02/05/2016 17:14:35] /newtype 75
[02/05/2016 17:14:36] /save
[02/05/2016 17:17:06] /m rattata
[02/05/2016 17:17:17] /m ivysaur
[02/05/2016 17:17:24] /i fire stone
[02/05/2016 17:17:43] /addskill Kevick, levl, 10
[02/05/2016 17:17:43] /addskill Kevick, levl, 10
[02/05/2016 17:17:44] /addskill Kevick, levl, 10
[02/05/2016 17:17:45] /addskill Kevick, levl, 10
[02/05/2016 17:20:48] /t
[02/05/2016 17:21:18] /closeserver
[02/05/2016 17:26:56] /r
