[13/08/2019 18:06:03] /t
[25/08/2019 15:19:08] /reload all
[27/08/2019 00:17:12] /reload 150 -functions.lua
[27/08/2019 00:17:18] /reload lib
[27/08/2019 00:17:20] /reload all
[08/09/2019 21:51:34] /t
[09/09/2019 00:34:53] /t
[09/09/2019 14:29:19] /b fodase
[09/09/2019 14:30:39] /b minha vida é foda
[09/09/2019 14:33:16] /b minha vida
[09/09/2019 14:44:40] /b c
[09/09/2019 14:46:07] /b xx
[09/09/2019 15:24:14] /clean
[09/09/2019 15:33:05] /b PXU FOREVER
[09/09/2019 18:37:53] /b charizard
[11/09/2019 18:00:14] /i 13236
[11/09/2019 18:13:12] /i 13236
[11/09/2019 18:14:00] /i 13236
[11/09/2019 18:15:55] /r
[11/09/2019 18:15:59] /clean
[11/09/2019 18:16:15] /owner Nobody owns
[11/09/2019 18:16:33] /owner . , Nobody owns
[11/09/2019 18:16:47] /owner . , Nobody owns
[11/09/2019 18:17:00] /r
[11/09/2019 18:17:03] /r 500
[11/09/2019 18:17:06] /r 500
[11/09/2019 18:17:07] /r 500
[11/09/2019 18:17:07] /r 500
[11/09/2019 18:17:08] /r 500
[11/09/2019 22:46:48] /t
[12/09/2019 22:07:32] /b PXU FOREVER
[12/09/2019 22:13:02] /bc foda-se
[12/09/2019 22:13:06] /bc ou fica assim
[12/09/2019 22:13:41] /b PxU FOREVER
[12/09/2019 22:18:25] /i 2159
[12/09/2019 22:18:44] /i 2160
[12/09/2019 22:23:37] /i 12344
[12/09/2019 22:42:26] /m moltres
[12/09/2019 22:44:28] /b minha pica
[12/09/2019 22:44:36] /b foda
[12/09/2019 22:44:49] /r
[12/09/2019 22:48:22] /b minha pica
[12/09/2019 22:51:17] /i ultra ball
[12/09/2019 22:51:35] /t
[12/09/2019 22:56:15] /m moltres
[12/09/2019 23:02:53] /r
[12/09/2019 23:03:36] /t
[12/09/2019 23:04:50] /m moltres
[12/09/2019 23:05:05] /r
[12/09/2019 23:05:50] /t
