[30/04/2016 17:23:52] /r 99
[30/04/2016 17:23:53] /r
[30/04/2016 17:23:55] /r
[30/04/2016 17:23:55] /r
[30/04/2016 17:23:55] /r
[30/04/2016 17:23:56] /r
[30/04/2016 17:23:56] /r
[30/04/2016 17:23:56] /r
[30/04/2016 17:23:57] /r
[30/04/2016 17:23:57] /r
[30/04/2016 17:23:57] /r
[30/04/2016 17:28:03] /t
[30/04/2016 17:34:22] /town 1
[30/04/2016 17:35:54] /goto misty owne
[30/04/2016 17:45:20] /goto rullexzin
[30/04/2016 19:47:59] /t
[30/04/2016 19:55:22] /t
[30/04/2016 19:55:54] /i 2160
[30/04/2016 19:56:53] /goto clefable
[30/04/2016 19:57:23] /t
[30/04/2016 20:00:56] /goto clefable
[30/04/2016 20:01:04] /c rullexzin
[30/04/2016 20:01:05] /r
[30/04/2016 20:01:41] /c readfield
[30/04/2016 20:02:02] /t readfield
[30/04/2016 20:02:20] /t rullexzin
[30/04/2016 20:02:22] /t
[30/04/2016 20:02:36] /a 2
[30/04/2016 20:05:08] /i heart stone
[30/04/2016 20:06:29] /i shiny stone
[30/04/2016 20:06:52] /m rattata
[30/04/2016 20:08:35] /t
[30/04/2016 21:31:22] /t
[30/04/2016 21:32:21] /i ultra ball
[30/04/2016 21:39:01] /i leaf stone
[30/04/2016 21:40:21] /i ultra potion
[30/04/2016 21:43:19] /t fury
[30/04/2016 21:43:20] /t
[30/04/2016 21:47:46] /t
[30/04/2016 21:48:24] /mc
[30/04/2016 21:55:33] /goto jhin
[30/04/2016 21:57:58] /goto darkoslord
[30/04/2016 21:58:54] /goto jhin
[30/04/2016 21:59:29] /c darkoslord
[30/04/2016 22:00:34] /goto rullexzin
[30/04/2016 22:00:45] /t
[30/04/2016 22:04:50] /goto darkslord
[30/04/2016 22:05:51] /goto jhin
[30/04/2016 22:06:01] /n nurse
[30/04/2016 22:06:15] /r
[30/04/2016 22:06:42] /t
[30/04/2016 22:06:55] /goto darkoslord
[30/04/2016 22:07:37] /t
[30/04/2016 22:07:42] /goto jhin
[30/04/2016 22:10:26] /c rullexzin
[30/04/2016 22:10:48] /t rullexzin
[30/04/2016 22:10:54] /t fury
[30/04/2016 22:10:55] /t
[30/04/2016 22:13:52] /r
[30/04/2016 22:13:56] /n chansey
[30/04/2016 22:14:02] /n nurse chansey
[30/04/2016 22:14:07] /goto jhin
[30/04/2016 22:14:20] /i revive
[30/04/2016 22:15:18] /n nurse
[30/04/2016 22:15:24] /r
[30/04/2016 22:15:30] /t jhin
[30/04/2016 22:15:31] /t
[30/04/2016 22:15:59] /r
[30/04/2016 22:17:44] /i venon
[30/04/2016 22:17:49] /i venon stone
[30/04/2016 22:17:58] /i venom stone
[30/04/2016 22:19:43] /c darkoslord
[30/04/2016 22:21:17] /t fury
[30/04/2016 22:21:20] /t
[30/04/2016 22:24:41] /goto rullexzin
[30/04/2016 22:25:53] /t
[30/04/2016 22:26:49] /goto readfield
[30/04/2016 22:27:45] /goto darkoslord
[30/04/2016 22:29:03] /t
[30/04/2016 22:29:08] /ghost
[30/04/2016 22:32:53] /goto jhin
[30/04/2016 22:33:10] /ghost
[30/04/2016 22:33:40] /m seaking
[30/04/2016 22:36:36] /goto jhin
[30/04/2016 22:38:07] /t
[30/04/2016 22:40:13] /i red bag
[30/04/2016 22:40:17] /c darkoslord
[30/04/2016 22:42:37] /r
[30/04/2016 22:42:53] /i red pokebag
[30/04/2016 22:44:19] /town 2
[30/04/2016 22:44:55] /i ice cube
[30/04/2016 22:45:01] /t
[30/04/2016 22:45:41] /goto jhin
[30/04/2016 22:46:16] /r
[30/04/2016 22:46:56] /t
[30/04/2016 22:47:05] /goto the bait
[30/04/2016 22:47:49] /goto jhin
[30/04/2016 22:48:40] /t
[30/04/2016 22:50:12] /i fire stone
[30/04/2016 22:57:01] /t trabson
[30/04/2016 22:57:05] /t furt
[30/04/2016 22:57:09] /t fury
[30/04/2016 22:57:12] /t jhin
[30/04/2016 22:57:14] /t
[30/04/2016 23:08:41] /goto readfield
[30/04/2016 23:08:45] /mc
[30/04/2016 23:09:28] /t
[30/04/2016 23:09:32] /goto trabson
[30/04/2016 23:10:54] /t
[30/04/2016 23:13:14] /goto trabson
[30/04/2016 23:15:33] /goto trabson
[30/04/2016 23:16:07] /goto jhin
[30/04/2016 23:17:14] /t jhin
[30/04/2016 23:17:16] /t
[30/04/2016 23:19:27] /goto shiny onix
[30/04/2016 23:20:30] /b 01:45 Congratulations, you caught a (Shiny Onix)!
[30/04/2016 23:20:34] /goto trabson
[30/04/2016 23:21:24] /b 01:45 Congratulations, you caught a (Shiny Onix)!
[30/04/2016 23:21:52] /town 2
[30/04/2016 23:21:56] /b trabson
[30/04/2016 23:22:02] /c trabson
[30/04/2016 23:23:31] /b gz 4 vençedores da loteria
[30/04/2016 23:23:48] /goto trabson
[30/04/2016 23:24:09] /goto the bait
[30/04/2016 23:24:14] /goto trabson
[30/04/2016 23:25:04] /t trabson
[30/04/2016 23:25:05] /t
[01/05/2016 00:07:01] /goto jhin
[01/05/2016 00:07:12] /goto fury
[01/05/2016 00:08:47] /t
[01/05/2016 00:09:32] /c king
[01/05/2016 00:09:46] /goto fury
[01/05/2016 00:11:44] /t fury
[01/05/2016 00:11:45] /t
[01/05/2016 00:14:50] /goto shiny jxny
[01/05/2016 00:14:56] /goto jynx
[01/05/2016 00:15:06] /c fury
[01/05/2016 00:15:46] /t fury
[01/05/2016 00:15:47] /t
[01/05/2016 00:16:30] /c fury
[01/05/2016 00:18:39] /t
[01/05/2016 14:33:52] /ghost
[01/05/2016 15:03:25] /clean
[01/05/2016 15:13:12] /c rullexzin
[01/05/2016 15:14:34] /i 2160
[01/05/2016 15:14:45] /i shiny onix
[01/05/2016 15:15:44] /t
[01/05/2016 15:22:31] /goto shiny snorlax
[01/05/2016 16:00:43] /t
[01/05/2016 16:02:33] /a
[01/05/2016 16:02:33] /a
[01/05/2016 16:02:34] /a
[01/05/2016 16:02:34] /a
[01/05/2016 16:02:35] /a
[01/05/2016 16:28:19] /goto regice
[01/05/2016 16:29:02] /b quer tal sistema de torneio?
[01/05/2016 16:29:36] /i boost stone
[01/05/2016 16:41:16] /t
[01/05/2016 16:41:19] /t
[01/05/2016 16:55:52] /goto regice
[01/05/2016 16:57:05] /t
[01/05/2016 16:58:05] /i shiny stone
[01/05/2016 16:58:20] /addskill Luiz Machado,lvl,100
[01/05/2016 17:00:40] /clean
[01/05/2016 17:02:44] /goto the bait
[01/05/2016 17:03:02] /t
[01/05/2016 17:04:10] /c the bait
[01/05/2016 17:09:31] /i 2160
[01/05/2016 17:09:39] /r
[01/05/2016 17:09:40] /r
[01/05/2016 17:10:02] /i boost stone
[01/05/2016 17:16:40] /b sistema torneio 150+ será adicionador hoje mesmo
[01/05/2016 17:50:54] /goto lcss
[01/05/2016 18:07:27] /t
[01/05/2016 18:09:00] /town 2
[01/05/2016 18:09:04] /c the bait
[01/05/2016 18:09:19] /r
[01/05/2016 18:09:23] /r
[01/05/2016 18:09:25] /r
[01/05/2016 18:09:28] /r
[01/05/2016 18:11:55] /goto clefable
[01/05/2016 18:15:47] /t
[01/05/2016 18:26:44] /ghost
[01/05/2016 18:27:23] /m articuno]
[01/05/2016 18:27:27] /m articuno
[01/05/2016 18:28:49] /r
[01/05/2016 18:28:56] /m entei
[01/05/2016 18:29:56] /r
[01/05/2016 18:30:15] /m celebi
[01/05/2016 18:30:52] /r
[01/05/2016 18:33:18] /m articuno,50
[01/05/2016 18:33:31] /b kskskksksks
[01/05/2016 18:34:14] /r
[01/05/2016 18:34:16] /t
[01/05/2016 18:34:52] /m big ursaring
[01/05/2016 18:34:56] /m ursaring
[01/05/2016 18:36:51] /c the bait
[01/05/2016 18:39:39] /c kingsize
[01/05/2016 18:52:25] /clean
[01/05/2016 18:53:21] /mc
[01/05/2016 19:33:25] /kick asuna yuuki
[01/05/2016 20:27:30] /c the bait
[01/05/2016 20:33:36] /town 5
[01/05/2016 20:33:42] /c the bait
[01/05/2016 20:34:06] /b teleport consertado
[01/05/2016 20:35:02] /goto poderoso castiga
[01/05/2016 20:40:14] /goto poderoso castiga
[01/05/2016 20:40:22] /a 2
[01/05/2016 20:46:00] /t
[01/05/2016 20:48:31] /c kim5
[01/05/2016 20:49:18] /i boost stone
[01/05/2016 20:55:02] /i revive
[01/05/2016 22:18:34] /goto rullexin
[01/05/2016 22:18:40] /goto rullexzin
[01/05/2016 22:21:08] /i ultra ball
[01/05/2016 22:21:26] /t rullexzin
[01/05/2016 22:21:28] /t
[01/05/2016 22:21:49] /i fire stone
[01/05/2016 22:24:27] /i hearth stone
[01/05/2016 22:24:34] /i earth stone
[01/05/2016 22:25:00] /goto chansey
[01/05/2016 22:25:08] /m chansey
[01/05/2016 22:37:29] /i water stone
[02/05/2016 10:32:00] /t
[02/05/2016 10:33:24] /town 2
[02/05/2016 10:38:00] /c lendy
[02/05/2016 10:38:24] /town 13,lendy
[02/05/2016 10:38:28] /town 13
[02/05/2016 10:39:26] /t lendy
[02/05/2016 10:39:28] /t
[02/05/2016 10:49:27] /goto pablo scobar
[02/05/2016 11:01:32] /goto the bait
[02/05/2016 11:01:56] /t the bait
[02/05/2016 11:01:57] /t
[02/05/2016 11:03:45] /kick the bait
[02/05/2016 11:03:54] /kick lendy
[02/05/2016 11:29:21] /clean
[02/05/2016 13:29:39] /goto the bait
[02/05/2016 13:29:51] /t the bait
[02/05/2016 13:29:52] /t
[02/05/2016 13:30:28] /goto the bait
[02/05/2016 13:32:25] /t
[02/05/2016 13:38:20] /m gyarados
[02/05/2016 13:38:34] /r
[02/05/2016 13:38:36] /r
[02/05/2016 13:38:40] /m magikarp
[02/05/2016 13:45:10] /m fearow
[02/05/2016 13:47:48] /m magikarp
[02/05/2016 13:50:18] /c kingsize
[02/05/2016 13:51:34] /t
[02/05/2016 14:06:27] /i venon stone
[02/05/2016 14:06:32] /i venom stone
[02/05/2016 14:13:45] /t
[02/05/2016 14:13:52] /goto the bait
[02/05/2016 14:14:39] /goto the bait
[02/05/2016 14:16:17] /town 2,the bait
[02/05/2016 14:16:19] /town 2
[02/05/2016 14:16:59] /goto the bait
[02/05/2016 14:17:01] /r
[02/05/2016 14:17:12] /r
[02/05/2016 14:19:12] /t thhe bait
[02/05/2016 14:19:15] /t the bait
[02/05/2016 14:19:16] /t
[02/05/2016 14:19:56] /c the bait
[02/05/2016 14:20:56] /t the bait
[02/05/2016 14:20:57] /t
[02/05/2016 14:21:37] /goto jesus faz backup
[02/05/2016 14:21:49] /goto jeus fai backup
[02/05/2016 14:28:23] /t the bait
[02/05/2016 14:28:24] /t
[02/05/2016 14:38:47] /clean
[02/05/2016 16:20:17] /goto the bait
[02/05/2016 16:21:26] /t
[02/05/2016 16:21:43] /n torneio
[02/05/2016 16:25:21] /n torneio
[02/05/2016 16:26:32] /c the bait
[02/05/2016 16:34:12] /c zoro
[02/05/2016 16:34:23] /t
[02/05/2016 16:36:52] /i boost stone
[02/05/2016 16:39:29] /goto muk
[02/05/2016 16:39:32] /t
[02/05/2016 16:41:24] /c zoro
[02/05/2016 16:41:33] /c the bait
[02/05/2016 16:41:37] /c monstro
[02/05/2016 16:43:07] /t the bait
[02/05/2016 16:43:12] /t monstro
[02/05/2016 16:43:14] /t zoro
[02/05/2016 16:43:15] /t
[02/05/2016 16:56:54] /t
[02/05/2016 16:57:15] /r numero...
[02/05/2016 17:00:50] /goto kevick
[02/05/2016 17:01:21] /c kevick
[02/05/2016 17:07:36] /n torneio
[02/05/2016 17:12:11] /goto kevick
[02/05/2016 17:12:52] /n torneio
[02/05/2016 17:13:16] /m fearow
[02/05/2016 17:13:24] /r
[02/05/2016 17:15:59] /goto kevick
[02/05/2016 17:20:54] /r
[02/05/2016 17:20:54] /r
[02/05/2016 17:20:55] /r
[02/05/2016 17:20:55] /r
[02/05/2016 17:20:57] /r
[02/05/2016 17:20:58] /r
[02/05/2016 17:21:00] /r
[02/05/2016 17:21:01] /r
[02/05/2016 17:21:03] /r
[02/05/2016 17:21:06] /r
[02/05/2016 17:21:08] /r
[02/05/2016 17:21:12] /r
