[10/08/2020 21:51:56] /addskill pokemon trainer sample,lvl,1000
[10/08/2020 21:51:57] /addskill pokemon trainer sample,lvl,1000
[10/08/2020 22:11:46] /addskill pokemon trainer sample,lvl,100
[10/08/2020 22:11:47] /addskill pokemon trainer sample,lvl,100
[10/08/2020 22:19:31] /addskill pokemon trainer sample,lvl,1000
[10/08/2020 22:21:49] /i 2160
[10/08/2020 22:22:50] /addskill pokemon trainer sample,lvl,250
[10/08/2020 22:44:12] /addskill pokemon trainer sample,lvl,55555
[10/08/2020 22:45:38] /addskill pokemon trainer sample,lvl,1000000000000000
[10/08/2020 22:45:40] /addskill pokemon trainer sample,lvl,10000000000
[10/08/2020 22:46:01] /i bike
[10/08/2020 22:46:18] /i addon box
[10/08/2020 22:50:56] /goto alakazam
[10/08/2020 22:51:06] /t
[10/08/2020 22:51:23] /addskill gengar,lvl,10
[10/08/2020 22:52:20] /addskill pokemon trainer sample,lvl,20000
[10/08/2020 22:52:22] /addskill pokemon trainer sample,lvl,20000
[10/08/2020 22:52:43] /goto alakazam
[10/08/2020 22:53:00] /t
[10/08/2020 22:56:54] /addskill pokemon trainer sample,lvl,10000000000
[10/08/2020 22:57:18] /goto alakazam
[10/08/2020 22:57:28] /t
[11/08/2020 15:14:59] /i addon box
[11/08/2020 15:15:00] /i addon box
[11/08/2020 15:15:00] /i addon box
[11/08/2020 15:15:01] /i addon box
[11/08/2020 15:15:01] /i addon box
[11/08/2020 15:15:02] /i addon box
[11/08/2020 15:15:02] /i addon box
[11/08/2020 15:59:14] /m pikachu
[11/08/2020 16:01:29] /m caterpie
[11/08/2020 16:18:49] /m caterpie
[11/08/2020 16:20:05] /t
[11/08/2020 16:26:03] /m caterpie
[11/08/2020 16:30:24] /m caterpie
[11/08/2020 18:38:13] /m caterpie
[11/08/2020 18:40:04] /t
[11/08/2020 20:25:21] /m charizard
[11/08/2020 20:32:11] /addskill pokemon trainer sample,lvl,10000
