[24/08/2025 08:05:32] /m rattata
[24/08/2025 08:06:46] /m rattata
[24/08/2025 08:07:41] /m snorlax
[24/08/2025 08:08:21] /r
[24/08/2025 08:10:12] /m rattata
[24/08/2025 08:10:32] /m snorlax
[24/08/2025 08:10:53] /r
[24/08/2025 08:13:00] /m rattata
[24/08/2025 08:13:16] /m snorlax
[24/08/2025 08:13:49] /bc hitmonlee
[24/08/2025 08:14:27] /bc Hitmonlee
[24/08/2025 08:14:35] /cb Hitmonlee
[24/08/2025 08:15:24] /addskill tungs,level,50
[24/08/2025 08:15:26] /addskill tungs,level,50
[24/08/2025 08:15:44] /r
[24/08/2025 08:16:54] /m snorlax
[24/08/2025 08:20:24] /cb charmander
[24/08/2025 08:29:10] /cb charmander
[24/08/2025 08:59:09] /reload config
[24/08/2025 08:59:33] /reload config
[24/08/2025 09:12:29] /reload talkactions
[24/08/2025 09:14:19] /reload talkactions
[24/08/2025 09:19:04] /reload talkactions
[24/08/2025 09:22:14] /reload talkactions
[24/08/2025 09:28:48] /reload talkactions
[24/08/2025 09:32:58] /reload talkactions
[24/08/2025 09:34:17] /reload talkactions
[24/08/2025 09:46:11] /reload talkactions
[24/08/2025 09:46:26] /attr iv 31
[24/08/2025 09:46:37] /attr iv 31
[24/08/2025 09:47:17] /attr iv 31
[24/08/2025 09:47:18] /attr iv 31
[24/08/2025 09:47:18] /attr iv 31
[24/08/2025 09:47:18] /attr iv 31
[24/08/2025 09:47:18] /attr iv 31
[24/08/2025 09:47:18] /attr iv 31
[24/08/2025 09:47:19] /attr iv 31
[24/08/2025 09:47:20] /attr iv 31
[24/08/2025 09:47:20] /attr iv 31
[24/08/2025 09:47:20] /attr iv 31
[24/08/2025 09:47:20] /attr iv 31
[24/08/2025 09:47:20] /attr iv 31
[24/08/2025 09:47:21] /attr iv 31
[24/08/2025 09:47:21] /attr iv 31
[24/08/2025 09:47:21] /attr iv 31
[24/08/2025 09:47:22] /attr iv 31
[24/08/2025 09:50:43] /cb charmander
[24/08/2025 09:50:47] /t
[24/08/2025 09:51:21] /reload talkactions
[24/08/2025 09:53:03] /reload talkactions
[24/08/2025 09:53:37] /reload talkactions
[24/08/2025 10:13:11] /reload talkactions
[24/08/2025 10:14:54] /reload talkactions
[24/08/2025 10:17:04] /reload talkactions
[24/08/2025 10:19:53] /reload talkactions
[24/08/2025 10:21:01] /reload talkactions
[27/08/2025 09:10:35] /i 405
[27/08/2025 09:12:41] /poss 422, 1087, 7
[27/08/2025 09:13:20] /poss 437, 1081, 7
[27/08/2025 09:14:32] /poss 437, 1081, 7
[27/08/2025 09:14:54] /poss 417, 1088, 7
[27/08/2025 09:15:23] /a 2
[27/08/2025 09:18:04] /r
[27/08/2025 09:18:07] /r
[27/08/2025 09:18:09] /a
[27/08/2025 09:18:12] /a
[27/08/2025 09:18:19] /r
[27/08/2025 09:18:26] /a 2
[27/08/2025 10:46:28] /i 12412
[27/08/2025 10:46:34] /i 12412
[27/08/2025 10:46:38] /i 12412
[27/08/2025 10:46:40] /i 12412
[27/08/2025 11:04:54] /poss 686, 1526, 11
[27/08/2025 11:07:53] /town cinnabar
[27/08/2025 12:28:56] /i 2160
[27/08/2025 12:30:36] /t
[27/08/2025 12:39:49] /town cinnabar
[27/08/2025 12:40:56] /cb abra
[27/08/2025 12:41:00] /t
[27/08/2025 12:41:57] /addpremium
[27/08/2025 12:42:03] /addpremium Tungs,5
[27/08/2025 12:46:21] /reload talkactions
[27/08/2025 12:53:21] /reload talkactions
[27/08/2025 12:54:19] /reload talkactions
[27/08/2025 13:03:32] /c Pokemon
[27/08/2025 13:03:35] /c Pokemon
[27/08/2025 13:13:26] /t saffron, pokemon
[27/08/2025 13:13:43] /town saffron, pokemon
[27/08/2025 13:13:59] /town cinnabar, pokemon
[27/08/2025 13:14:06] /town saffron, pokemon
[27/08/2025 13:24:19] /t
[27/08/2025 13:24:56] /i 24880
[27/08/2025 13:25:06] /i 24880
[27/08/2025 13:25:07] /i 24880
[27/08/2025 13:25:28] /m rattata
[27/08/2025 13:33:21] /m rattata
[27/08/2025 13:33:22] /m rattata
[27/08/2025 13:33:23] /m rattata
[27/08/2025 13:37:37] /reload spells
[27/08/2025 13:39:08] /reload spells
[27/08/2025 13:39:37] /m rattata
[27/08/2025 13:40:22] /i 24880
[27/08/2025 13:41:43] /reload monsters
[27/08/2025 13:42:03] /reload spells
[27/08/2025 13:42:11] /reload spells
[27/08/2025 13:42:59] /reload monsters
[27/08/2025 13:43:48] /r
[27/08/2025 13:44:40] /r
[27/08/2025 13:45:18] /m rattatas
[27/08/2025 13:45:20] /m rattata
[27/08/2025 13:45:57] /reload monsters
[27/08/2025 13:46:33] /reload monsters
[27/08/2025 13:56:15] /reload monsters
